[{"pid": 2,"name":"process_name","ph":"M","args": {"name":"main"}},
{"pid": 2,"tid": 3,"name":"thread_name","ph":"M","args": {"name":"t1"}},
{"pid": 2,"cat":"","tid": 3,"ts": 2.00,"name":"hello 1 2","ph":"I"},
{"pid":2,"tid":3,"ts":3.00,"name":"c","ph":"C","args": {"n":1.000000}},
{"pid": 2,"cat":"","tid": 3,"dur": 3.00,"ts": 1.00,"name":"inner.loop","ph":"X"},
{"pid": 2,"cat":"","tid": 3,"ts": 6.00,"name":"hello 1 3","ph":"I"},
{"pid":2,"tid":3,"ts":7.00,"name":"c","ph":"C","args": {"n":2.000000}},
{"pid": 2,"cat":"","tid": 3,"dur": 3.00,"ts": 5.00,"name":"inner.loop","ph":"X"},
{"pid": 2,"cat":"","tid": 3,"ts": 10.00,"name":"hello 1 4","ph":"I"},
{"pid":2,"tid":3,"ts":11.00,"name":"c","ph":"C","args": {"n":3.000000}},
{"pid": 2,"cat":"","tid": 3,"dur": 3.00,"ts": 9.00,"name":"inner.loop","ph":"X"},
{"pid": 2,"cat":"","tid": 3,"ts": 14.00,"name":"hello 1 5","ph":"I"},
{"pid":2,"tid":3,"ts":15.00,"name":"c","ph":"C","args": {"n":4.000000}},
{"pid": 2,"cat":"","tid": 3,"dur": 3.00,"ts": 13.00,"name":"inner.loop","ph":"X"},
{"pid": 2,"cat":"","tid": 3,"dur": 17.00,"ts": 0.00,"name":"outer.loop","ph":"X"},
{"pid": 2,"cat":"","tid": 3,"ts": 20.00,"name":"hello 2 2","ph":"I"},
{"pid":2,"tid":3,"ts":21.00,"name":"c","ph":"C","args": {"n":5.000000}},
{"pid": 2,"cat":"","tid": 3,"dur": 3.00,"ts": 19.00,"name":"inner.loop","ph":"X"},
{"pid": 2,"cat":"","tid": 3,"ts": 24.00,"name":"hello 2 3","ph":"I"},
{"pid":2,"tid":3,"ts":25.00,"name":"c","ph":"C","args": {"n":6.000000}},
{"pid": 2,"cat":"","tid": 3,"dur": 3.00,"ts": 23.00,"name":"inner.loop","ph":"X"},
{"pid": 2,"cat":"","tid": 3,"ts": 28.00,"name":"hello 2 4","ph":"I"},
{"pid":2,"tid":3,"ts":29.00,"name":"c","ph":"C","args": {"n":7.000000}},
{"pid": 2,"cat":"","tid": 3,"dur": 3.00,"ts": 27.00,"name":"inner.loop","ph":"X"},
{"pid": 2,"cat":"","tid": 3,"ts": 32.00,"name":"hello 2 5","ph":"I"},
{"pid":2,"tid":3,"ts":33.00,"name":"c","ph":"C","args": {"n":8.000000}},
{"pid": 2,"cat":"","tid": 3,"dur": 3.00,"ts": 31.00,"name":"inner.loop","ph":"X"},
{"pid": 2,"cat":"","tid": 3,"dur": 17.00,"ts": 18.00,"name":"outer.loop","ph":"X"},
{"pid": 2,"cat":"","tid": 3,"ts": 38.00,"name":"hello 3 2","ph":"I"},
{"pid":2,"tid":3,"ts":39.00,"name":"c","ph":"C","args": {"n":9.000000}},
{"pid": 2,"cat":"","tid": 3,"dur": 3.00,"ts": 37.00,"name":"inner.loop","ph":"X"},
{"pid": 2,"cat":"","tid": 3,"ts": 42.00,"name":"hello 3 3","ph":"I"},
{"pid":2,"tid":3,"ts":43.00,"name":"c","ph":"C","args": {"n":10.000000}},
{"pid": 2,"cat":"","tid": 3,"dur": 3.00,"ts": 41.00,"name":"inner.loop","ph":"X"},
{"pid": 2,"cat":"","tid": 3,"ts": 46.00,"name":"hello 3 4","ph":"I"},
{"pid":2,"tid":3,"ts":47.00,"name":"c","ph":"C","args": {"n":11.000000}},
{"pid": 2,"cat":"","tid": 3,"dur": 3.00,"ts": 45.00,"name":"inner.loop","ph":"X"},
{"pid": 2,"cat":"","tid": 3,"ts": 50.00,"name":"hello 3 5","ph":"I"},
{"pid":2,"tid":3,"ts":51.00,"name":"c","ph":"C","args": {"n":12.000000}},
{"pid": 2,"cat":"","tid": 3,"dur": 3.00,"ts": 49.00,"name":"inner.loop","ph":"X"},
{"pid": 2,"cat":"","tid": 3,"dur": 17.00,"ts": 36.00,"name":"outer.loop","ph":"X"},
{"pid": 2,"cat":"","tid": 3,"ts": 56.00,"name":"hello 4 2","ph":"I"},
{"pid":2,"tid":3,"ts":57.00,"name":"c","ph":"C","args": {"n":13.000000}},
{"pid": 2,"cat":"","tid": 3,"dur": 3.00,"ts": 55.00,"name":"inner.loop","ph":"X"},
{"pid": 2,"cat":"","tid": 3,"ts": 60.00,"name":"hello 4 3","ph":"I"},
{"pid":2,"tid":3,"ts":61.00,"name":"c","ph":"C","args": {"n":14.000000}},
{"pid": 2,"cat":"","tid": 3,"dur": 3.00,"ts": 59.00,"name":"inner.loop","ph":"X"},
{"pid": 2,"cat":"","tid": 3,"ts": 64.00,"name":"hello 4 4","ph":"I"},
{"pid":2,"tid":3,"ts":65.00,"name":"c","ph":"C","args": {"n":15.000000}},
{"pid": 2,"cat":"","tid": 3,"dur": 3.00,"ts": 63.00,"name":"inner.loop","ph":"X"},
{"pid": 2,"cat":"","tid": 3,"ts": 68.00,"name":"hello 4 5","ph":"I"},
{"pid":2,"tid":3,"ts":69.00,"name":"c","ph":"C","args": {"n":16.000000}},
{"pid": 2,"cat":"","tid": 3,"dur": 3.00,"ts": 67.00,"name":"inner.loop","ph":"X"},
{"pid": 2,"cat":"","tid": 3,"dur": 17.00,"ts": 54.00,"name":"outer.loop","ph":"X"},
{"pid": 2,"cat":"","tid": 3,"ts": 74.00,"name":"hello 5 2","ph":"I"},
{"pid":2,"tid":3,"ts":75.00,"name":"c","ph":"C","args": {"n":17.000000}},
{"pid": 2,"cat":"","tid": 3,"dur": 3.00,"ts": 73.00,"name":"inner.loop","ph":"X"},
{"pid": 2,"cat":"","tid": 3,"ts": 78.00,"name":"hello 5 3","ph":"I"},
{"pid":2,"tid":3,"ts":79.00,"name":"c","ph":"C","args": {"n":18.000000}},
{"pid": 2,"cat":"","tid": 3,"dur": 3.00,"ts": 77.00,"name":"inner.loop","ph":"X"},
{"pid": 2,"cat":"","tid": 3,"ts": 82.00,"name":"hello 5 4","ph":"I"},
{"pid":2,"tid":3,"ts":83.00,"name":"c","ph":"C","args": {"n":19.000000}},
{"pid": 2,"cat":"","tid": 3,"dur": 3.00,"ts": 81.00,"name":"inner.loop","ph":"X"},
{"pid": 2,"cat":"","tid": 3,"ts": 86.00,"name":"hello 5 5","ph":"I"},
{"pid":2,"tid":3,"ts":87.00,"name":"c","ph":"C","args": {"n":20.000000}},
{"pid": 2,"cat":"","tid": 3,"dur": 3.00,"ts": 85.00,"name":"inner.loop","ph":"X"},
{"pid": 2,"cat":"","tid": 3,"dur": 17.00,"ts": 72.00,"name":"outer.loop","ph":"X"},
{"pid": 2,"cat":"","tid": 3,"ts": 92.00,"name":"hello 6 2","ph":"I"},
{"pid":2,"tid":3,"ts":93.00,"name":"c","ph":"C","args": {"n":21.000000}},
{"pid": 2,"cat":"","tid": 3,"dur": 3.00,"ts": 91.00,"name":"inner.loop","ph":"X"},
{"pid": 2,"cat":"","tid": 3,"ts": 96.00,"name":"hello 6 3","ph":"I"},
{"pid":2,"tid":3,"ts":97.00,"name":"c","ph":"C","args": {"n":22.000000}},
{"pid": 2,"cat":"","tid": 3,"dur": 3.00,"ts": 95.00,"name":"inner.loop","ph":"X"},
{"pid": 2,"cat":"","tid": 3,"ts": 100.00,"name":"hello 6 4","ph":"I"},
{"pid":2,"tid":3,"ts":101.00,"name":"c","ph":"C","args": {"n":23.000000}},
{"pid": 2,"cat":"","tid": 3,"dur": 3.00,"ts": 99.00,"name":"inner.loop","ph":"X"},
{"pid": 2,"cat":"","tid": 3,"ts": 104.00,"name":"hello 6 5","ph":"I"},
{"pid":2,"tid":3,"ts":105.00,"name":"c","ph":"C","args": {"n":24.000000}},
{"pid": 2,"cat":"","tid": 3,"dur": 3.00,"ts": 103.00,"name":"inner.loop","ph":"X"},
{"pid": 2,"cat":"","tid": 3,"dur": 17.00,"ts": 90.00,"name":"outer.loop","ph":"X"},
{"pid": 2,"cat":"","tid": 3,"ts": 110.00,"name":"hello 7 2","ph":"I"},
{"pid":2,"tid":3,"ts":111.00,"name":"c","ph":"C","args": {"n":25.000000}},
{"pid": 2,"cat":"","tid": 3,"dur": 3.00,"ts": 109.00,"name":"inner.loop","ph":"X"},
{"pid": 2,"cat":"","tid": 3,"ts": 114.00,"name":"hello 7 3","ph":"I"},
{"pid":2,"tid":3,"ts":115.00,"name":"c","ph":"C","args": {"n":26.000000}},
{"pid": 2,"cat":"","tid": 3,"dur": 3.00,"ts": 113.00,"name":"inner.loop","ph":"X"},
{"pid": 2,"cat":"","tid": 3,"ts": 118.00,"name":"hello 7 4","ph":"I"},
{"pid":2,"tid":3,"ts":119.00,"name":"c","ph":"C","args": {"n":27.000000}},
{"pid": 2,"cat":"","tid": 3,"dur": 3.00,"ts": 117.00,"name":"inner.loop","ph":"X"},
{"pid": 2,"cat":"","tid": 3,"ts": 122.00,"name":"hello 7 5","ph":"I"},
{"pid":2,"tid":3,"ts":123.00,"name":"c","ph":"C","args": {"n":28.000000}},
{"pid": 2,"cat":"","tid": 3,"dur": 3.00,"ts": 121.00,"name":"inner.loop","ph":"X"},
{"pid": 2,"cat":"","tid": 3,"dur": 17.00,"ts": 108.00,"name":"outer.loop","ph":"X"},
{"pid": 2,"cat":"","tid": 3,"ts": 128.00,"name":"hello 8 2","ph":"I"},
{"pid":2,"tid":3,"ts":129.00,"name":"c","ph":"C","args": {"n":29.000000}},
{"pid": 2,"cat":"","tid": 3,"dur": 3.00,"ts": 127.00,"name":"inner.loop","ph":"X"},
{"pid": 2,"cat":"","tid": 3,"ts": 132.00,"name":"hello 8 3","ph":"I"},
{"pid":2,"tid":3,"ts":133.00,"name":"c","ph":"C","args": {"n":30.000000}},
{"pid": 2,"cat":"","tid": 3,"dur": 3.00,"ts": 131.00,"name":"inner.loop","ph":"X"},
{"pid": 2,"cat":"","tid": 3,"ts": 136.00,"name":"hello 8 4","ph":"I"},
{"pid":2,"tid":3,"ts":137.00,"name":"c","ph":"C","args": {"n":31.000000}},
{"pid": 2,"cat":"","tid": 3,"dur": 3.00,"ts": 135.00,"name":"inner.loop","ph":"X"},
{"pid": 2,"cat":"","tid": 3,"ts": 140.00,"name":"hello 8 5","ph":"I"},
{"pid":2,"tid":3,"ts":141.00,"name":"c","ph":"C","args": {"n":32.000000}},
{"pid": 2,"cat":"","tid": 3,"dur": 3.00,"ts": 139.00,"name":"inner.loop","ph":"X"},
{"pid": 2,"cat":"","tid": 3,"dur": 17.00,"ts": 126.00,"name":"outer.loop","ph":"X"},
{"pid": 2,"cat":"","tid": 3,"ts": 146.00,"name":"hello 9 2","ph":"I"},
{"pid":2,"tid":3,"ts":147.00,"name":"c","ph":"C","args": {"n":33.000000}},
{"pid": 2,"cat":"","tid": 3,"dur": 3.00,"ts": 145.00,"name":"inner.loop","ph":"X"},
{"pid": 2,"cat":"","tid": 3,"ts": 150.00,"name":"hello 9 3","ph":"I"},
{"pid":2,"tid":3,"ts":151.00,"name":"c","ph":"C","args": {"n":34.000000}},
{"pid": 2,"cat":"","tid": 3,"dur": 3.00,"ts": 149.00,"name":"inner.loop","ph":"X"},
{"pid": 2,"cat":"","tid": 3,"ts": 154.00,"name":"hello 9 4","ph":"I"},
{"pid":2,"tid":3,"ts":155.00,"name":"c","ph":"C","args": {"n":35.000000}},
{"pid": 2,"cat":"","tid": 3,"dur": 3.00,"ts": 153.00,"name":"inner.loop","ph":"X"},
{"pid": 2,"cat":"","tid": 3,"ts": 158.00,"name":"hello 9 5","ph":"I"},
{"pid":2,"tid":3,"ts":159.00,"name":"c","ph":"C","args": {"n":36.000000}},
{"pid": 2,"cat":"","tid": 3,"dur": 3.00,"ts": 157.00,"name":"inner.loop","ph":"X"},
{"pid": 2,"cat":"","tid": 3,"dur": 17.00,"ts": 144.00,"name":"outer.loop","ph":"X"},
{"pid": 2,"cat":"","tid": 3,"ts": 164.00,"name":"hello 10 2","ph":"I"},
{"pid":2,"tid":3,"ts":165.00,"name":"c","ph":"C","args": {"n":37.000000}},
{"pid": 2,"cat":"","tid": 3,"dur": 3.00,"ts": 163.00,"name":"inner.loop","ph":"X"},
{"pid": 2,"cat":"","tid": 3,"ts": 168.00,"name":"hello 10 3","ph":"I"},
{"pid":2,"tid":3,"ts":169.00,"name":"c","ph":"C","args": {"n":38.000000}},
{"pid": 2,"cat":"","tid": 3,"dur": 3.00,"ts": 167.00,"name":"inner.loop","ph":"X"},
{"pid": 2,"cat":"","tid": 3,"ts": 172.00,"name":"hello 10 4","ph":"I"},
{"pid":2,"tid":3,"ts":173.00,"name":"c","ph":"C","args": {"n":39.000000}},
{"pid": 2,"cat":"","tid": 3,"dur": 3.00,"ts": 171.00,"name":"inner.loop","ph":"X"},
{"pid": 2,"cat":"","tid": 3,"ts": 176.00,"name":"hello 10 5","ph":"I"},
{"pid":2,"tid":3,"ts":177.00,"name":"c","ph":"C","args": {"n":40.000000}},
{"pid": 2,"cat":"","tid": 3,"dur": 3.00,"ts": 175.00,"name":"inner.loop","ph":"X"},
{"pid": 2,"cat":"","tid": 3,"dur": 17.00,"ts": 162.00,"name":"outer.loop","ph":"X"},
{"pid": 2,"cat":"","tid": 3,"ts": 182.00,"name":"hello 11 2","ph":"I"},
{"pid":2,"tid":3,"ts":183.00,"name":"c","ph":"C","args": {"n":41.000000}},
{"pid": 2,"cat":"","tid": 3,"dur": 3.00,"ts": 181.00,"name":"inner.loop","ph":"X"},
{"pid": 2,"cat":"","tid": 3,"ts": 186.00,"name":"hello 11 3","ph":"I"},
{"pid":2,"tid":3,"ts":187.00,"name":"c","ph":"C","args": {"n":42.000000}},
{"pid": 2,"cat":"","tid": 3,"dur": 3.00,"ts": 185.00,"name":"inner.loop","ph":"X"},
{"pid": 2,"cat":"","tid": 3,"ts": 190.00,"name":"hello 11 4","ph":"I"},
{"pid":2,"tid":3,"ts":191.00,"name":"c","ph":"C","args": {"n":43.000000}},
{"pid": 2,"cat":"","tid": 3,"dur": 3.00,"ts": 189.00,"name":"inner.loop","ph":"X"},
{"pid": 2,"cat":"","tid": 3,"ts": 194.00,"name":"hello 11 5","ph":"I"},
{"pid":2,"tid":3,"ts":195.00,"name":"c","ph":"C","args": {"n":44.000000}},
{"pid": 2,"cat":"","tid": 3,"dur": 3.00,"ts": 193.00,"name":"inner.loop","ph":"X"},
{"pid": 2,"cat":"","tid": 3,"dur": 17.00,"ts": 180.00,"name":"outer.loop","ph":"X"},
{"pid": 2,"cat":"","tid": 3,"ts": 200.00,"name":"hello 12 2","ph":"I"},
{"pid":2,"tid":3,"ts":201.00,"name":"c","ph":"C","args": {"n":45.000000}},
{"pid": 2,"cat":"","tid": 3,"dur": 3.00,"ts": 199.00,"name":"inner.loop","ph":"X"},
{"pid": 2,"cat":"","tid": 3,"ts": 204.00,"name":"hello 12 3","ph":"I"},
{"pid":2,"tid":3,"ts":205.00,"name":"c","ph":"C","args": {"n":46.000000}},
{"pid": 2,"cat":"","tid": 3,"dur": 3.00,"ts": 203.00,"name":"inner.loop","ph":"X"},
{"pid": 2,"cat":"","tid": 3,"ts": 208.00,"name":"hello 12 4","ph":"I"},
{"pid":2,"tid":3,"ts":209.00,"name":"c","ph":"C","args": {"n":47.000000}},
{"pid": 2,"cat":"","tid": 3,"dur": 3.00,"ts": 207.00,"name":"inner.loop","ph":"X"},
{"pid": 2,"cat":"","tid": 3,"ts": 212.00,"name":"hello 12 5","ph":"I"},
{"pid":2,"tid":3,"ts":213.00,"name":"c","ph":"C","args": {"n":48.000000}},
{"pid": 2,"cat":"","tid": 3,"dur": 3.00,"ts": 211.00,"name":"inner.loop","ph":"X"},
{"pid": 2,"cat":"","tid": 3,"dur": 17.00,"ts": 198.00,"name":"outer.loop","ph":"X"},
{"pid": 2,"cat":"","tid": 3,"ts": 218.00,"name":"hello 13 2","ph":"I"},
{"pid":2,"tid":3,"ts":219.00,"name":"c","ph":"C","args": {"n":49.000000}},
{"pid": 2,"cat":"","tid": 3,"dur": 3.00,"ts": 217.00,"name":"inner.loop","ph":"X"},
{"pid": 2,"cat":"","tid": 3,"ts": 222.00,"name":"hello 13 3","ph":"I"},
{"pid":2,"tid":3,"ts":223.00,"name":"c","ph":"C","args": {"n":50.000000}},
{"pid": 2,"cat":"","tid": 3,"dur": 3.00,"ts": 221.00,"name":"inner.loop","ph":"X"},
{"pid": 2,"cat":"","tid": 3,"ts": 226.00,"name":"hello 13 4","ph":"I"},
{"pid":2,"tid":3,"ts":227.00,"name":"c","ph":"C","args": {"n":51.000000}},
{"pid": 2,"cat":"","tid": 3,"dur": 3.00,"ts": 225.00,"name":"inner.loop","ph":"X"},
{"pid": 2,"cat":"","tid": 3,"ts": 230.00,"name":"hello 13 5","ph":"I"},
{"pid":2,"tid":3,"ts":231.00,"name":"c","ph":"C","args": {"n":52.000000}},
{"pid": 2,"cat":"","tid": 3,"dur": 3.00,"ts": 229.00,"name":"inner.loop","ph":"X"},
{"pid": 2,"cat":"","tid": 3,"dur": 17.00,"ts": 216.00,"name":"outer.loop","ph":"X"},
{"pid": 2,"cat":"","tid": 3,"ts": 236.00,"name":"hello 14 2","ph":"I"},
{"pid":2,"tid":3,"ts":237.00,"name":"c","ph":"C","args": {"n":53.000000}},
{"pid": 2,"cat":"","tid": 3,"dur": 3.00,"ts": 235.00,"name":"inner.loop","ph":"X"},
{"pid": 2,"cat":"","tid": 3,"ts": 240.00,"name":"hello 14 3","ph":"I"},
{"pid":2,"tid":3,"ts":241.00,"name":"c","ph":"C","args": {"n":54.000000}},
{"pid": 2,"cat":"","tid": 3,"dur": 3.00,"ts": 239.00,"name":"inner.loop","ph":"X"},
{"pid": 2,"cat":"","tid": 3,"ts": 244.00,"name":"hello 14 4","ph":"I"},
{"pid":2,"tid":3,"ts":245.00,"name":"c","ph":"C","args": {"n":55.000000}},
{"pid": 2,"cat":"","tid": 3,"dur": 3.00,"ts": 243.00,"name":"inner.loop","ph":"X"},
{"pid": 2,"cat":"","tid": 3,"ts": 248.00,"name":"hello 14 5","ph":"I"},
{"pid":2,"tid":3,"ts":249.00,"name":"c","ph":"C","args": {"n":56.000000}},
{"pid": 2,"cat":"","tid": 3,"dur": 3.00,"ts": 247.00,"name":"inner.loop","ph":"X"},
{"pid": 2,"cat":"","tid": 3,"dur": 17.00,"ts": 234.00,"name":"outer.loop","ph":"X"},
{"pid": 2,"cat":"","tid": 3,"ts": 254.00,"name":"hello 15 2","ph":"I"},
{"pid":2,"tid":3,"ts":255.00,"name":"c","ph":"C","args": {"n":57.000000}},
{"pid": 2,"cat":"","tid": 3,"dur": 3.00,"ts": 253.00,"name":"inner.loop","ph":"X"},
{"pid": 2,"cat":"","tid": 3,"ts": 258.00,"name":"hello 15 3","ph":"I"},
{"pid":2,"tid":3,"ts":259.00,"name":"c","ph":"C","args": {"n":58.000000}},
{"pid": 2,"cat":"","tid": 3,"dur": 3.00,"ts": 257.00,"name":"inner.loop","ph":"X"},
{"pid": 2,"cat":"","tid": 3,"ts": 262.00,"name":"hello 15 4","ph":"I"},
{"pid":2,"tid":3,"ts":263.00,"name":"c","ph":"C","args": {"n":59.000000}},
{"pid": 2,"cat":"","tid": 3,"dur": 3.00,"ts": 261.00,"name":"inner.loop","ph":"X"},
{"pid": 2,"cat":"","tid": 3,"ts": 266.00,"name":"hello 15 5","ph":"I"},
{"pid":2,"tid":3,"ts":267.00,"name":"c","ph":"C","args": {"n":60.000000}},
{"pid": 2,"cat":"","tid": 3,"dur": 3.00,"ts": 265.00,"name":"inner.loop","ph":"X"},
{"pid": 2,"cat":"","tid": 3,"dur": 17.00,"ts": 252.00,"name":"outer.loop","ph":"X"},
{"pid": 2,"cat":"","tid": 3,"ts": 272.00,"name":"hello 16 2","ph":"I"},
{"pid":2,"tid":3,"ts":273.00,"name":"c","ph":"C","args": {"n":61.000000}},
{"pid": 2,"cat":"","tid": 3,"dur": 3.00,"ts": 271.00,"name":"inner.loop","ph":"X"},
{"pid": 2,"cat":"","tid": 3,"ts": 276.00,"name":"hello 16 3","ph":"I"},
{"pid":2,"tid":3,"ts":277.00,"name":"c","ph":"C","args": {"n":62.000000}},
{"pid": 2,"cat":"","tid": 3,"dur": 3.00,"ts": 275.00,"name":"inner.loop","ph":"X"},
{"pid": 2,"cat":"","tid": 3,"ts": 280.00,"name":"hello 16 4","ph":"I"},
{"pid":2,"tid":3,"ts":281.00,"name":"c","ph":"C","args": {"n":63.000000}},
{"pid": 2,"cat":"","tid": 3,"dur": 3.00,"ts": 279.00,"name":"inner.loop","ph":"X"},
{"pid": 2,"cat":"","tid": 3,"ts": 284.00,"name":"hello 16 5","ph":"I"},
{"pid":2,"tid":3,"ts":285.00,"name":"c","ph":"C","args": {"n":64.000000}},
{"pid": 2,"cat":"","tid": 3,"dur": 3.00,"ts": 283.00,"name":"inner.loop","ph":"X"},
{"pid": 2,"cat":"","tid": 3,"dur": 17.00,"ts": 270.00,"name":"outer.loop","ph":"X"},
{"pid": 2,"cat":"","tid": 3,"ts": 290.00,"name":"hello 17 2","ph":"I"},
{"pid":2,"tid":3,"ts":291.00,"name":"c","ph":"C","args": {"n":65.000000}},
{"pid": 2,"cat":"","tid": 3,"dur": 3.00,"ts": 289.00,"name":"inner.loop","ph":"X"},
{"pid": 2,"cat":"","tid": 3,"ts": 294.00,"name":"hello 17 3","ph":"I"},
{"pid":2,"tid":3,"ts":295.00,"name":"c","ph":"C","args": {"n":66.000000}},
{"pid": 2,"cat":"","tid": 3,"dur": 3.00,"ts": 293.00,"name":"inner.loop","ph":"X"},
{"pid": 2,"cat":"","tid": 3,"ts": 298.00,"name":"hello 17 4","ph":"I"},
{"pid":2,"tid":3,"ts":299.00,"name":"c","ph":"C","args": {"n":67.000000}},
{"pid": 2,"cat":"","tid": 3,"dur": 3.00,"ts": 297.00,"name":"inner.loop","ph":"X"},
{"pid": 2,"cat":"","tid": 3,"ts": 302.00,"name":"hello 17 5","ph":"I"},
{"pid":2,"tid":3,"ts":303.00,"name":"c","ph":"C","args": {"n":68.000000}},
{"pid": 2,"cat":"","tid": 3,"dur": 3.00,"ts": 301.00,"name":"inner.loop","ph":"X"},
{"pid": 2,"cat":"","tid": 3,"dur": 17.00,"ts": 288.00,"name":"outer.loop","ph":"X"},
{"pid": 2,"cat":"","tid": 3,"ts": 308.00,"name":"hello 18 2","ph":"I"},
{"pid":2,"tid":3,"ts":309.00,"name":"c","ph":"C","args": {"n":69.000000}},
{"pid": 2,"cat":"","tid": 3,"dur": 3.00,"ts": 307.00,"name":"inner.loop","ph":"X"},
{"pid": 2,"cat":"","tid": 3,"ts": 312.00,"name":"hello 18 3","ph":"I"},
{"pid":2,"tid":3,"ts":313.00,"name":"c","ph":"C","args": {"n":70.000000}},
{"pid": 2,"cat":"","tid": 3,"dur": 3.00,"ts": 311.00,"name":"inner.loop","ph":"X"},
{"pid": 2,"cat":"","tid": 3,"ts": 316.00,"name":"hello 18 4","ph":"I"},
{"pid":2,"tid":3,"ts":317.00,"name":"c","ph":"C","args": {"n":71.000000}},
{"pid": 2,"cat":"","tid": 3,"dur": 3.00,"ts": 315.00,"name":"inner.loop","ph":"X"},
{"pid": 2,"cat":"","tid": 3,"ts": 320.00,"name":"hello 18 5","ph":"I"},
{"pid":2,"tid":3,"ts":321.00,"name":"c","ph":"C","args": {"n":72.000000}},
{"pid": 2,"cat":"","tid": 3,"dur": 3.00,"ts": 319.00,"name":"inner.loop","ph":"X"},
{"pid": 2,"cat":"","tid": 3,"dur": 17.00,"ts": 306.00,"name":"outer.loop","ph":"X"},
{"pid": 2,"cat":"","tid": 3,"ts": 326.00,"name":"hello 19 2","ph":"I"},
{"pid":2,"tid":3,"ts":327.00,"name":"c","ph":"C","args": {"n":73.000000}},
{"pid": 2,"cat":"","tid": 3,"dur": 3.00,"ts": 325.00,"name":"inner.loop","ph":"X"},
{"pid": 2,"cat":"","tid": 3,"ts": 330.00,"name":"hello 19 3","ph":"I"},
{"pid":2,"tid":3,"ts":331.00,"name":"c","ph":"C","args": {"n":74.000000}},
{"pid": 2,"cat":"","tid": 3,"dur": 3.00,"ts": 329.00,"name":"inner.loop","ph":"X"},
{"pid": 2,"cat":"","tid": 3,"ts": 334.00,"name":"hello 19 4","ph":"I"},
{"pid":2,"tid":3,"ts":335.00,"name":"c","ph":"C","args": {"n":75.000000}},
{"pid": 2,"cat":"","tid": 3,"dur": 3.00,"ts": 333.00,"name":"inner.loop","ph":"X"},
{"pid": 2,"cat":"","tid": 3,"ts": 338.00,"name":"hello 19 5","ph":"I"},
{"pid":2,"tid":3,"ts":339.00,"name":"c","ph":"C","args": {"n":76.000000}},
{"pid": 2,"cat":"","tid": 3,"dur": 3.00,"ts": 337.00,"name":"inner.loop","ph":"X"},
{"pid": 2,"cat":"","tid": 3,"dur": 17.00,"ts": 324.00,"name":"outer.loop","ph":"X"},
{"pid": 2,"cat":"","tid": 3,"ts": 344.00,"name":"hello 20 2","ph":"I"},
{"pid":2,"tid":3,"ts":345.00,"name":"c","ph":"C","args": {"n":77.000000}},
{"pid": 2,"cat":"","tid": 3,"dur": 3.00,"ts": 343.00,"name":"inner.loop","ph":"X"},
{"pid": 2,"cat":"","tid": 3,"ts": 348.00,"name":"hello 20 3","ph":"I"},
{"pid":2,"tid":3,"ts":349.00,"name":"c","ph":"C","args": {"n":78.000000}},
{"pid": 2,"cat":"","tid": 3,"dur": 3.00,"ts": 347.00,"name":"inner.loop","ph":"X"},
{"pid": 2,"cat":"","tid": 3,"ts": 352.00,"name":"hello 20 4","ph":"I"},
{"pid":2,"tid":3,"ts":353.00,"name":"c","ph":"C","args": {"n":79.000000}},
{"pid": 2,"cat":"","tid": 3,"dur": 3.00,"ts": 351.00,"name":"inner.loop","ph":"X"},
{"pid": 2,"cat":"","tid": 3,"ts": 356.00,"name":"hello 20 5","ph":"I"},
{"pid":2,"tid":3,"ts":357.00,"name":"c","ph":"C","args": {"n":80.000000}},
{"pid": 2,"cat":"","tid": 3,"dur": 3.00,"ts": 355.00,"name":"inner.loop","ph":"X"},
{"pid": 2,"cat":"","tid": 3,"dur": 17.00,"ts": 342.00,"name":"outer.loop","ph":"X"},
{"pid": 2,"cat":"","tid": 3,"ts": 362.00,"name":"hello 21 2","ph":"I"},
{"pid":2,"tid":3,"ts":363.00,"name":"c","ph":"C","args": {"n":81.000000}},
{"pid": 2,"cat":"","tid": 3,"dur": 3.00,"ts": 361.00,"name":"inner.loop","ph":"X"},
{"pid": 2,"cat":"","tid": 3,"ts": 366.00,"name":"hello 21 3","ph":"I"},
{"pid":2,"tid":3,"ts":367.00,"name":"c","ph":"C","args": {"n":82.000000}},
{"pid": 2,"cat":"","tid": 3,"dur": 3.00,"ts": 365.00,"name":"inner.loop","ph":"X"},
{"pid": 2,"cat":"","tid": 3,"ts": 370.00,"name":"hello 21 4","ph":"I"},
{"pid":2,"tid":3,"ts":371.00,"name":"c","ph":"C","args": {"n":83.000000}},
{"pid": 2,"cat":"","tid": 3,"dur": 3.00,"ts": 369.00,"name":"inner.loop","ph":"X"},
{"pid": 2,"cat":"","tid": 3,"ts": 374.00,"name":"hello 21 5","ph":"I"},
{"pid":2,"tid":3,"ts":375.00,"name":"c","ph":"C","args": {"n":84.000000}},
{"pid": 2,"cat":"","tid": 3,"dur": 3.00,"ts": 373.00,"name":"inner.loop","ph":"X"},
{"pid": 2,"cat":"","tid": 3,"dur": 17.00,"ts": 360.00,"name":"outer.loop","ph":"X"},
{"pid": 2,"cat":"","tid": 3,"ts": 380.00,"name":"hello 22 2","ph":"I"},
{"pid":2,"tid":3,"ts":381.00,"name":"c","ph":"C","args": {"n":85.000000}},
{"pid": 2,"cat":"","tid": 3,"dur": 3.00,"ts": 379.00,"name":"inner.loop","ph":"X"},
{"pid": 2,"cat":"","tid": 3,"ts": 384.00,"name":"hello 22 3","ph":"I"},
{"pid":2,"tid":3,"ts":385.00,"name":"c","ph":"C","args": {"n":86.000000}},
{"pid": 2,"cat":"","tid": 3,"dur": 3.00,"ts": 383.00,"name":"inner.loop","ph":"X"},
{"pid": 2,"cat":"","tid": 3,"ts": 388.00,"name":"hello 22 4","ph":"I"},
{"pid":2,"tid":3,"ts":389.00,"name":"c","ph":"C","args": {"n":87.000000}},
{"pid": 2,"cat":"","tid": 3,"dur": 3.00,"ts": 387.00,"name":"inner.loop","ph":"X"},
{"pid": 2,"cat":"","tid": 3,"ts": 392.00,"name":"hello 22 5","ph":"I"},
{"pid":2,"tid":3,"ts":393.00,"name":"c","ph":"C","args": {"n":88.000000}},
{"pid": 2,"cat":"","tid": 3,"dur": 3.00,"ts": 391.00,"name":"inner.loop","ph":"X"},
{"pid": 2,"cat":"","tid": 3,"dur": 17.00,"ts": 378.00,"name":"outer.loop","ph":"X"},
{"pid": 2,"cat":"","tid": 3,"ts": 398.00,"name":"hello 23 2","ph":"I"},
{"pid":2,"tid":3,"ts":399.00,"name":"c","ph":"C","args": {"n":89.000000}},
{"pid": 2,"cat":"","tid": 3,"dur": 3.00,"ts": 397.00,"name":"inner.loop","ph":"X"},
{"pid": 2,"cat":"","tid": 3,"ts": 402.00,"name":"hello 23 3","ph":"I"},
{"pid":2,"tid":3,"ts":403.00,"name":"c","ph":"C","args": {"n":90.000000}},
{"pid": 2,"cat":"","tid": 3,"dur": 3.00,"ts": 401.00,"name":"inner.loop","ph":"X"},
{"pid": 2,"cat":"","tid": 3,"ts": 406.00,"name":"hello 23 4","ph":"I"},
{"pid":2,"tid":3,"ts":407.00,"name":"c","ph":"C","args": {"n":91.000000}},
{"pid": 2,"cat":"","tid": 3,"dur": 3.00,"ts": 405.00,"name":"inner.loop","ph":"X"},
{"pid": 2,"cat":"","tid": 3,"ts": 410.00,"name":"hello 23 5","ph":"I"},
{"pid":2,"tid":3,"ts":411.00,"name":"c","ph":"C","args": {"n":92.000000}},
{"pid": 2,"cat":"","tid": 3,"dur": 3.00,"ts": 409.00,"name":"inner.loop","ph":"X"},
{"pid": 2,"cat":"","tid": 3,"dur": 17.00,"ts": 396.00,"name":"outer.loop","ph":"X"},
{"pid": 2,"cat":"","tid": 3,"ts": 416.00,"name":"hello 24 2","ph":"I"},
{"pid":2,"tid":3,"ts":417.00,"name":"c","ph":"C","args": {"n":93.000000}},
{"pid": 2,"cat":"","tid": 3,"dur": 3.00,"ts": 415.00,"name":"inner.loop","ph":"X"},
{"pid": 2,"cat":"","tid": 3,"ts": 420.00,"name":"hello 24 3","ph":"I"},
{"pid":2,"tid":3,"ts":421.00,"name":"c","ph":"C","args": {"n":94.000000}},
{"pid": 2,"cat":"","tid": 3,"dur": 3.00,"ts": 419.00,"name":"inner.loop","ph":"X"},
{"pid": 2,"cat":"","tid": 3,"ts": 424.00,"name":"hello 24 4","ph":"I"},
{"pid":2,"tid":3,"ts":425.00,"name":"c","ph":"C","args": {"n":95.000000}},
{"pid": 2,"cat":"","tid": 3,"dur": 3.00,"ts": 423.00,"name":"inner.loop","ph":"X"},
{"pid": 2,"cat":"","tid": 3,"ts": 428.00,"name":"hello 24 5","ph":"I"},
{"pid":2,"tid":3,"ts":429.00,"name":"c","ph":"C","args": {"n":96.000000}},
{"pid": 2,"cat":"","tid": 3,"dur": 3.00,"ts": 427.00,"name":"inner.loop","ph":"X"},
{"pid": 2,"cat":"","tid": 3,"dur": 17.00,"ts": 414.00,"name":"outer.loop","ph":"X"},
{"pid": 2,"cat":"","tid": 3,"ts": 434.00,"name":"hello 25 2","ph":"I"},
{"pid":2,"tid":3,"ts":435.00,"name":"c","ph":"C","args": {"n":97.000000}},
{"pid": 2,"cat":"","tid": 3,"dur": 3.00,"ts": 433.00,"name":"inner.loop","ph":"X"},
{"pid": 2,"cat":"","tid": 3,"ts": 438.00,"name":"hello 25 3","ph":"I"},
{"pid":2,"tid":3,"ts":439.00,"name":"c","ph":"C","args": {"n":98.000000}},
{"pid": 2,"cat":"","tid": 3,"dur": 3.00,"ts": 437.00,"name":"inner.loop","ph":"X"},
{"pid": 2,"cat":"","tid": 3,"ts": 442.00,"name":"hello 25 4","ph":"I"},
{"pid":2,"tid":3,"ts":443.00,"name":"c","ph":"C","args": {"n":99.000000}},
{"pid": 2,"cat":"","tid": 3,"dur": 3.00,"ts": 441.00,"name":"inner.loop","ph":"X"},
{"pid": 2,"cat":"","tid": 3,"ts": 446.00,"name":"hello 25 5","ph":"I"},
{"pid":2,"tid":3,"ts":447.00,"name":"c","ph":"C","args": {"n":100.000000}},
{"pid": 2,"cat":"","tid": 3,"dur": 3.00,"ts": 445.00,"name":"inner.loop","ph":"X"},
{"pid": 2,"cat":"","tid": 3,"dur": 17.00,"ts": 432.00,"name":"outer.loop","ph":"X"},
{"pid": 2,"cat":"","tid": 3,"ts": 452.00,"name":"hello 26 2","ph":"I"},
{"pid":2,"tid":3,"ts":453.00,"name":"c","ph":"C","args": {"n":101.000000}},
{"pid": 2,"cat":"","tid": 3,"dur": 3.00,"ts": 451.00,"name":"inner.loop","ph":"X"},
{"pid": 2,"cat":"","tid": 3,"ts": 456.00,"name":"hello 26 3","ph":"I"},
{"pid":2,"tid":3,"ts":457.00,"name":"c","ph":"C","args": {"n":102.000000}},
{"pid": 2,"cat":"","tid": 3,"dur": 3.00,"ts": 455.00,"name":"inner.loop","ph":"X"},
{"pid": 2,"cat":"","tid": 3,"ts": 460.00,"name":"hello 26 4","ph":"I"},
{"pid":2,"tid":3,"ts":461.00,"name":"c","ph":"C","args": {"n":103.000000}},
{"pid": 2,"cat":"","tid": 3,"dur": 3.00,"ts": 459.00,"name":"inner.loop","ph":"X"},
{"pid": 2,"cat":"","tid": 3,"ts": 464.00,"name":"hello 26 5","ph":"I"},
{"pid":2,"tid":3,"ts":465.00,"name":"c","ph":"C","args": {"n":104.000000}},
{"pid": 2,"cat":"","tid": 3,"dur": 3.00,"ts": 463.00,"name":"inner.loop","ph":"X"},
{"pid": 2,"cat":"","tid": 3,"dur": 17.00,"ts": 450.00,"name":"outer.loop","ph":"X"},
{"pid": 2,"cat":"","tid": 3,"ts": 470.00,"name":"hello 27 2","ph":"I"},
{"pid":2,"tid":3,"ts":471.00,"name":"c","ph":"C","args": {"n":105.000000}},
{"pid": 2,"cat":"","tid": 3,"dur": 3.00,"ts": 469.00,"name":"inner.loop","ph":"X"},
{"pid": 2,"cat":"","tid": 3,"ts": 474.00,"name":"hello 27 3","ph":"I"},
{"pid":2,"tid":3,"ts":475.00,"name":"c","ph":"C","args": {"n":106.000000}},
{"pid": 2,"cat":"","tid": 3,"dur": 3.00,"ts": 473.00,"name":"inner.loop","ph":"X"},
{"pid": 2,"cat":"","tid": 3,"ts": 478.00,"name":"hello 27 4","ph":"I"},
{"pid":2,"tid":3,"ts":479.00,"name":"c","ph":"C","args": {"n":107.000000}},
{"pid": 2,"cat":"","tid": 3,"dur": 3.00,"ts": 477.00,"name":"inner.loop","ph":"X"},
{"pid": 2,"cat":"","tid": 3,"ts": 482.00,"name":"hello 27 5","ph":"I"},
{"pid":2,"tid":3,"ts":483.00,"name":"c","ph":"C","args": {"n":108.000000}},
{"pid": 2,"cat":"","tid": 3,"dur": 3.00,"ts": 481.00,"name":"inner.loop","ph":"X"},
{"pid": 2,"cat":"","tid": 3,"dur": 17.00,"ts": 468.00,"name":"outer.loop","ph":"X"},
{"pid": 2,"cat":"","tid": 3,"ts": 488.00,"name":"hello 28 2","ph":"I"},
{"pid":2,"tid":3,"ts":489.00,"name":"c","ph":"C","args": {"n":109.000000}},
{"pid": 2,"cat":"","tid": 3,"dur": 3.00,"ts": 487.00,"name":"inner.loop","ph":"X"},
{"pid": 2,"cat":"","tid": 3,"ts": 492.00,"name":"hello 28 3","ph":"I"},
{"pid":2,"tid":3,"ts":493.00,"name":"c","ph":"C","args": {"n":110.000000}},
{"pid": 2,"cat":"","tid": 3,"dur": 3.00,"ts": 491.00,"name":"inner.loop","ph":"X"},
{"pid": 2,"cat":"","tid": 3,"ts": 496.00,"name":"hello 28 4","ph":"I"},
{"pid":2,"tid":3,"ts":497.00,"name":"c","ph":"C","args": {"n":111.000000}},
{"pid": 2,"cat":"","tid": 3,"dur": 3.00,"ts": 495.00,"name":"inner.loop","ph":"X"},
{"pid": 2,"cat":"","tid": 3,"ts": 500.00,"name":"hello 28 5","ph":"I"},
{"pid":2,"tid":3,"ts":501.00,"name":"c","ph":"C","args": {"n":112.000000}},
{"pid": 2,"cat":"","tid": 3,"dur": 3.00,"ts": 499.00,"name":"inner.loop","ph":"X"},
{"pid": 2,"cat":"","tid": 3,"dur": 17.00,"ts": 486.00,"name":"outer.loop","ph":"X"},
{"pid": 2,"cat":"","tid": 3,"ts": 506.00,"name":"hello 29 2","ph":"I"},
{"pid":2,"tid":3,"ts":507.00,"name":"c","ph":"C","args": {"n":113.000000}},
{"pid": 2,"cat":"","tid": 3,"dur": 3.00,"ts": 505.00,"name":"inner.loop","ph":"X"},
{"pid": 2,"cat":"","tid": 3,"ts": 510.00,"name":"hello 29 3","ph":"I"},
{"pid":2,"tid":3,"ts":511.00,"name":"c","ph":"C","args": {"n":114.000000}},
{"pid": 2,"cat":"","tid": 3,"dur": 3.00,"ts": 509.00,"name":"inner.loop","ph":"X"},
{"pid": 2,"cat":"","tid": 3,"ts": 514.00,"name":"hello 29 4","ph":"I"},
{"pid":2,"tid":3,"ts":515.00,"name":"c","ph":"C","args": {"n":115.000000}},
{"pid": 2,"cat":"","tid": 3,"dur": 3.00,"ts": 513.00,"name":"inner.loop","ph":"X"},
{"pid": 2,"cat":"","tid": 3,"ts": 518.00,"name":"hello 29 5","ph":"I"},
{"pid":2,"tid":3,"ts":519.00,"name":"c","ph":"C","args": {"n":116.000000}},
{"pid": 2,"cat":"","tid": 3,"dur": 3.00,"ts": 517.00,"name":"inner.loop","ph":"X"},
{"pid": 2,"cat":"","tid": 3,"dur": 17.00,"ts": 504.00,"name":"outer.loop","ph":"X"},
{"pid": 2,"cat":"","tid": 3,"ts": 524.00,"name":"hello 30 2","ph":"I"},
{"pid":2,"tid":3,"ts":525.00,"name":"c","ph":"C","args": {"n":117.000000}},
{"pid": 2,"cat":"","tid": 3,"dur": 3.00,"ts": 523.00,"name":"inner.loop","ph":"X"},
{"pid": 2,"cat":"","tid": 3,"ts": 528.00,"name":"hello 30 3","ph":"I"},
{"pid":2,"tid":3,"ts":529.00,"name":"c","ph":"C","args": {"n":118.000000}},
{"pid": 2,"cat":"","tid": 3,"dur": 3.00,"ts": 527.00,"name":"inner.loop","ph":"X"},
{"pid": 2,"cat":"","tid": 3,"ts": 532.00,"name":"hello 30 4","ph":"I"},
{"pid":2,"tid":3,"ts":533.00,"name":"c","ph":"C","args": {"n":119.000000}},
{"pid": 2,"cat":"","tid": 3,"dur": 3.00,"ts": 531.00,"name":"inner.loop","ph":"X"},
{"pid": 2,"cat":"","tid": 3,"ts": 536.00,"name":"hello 30 5","ph":"I"},
{"pid":2,"tid":3,"ts":537.00,"name":"c","ph":"C","args": {"n":120.000000}},
{"pid": 2,"cat":"","tid": 3,"dur": 3.00,"ts": 535.00,"name":"inner.loop","ph":"X"},
{"pid": 2,"cat":"","tid": 3,"dur": 17.00,"ts": 522.00,"name":"outer.loop","ph":"X"},
{"pid": 2,"cat":"","tid": 3,"ts": 542.00,"name":"hello 31 2","ph":"I"},
{"pid":2,"tid":3,"ts":543.00,"name":"c","ph":"C","args": {"n":121.000000}},
{"pid": 2,"cat":"","tid": 3,"dur": 3.00,"ts": 541.00,"name":"inner.loop","ph":"X"},
{"pid": 2,"cat":"","tid": 3,"ts": 546.00,"name":"hello 31 3","ph":"I"},
{"pid":2,"tid":3,"ts":547.00,"name":"c","ph":"C","args": {"n":122.000000}},
{"pid": 2,"cat":"","tid": 3,"dur": 3.00,"ts": 545.00,"name":"inner.loop","ph":"X"},
{"pid": 2,"cat":"","tid": 3,"ts": 550.00,"name":"hello 31 4","ph":"I"},
{"pid":2,"tid":3,"ts":551.00,"name":"c","ph":"C","args": {"n":123.000000}},
{"pid": 2,"cat":"","tid": 3,"dur": 3.00,"ts": 549.00,"name":"inner.loop","ph":"X"},
{"pid": 2,"cat":"","tid": 3,"ts": 554.00,"name":"hello 31 5","ph":"I"},
{"pid":2,"tid":3,"ts":555.00,"name":"c","ph":"C","args": {"n":124.000000}},
{"pid": 2,"cat":"","tid": 3,"dur": 3.00,"ts": 553.00,"name":"inner.loop","ph":"X"},
{"pid": 2,"cat":"","tid": 3,"dur": 17.00,"ts": 540.00,"name":"outer.loop","ph":"X"},
{"pid": 2,"cat":"","tid": 3,"ts": 560.00,"name":"hello 32 2","ph":"I"},
{"pid":2,"tid":3,"ts":561.00,"name":"c","ph":"C","args": {"n":125.000000}},
{"pid": 2,"cat":"","tid": 3,"dur": 3.00,"ts": 559.00,"name":"inner.loop","ph":"X"},
{"pid": 2,"cat":"","tid": 3,"ts": 564.00,"name":"hello 32 3","ph":"I"},
{"pid":2,"tid":3,"ts":565.00,"name":"c","ph":"C","args": {"n":126.000000}},
{"pid": 2,"cat":"","tid": 3,"dur": 3.00,"ts": 563.00,"name":"inner.loop","ph":"X"},
{"pid": 2,"cat":"","tid": 3,"ts": 568.00,"name":"hello 32 4","ph":"I"},
{"pid":2,"tid":3,"ts":569.00,"name":"c","ph":"C","args": {"n":127.000000}},
{"pid": 2,"cat":"","tid": 3,"dur": 3.00,"ts": 567.00,"name":"inner.loop","ph":"X"},
{"pid": 2,"cat":"","tid": 3,"ts": 572.00,"name":"hello 32 5","ph":"I"},
{"pid":2,"tid":3,"ts":573.00,"name":"c","ph":"C","args": {"n":128.000000}},
{"pid": 2,"cat":"","tid": 3,"dur": 3.00,"ts": 571.00,"name":"inner.loop","ph":"X"},
{"pid": 2,"cat":"","tid": 3,"dur": 17.00,"ts": 558.00,"name":"outer.loop","ph":"X"},
{"pid": 2,"cat":"","tid": 3,"ts": 578.00,"name":"hello 33 2","ph":"I"},
{"pid":2,"tid":3,"ts":579.00,"name":"c","ph":"C","args": {"n":129.000000}},
{"pid": 2,"cat":"","tid": 3,"dur": 3.00,"ts": 577.00,"name":"inner.loop","ph":"X"},
{"pid": 2,"cat":"","tid": 3,"ts": 582.00,"name":"hello 33 3","ph":"I"},
{"pid":2,"tid":3,"ts":583.00,"name":"c","ph":"C","args": {"n":130.000000}},
{"pid": 2,"cat":"","tid": 3,"dur": 3.00,"ts": 581.00,"name":"inner.loop","ph":"X"},
{"pid": 2,"cat":"","tid": 3,"ts": 586.00,"name":"hello 33 4","ph":"I"},
{"pid":2,"tid":3,"ts":587.00,"name":"c","ph":"C","args": {"n":131.000000}},
{"pid": 2,"cat":"","tid": 3,"dur": 3.00,"ts": 585.00,"name":"inner.loop","ph":"X"},
{"pid": 2,"cat":"","tid": 3,"ts": 590.00,"name":"hello 33 5","ph":"I"},
{"pid":2,"tid":3,"ts":591.00,"name":"c","ph":"C","args": {"n":132.000000}},
{"pid": 2,"cat":"","tid": 3,"dur": 3.00,"ts": 589.00,"name":"inner.loop","ph":"X"},
{"pid": 2,"cat":"","tid": 3,"dur": 17.00,"ts": 576.00,"name":"outer.loop","ph":"X"},
{"pid": 2,"cat":"","tid": 3,"ts": 596.00,"name":"hello 34 2","ph":"I"},
{"pid":2,"tid":3,"ts":597.00,"name":"c","ph":"C","args": {"n":133.000000}},
{"pid": 2,"cat":"","tid": 3,"dur": 3.00,"ts": 595.00,"name":"inner.loop","ph":"X"},
{"pid": 2,"cat":"","tid": 3,"ts": 600.00,"name":"hello 34 3","ph":"I"},
{"pid":2,"tid":3,"ts":601.00,"name":"c","ph":"C","args": {"n":134.000000}},
{"pid": 2,"cat":"","tid": 3,"dur": 3.00,"ts": 599.00,"name":"inner.loop","ph":"X"},
{"pid": 2,"cat":"","tid": 3,"ts": 604.00,"name":"hello 34 4","ph":"I"},
{"pid":2,"tid":3,"ts":605.00,"name":"c","ph":"C","args": {"n":135.000000}},
{"pid": 2,"cat":"","tid": 3,"dur": 3.00,"ts": 603.00,"name":"inner.loop","ph":"X"},
{"pid": 2,"cat":"","tid": 3,"ts": 608.00,"name":"hello 34 5","ph":"I"},
{"pid":2,"tid":3,"ts":609.00,"name":"c","ph":"C","args": {"n":136.000000}},
{"pid": 2,"cat":"","tid": 3,"dur": 3.00,"ts": 607.00,"name":"inner.loop","ph":"X"},
{"pid": 2,"cat":"","tid": 3,"dur": 17.00,"ts": 594.00,"name":"outer.loop","ph":"X"},
{"pid": 2,"cat":"","tid": 3,"ts": 614.00,"name":"hello 35 2","ph":"I"},
{"pid":2,"tid":3,"ts":615.00,"name":"c","ph":"C","args": {"n":137.000000}},
{"pid": 2,"cat":"","tid": 3,"dur": 3.00,"ts": 613.00,"name":"inner.loop","ph":"X"},
{"pid": 2,"cat":"","tid": 3,"ts": 618.00,"name":"hello 35 3","ph":"I"},
{"pid":2,"tid":3,"ts":619.00,"name":"c","ph":"C","args": {"n":138.000000}},
{"pid": 2,"cat":"","tid": 3,"dur": 3.00,"ts": 617.00,"name":"inner.loop","ph":"X"},
{"pid": 2,"cat":"","tid": 3,"ts": 622.00,"name":"hello 35 4","ph":"I"},
{"pid":2,"tid":3,"ts":623.00,"name":"c","ph":"C","args": {"n":139.000000}},
{"pid": 2,"cat":"","tid": 3,"dur": 3.00,"ts": 621.00,"name":"inner.loop","ph":"X"},
{"pid": 2,"cat":"","tid": 3,"ts": 626.00,"name":"hello 35 5","ph":"I"},
{"pid":2,"tid":3,"ts":627.00,"name":"c","ph":"C","args": {"n":140.000000}},
{"pid": 2,"cat":"","tid": 3,"dur": 3.00,"ts": 625.00,"name":"inner.loop","ph":"X"},
{"pid": 2,"cat":"","tid": 3,"dur": 17.00,"ts": 612.00,"name":"outer.loop","ph":"X"},
{"pid": 2,"cat":"","tid": 3,"ts": 632.00,"name":"hello 36 2","ph":"I"},
{"pid":2,"tid":3,"ts":633.00,"name":"c","ph":"C","args": {"n":141.000000}},
{"pid": 2,"cat":"","tid": 3,"dur": 3.00,"ts": 631.00,"name":"inner.loop","ph":"X"},
{"pid": 2,"cat":"","tid": 3,"ts": 636.00,"name":"hello 36 3","ph":"I"},
{"pid":2,"tid":3,"ts":637.00,"name":"c","ph":"C","args": {"n":142.000000}},
{"pid": 2,"cat":"","tid": 3,"dur": 3.00,"ts": 635.00,"name":"inner.loop","ph":"X"},
{"pid": 2,"cat":"","tid": 3,"ts": 640.00,"name":"hello 36 4","ph":"I"},
{"pid":2,"tid":3,"ts":641.00,"name":"c","ph":"C","args": {"n":143.000000}},
{"pid": 2,"cat":"","tid": 3,"dur": 3.00,"ts": 639.00,"name":"inner.loop","ph":"X"},
{"pid": 2,"cat":"","tid": 3,"ts": 644.00,"name":"hello 36 5","ph":"I"},
{"pid":2,"tid":3,"ts":645.00,"name":"c","ph":"C","args": {"n":144.000000}},
{"pid": 2,"cat":"","tid": 3,"dur": 3.00,"ts": 643.00,"name":"inner.loop","ph":"X"},
{"pid": 2,"cat":"","tid": 3,"dur": 17.00,"ts": 630.00,"name":"outer.loop","ph":"X"},
{"pid": 2,"cat":"","tid": 3,"ts": 650.00,"name":"hello 37 2","ph":"I"},
{"pid":2,"tid":3,"ts":651.00,"name":"c","ph":"C","args": {"n":145.000000}},
{"pid": 2,"cat":"","tid": 3,"dur": 3.00,"ts": 649.00,"name":"inner.loop","ph":"X"},
{"pid": 2,"cat":"","tid": 3,"ts": 654.00,"name":"hello 37 3","ph":"I"},
{"pid":2,"tid":3,"ts":655.00,"name":"c","ph":"C","args": {"n":146.000000}},
{"pid": 2,"cat":"","tid": 3,"dur": 3.00,"ts": 653.00,"name":"inner.loop","ph":"X"},
{"pid": 2,"cat":"","tid": 3,"ts": 658.00,"name":"hello 37 4","ph":"I"},
{"pid":2,"tid":3,"ts":659.00,"name":"c","ph":"C","args": {"n":147.000000}},
{"pid": 2,"cat":"","tid": 3,"dur": 3.00,"ts": 657.00,"name":"inner.loop","ph":"X"},
{"pid": 2,"cat":"","tid": 3,"ts": 662.00,"name":"hello 37 5","ph":"I"},
{"pid":2,"tid":3,"ts":663.00,"name":"c","ph":"C","args": {"n":148.000000}},
{"pid": 2,"cat":"","tid": 3,"dur": 3.00,"ts": 661.00,"name":"inner.loop","ph":"X"},
{"pid": 2,"cat":"","tid": 3,"dur": 17.00,"ts": 648.00,"name":"outer.loop","ph":"X"},
{"pid": 2,"cat":"","tid": 3,"ts": 668.00,"name":"hello 38 2","ph":"I"},
{"pid":2,"tid":3,"ts":669.00,"name":"c","ph":"C","args": {"n":149.000000}},
{"pid": 2,"cat":"","tid": 3,"dur": 3.00,"ts": 667.00,"name":"inner.loop","ph":"X"},
{"pid": 2,"cat":"","tid": 3,"ts": 672.00,"name":"hello 38 3","ph":"I"},
{"pid":2,"tid":3,"ts":673.00,"name":"c","ph":"C","args": {"n":150.000000}},
{"pid": 2,"cat":"","tid": 3,"dur": 3.00,"ts": 671.00,"name":"inner.loop","ph":"X"},
{"pid": 2,"cat":"","tid": 3,"ts": 676.00,"name":"hello 38 4","ph":"I"},
{"pid":2,"tid":3,"ts":677.00,"name":"c","ph":"C","args": {"n":151.000000}},
{"pid": 2,"cat":"","tid": 3,"dur": 3.00,"ts": 675.00,"name":"inner.loop","ph":"X"},
{"pid": 2,"cat":"","tid": 3,"ts": 680.00,"name":"hello 38 5","ph":"I"},
{"pid":2,"tid":3,"ts":681.00,"name":"c","ph":"C","args": {"n":152.000000}},
{"pid": 2,"cat":"","tid": 3,"dur": 3.00,"ts": 679.00,"name":"inner.loop","ph":"X"},
{"pid": 2,"cat":"","tid": 3,"dur": 17.00,"ts": 666.00,"name":"outer.loop","ph":"X"},
{"pid": 2,"cat":"","tid": 3,"ts": 686.00,"name":"hello 39 2","ph":"I"},
{"pid":2,"tid":3,"ts":687.00,"name":"c","ph":"C","args": {"n":153.000000}},
{"pid": 2,"cat":"","tid": 3,"dur": 3.00,"ts": 685.00,"name":"inner.loop","ph":"X"},
{"pid": 2,"cat":"","tid": 3,"ts": 690.00,"name":"hello 39 3","ph":"I"},
{"pid":2,"tid":3,"ts":691.00,"name":"c","ph":"C","args": {"n":154.000000}},
{"pid": 2,"cat":"","tid": 3,"dur": 3.00,"ts": 689.00,"name":"inner.loop","ph":"X"},
{"pid": 2,"cat":"","tid": 3,"ts": 694.00,"name":"hello 39 4","ph":"I"},
{"pid":2,"tid":3,"ts":695.00,"name":"c","ph":"C","args": {"n":155.000000}},
{"pid": 2,"cat":"","tid": 3,"dur": 3.00,"ts": 693.00,"name":"inner.loop","ph":"X"},
{"pid": 2,"cat":"","tid": 3,"ts": 698.00,"name":"hello 39 5","ph":"I"},
{"pid":2,"tid":3,"ts":699.00,"name":"c","ph":"C","args": {"n":156.000000}},
{"pid": 2,"cat":"","tid": 3,"dur": 3.00,"ts": 697.00,"name":"inner.loop","ph":"X"},
{"pid": 2,"cat":"","tid": 3,"dur": 17.00,"ts": 684.00,"name":"outer.loop","ph":"X"},
{"pid": 2,"cat":"","tid": 3,"ts": 704.00,"name":"hello 40 2","ph":"I"},
{"pid":2,"tid":3,"ts":705.00,"name":"c","ph":"C","args": {"n":157.000000}},
{"pid": 2,"cat":"","tid": 3,"dur": 3.00,"ts": 703.00,"name":"inner.loop","ph":"X"},
{"pid": 2,"cat":"","tid": 3,"ts": 708.00,"name":"hello 40 3","ph":"I"},
{"pid":2,"tid":3,"ts":709.00,"name":"c","ph":"C","args": {"n":158.000000}},
{"pid": 2,"cat":"","tid": 3,"dur": 3.00,"ts": 707.00,"name":"inner.loop","ph":"X"},
{"pid": 2,"cat":"","tid": 3,"ts": 712.00,"name":"hello 40 4","ph":"I"},
{"pid":2,"tid":3,"ts":713.00,"name":"c","ph":"C","args": {"n":159.000000}},
{"pid": 2,"cat":"","tid": 3,"dur": 3.00,"ts": 711.00,"name":"inner.loop","ph":"X"},
{"pid": 2,"cat":"","tid": 3,"ts": 716.00,"name":"hello 40 5","ph":"I"},
{"pid":2,"tid":3,"ts":717.00,"name":"c","ph":"C","args": {"n":160.000000}},
{"pid": 2,"cat":"","tid": 3,"dur": 3.00,"ts": 715.00,"name":"inner.loop","ph":"X"},
{"pid": 2,"cat":"","tid": 3,"dur": 17.00,"ts": 702.00,"name":"outer.loop","ph":"X"},
{"pid": 2,"cat":"","tid": 3,"ts": 722.00,"name":"hello 41 2","ph":"I"},
{"pid":2,"tid":3,"ts":723.00,"name":"c","ph":"C","args": {"n":161.000000}},
{"pid": 2,"cat":"","tid": 3,"dur": 3.00,"ts": 721.00,"name":"inner.loop","ph":"X"},
{"pid": 2,"cat":"","tid": 3,"ts": 726.00,"name":"hello 41 3","ph":"I"},
{"pid":2,"tid":3,"ts":727.00,"name":"c","ph":"C","args": {"n":162.000000}},
{"pid": 2,"cat":"","tid": 3,"dur": 3.00,"ts": 725.00,"name":"inner.loop","ph":"X"},
{"pid": 2,"cat":"","tid": 3,"ts": 730.00,"name":"hello 41 4","ph":"I"},
{"pid":2,"tid":3,"ts":731.00,"name":"c","ph":"C","args": {"n":163.000000}},
{"pid": 2,"cat":"","tid": 3,"dur": 3.00,"ts": 729.00,"name":"inner.loop","ph":"X"},
{"pid": 2,"cat":"","tid": 3,"ts": 734.00,"name":"hello 41 5","ph":"I"},
{"pid":2,"tid":3,"ts":735.00,"name":"c","ph":"C","args": {"n":164.000000}},
{"pid": 2,"cat":"","tid": 3,"dur": 3.00,"ts": 733.00,"name":"inner.loop","ph":"X"},
{"pid": 2,"cat":"","tid": 3,"dur": 17.00,"ts": 720.00,"name":"outer.loop","ph":"X"},
{"pid": 2,"cat":"","tid": 3,"ts": 740.00,"name":"hello 42 2","ph":"I"},
{"pid":2,"tid":3,"ts":741.00,"name":"c","ph":"C","args": {"n":165.000000}},
{"pid": 2,"cat":"","tid": 3,"dur": 3.00,"ts": 739.00,"name":"inner.loop","ph":"X"},
{"pid": 2,"cat":"","tid": 3,"ts": 744.00,"name":"hello 42 3","ph":"I"},
{"pid":2,"tid":3,"ts":745.00,"name":"c","ph":"C","args": {"n":166.000000}},
{"pid": 2,"cat":"","tid": 3,"dur": 3.00,"ts": 743.00,"name":"inner.loop","ph":"X"},
{"pid": 2,"cat":"","tid": 3,"ts": 748.00,"name":"hello 42 4","ph":"I"},
{"pid":2,"tid":3,"ts":749.00,"name":"c","ph":"C","args": {"n":167.000000}},
{"pid": 2,"cat":"","tid": 3,"dur": 3.00,"ts": 747.00,"name":"inner.loop","ph":"X"},
{"pid": 2,"cat":"","tid": 3,"ts": 752.00,"name":"hello 42 5","ph":"I"},
{"pid":2,"tid":3,"ts":753.00,"name":"c","ph":"C","args": {"n":168.000000}},
{"pid": 2,"cat":"","tid": 3,"dur": 3.00,"ts": 751.00,"name":"inner.loop","ph":"X"},
{"pid": 2,"cat":"","tid": 3,"dur": 17.00,"ts": 738.00,"name":"outer.loop","ph":"X"},
{"pid": 2,"cat":"","tid": 3,"ts": 758.00,"name":"hello 43 2","ph":"I"},
{"pid":2,"tid":3,"ts":759.00,"name":"c","ph":"C","args": {"n":169.000000}},
{"pid": 2,"cat":"","tid": 3,"dur": 3.00,"ts": 757.00,"name":"inner.loop","ph":"X"},
{"pid": 2,"cat":"","tid": 3,"ts": 762.00,"name":"hello 43 3","ph":"I"},
{"pid":2,"tid":3,"ts":763.00,"name":"c","ph":"C","args": {"n":170.000000}},
{"pid": 2,"cat":"","tid": 3,"dur": 3.00,"ts": 761.00,"name":"inner.loop","ph":"X"},
{"pid": 2,"cat":"","tid": 3,"ts": 766.00,"name":"hello 43 4","ph":"I"},
{"pid":2,"tid":3,"ts":767.00,"name":"c","ph":"C","args": {"n":171.000000}},
{"pid": 2,"cat":"","tid": 3,"dur": 3.00,"ts": 765.00,"name":"inner.loop","ph":"X"},
{"pid": 2,"cat":"","tid": 3,"ts": 770.00,"name":"hello 43 5","ph":"I"},
{"pid":2,"tid":3,"ts":771.00,"name":"c","ph":"C","args": {"n":172.000000}},
{"pid": 2,"cat":"","tid": 3,"dur": 3.00,"ts": 769.00,"name":"inner.loop","ph":"X"},
{"pid": 2,"cat":"","tid": 3,"dur": 17.00,"ts": 756.00,"name":"outer.loop","ph":"X"},
{"pid": 2,"cat":"","tid": 3,"ts": 776.00,"name":"hello 44 2","ph":"I"},
{"pid":2,"tid":3,"ts":777.00,"name":"c","ph":"C","args": {"n":173.000000}},
{"pid": 2,"cat":"","tid": 3,"dur": 3.00,"ts": 775.00,"name":"inner.loop","ph":"X"},
{"pid": 2,"cat":"","tid": 3,"ts": 780.00,"name":"hello 44 3","ph":"I"},
{"pid":2,"tid":3,"ts":781.00,"name":"c","ph":"C","args": {"n":174.000000}},
{"pid": 2,"cat":"","tid": 3,"dur": 3.00,"ts": 779.00,"name":"inner.loop","ph":"X"},
{"pid": 2,"cat":"","tid": 3,"ts": 784.00,"name":"hello 44 4","ph":"I"},
{"pid":2,"tid":3,"ts":785.00,"name":"c","ph":"C","args": {"n":175.000000}},
{"pid": 2,"cat":"","tid": 3,"dur": 3.00,"ts": 783.00,"name":"inner.loop","ph":"X"},
{"pid": 2,"cat":"","tid": 3,"ts": 788.00,"name":"hello 44 5","ph":"I"},
{"pid":2,"tid":3,"ts":789.00,"name":"c","ph":"C","args": {"n":176.000000}},
{"pid": 2,"cat":"","tid": 3,"dur": 3.00,"ts": 787.00,"name":"inner.loop","ph":"X"},
{"pid": 2,"cat":"","tid": 3,"dur": 17.00,"ts": 774.00,"name":"outer.loop","ph":"X"},
{"pid": 2,"cat":"","tid": 3,"ts": 794.00,"name":"hello 45 2","ph":"I"},
{"pid":2,"tid":3,"ts":795.00,"name":"c","ph":"C","args": {"n":177.000000}},
{"pid": 2,"cat":"","tid": 3,"dur": 3.00,"ts": 793.00,"name":"inner.loop","ph":"X"},
{"pid": 2,"cat":"","tid": 3,"ts": 798.00,"name":"hello 45 3","ph":"I"},
{"pid":2,"tid":3,"ts":799.00,"name":"c","ph":"C","args": {"n":178.000000}},
{"pid": 2,"cat":"","tid": 3,"dur": 3.00,"ts": 797.00,"name":"inner.loop","ph":"X"},
{"pid": 2,"cat":"","tid": 3,"ts": 802.00,"name":"hello 45 4","ph":"I"},
{"pid":2,"tid":3,"ts":803.00,"name":"c","ph":"C","args": {"n":179.000000}},
{"pid": 2,"cat":"","tid": 3,"dur": 3.00,"ts": 801.00,"name":"inner.loop","ph":"X"},
{"pid": 2,"cat":"","tid": 3,"ts": 806.00,"name":"hello 45 5","ph":"I"},
{"pid":2,"tid":3,"ts":807.00,"name":"c","ph":"C","args": {"n":180.000000}},
{"pid": 2,"cat":"","tid": 3,"dur": 3.00,"ts": 805.00,"name":"inner.loop","ph":"X"},
{"pid": 2,"cat":"","tid": 3,"dur": 17.00,"ts": 792.00,"name":"outer.loop","ph":"X"},
{"pid": 2,"cat":"","tid": 3,"ts": 812.00,"name":"hello 46 2","ph":"I"},
{"pid":2,"tid":3,"ts":813.00,"name":"c","ph":"C","args": {"n":181.000000}},
{"pid": 2,"cat":"","tid": 3,"dur": 3.00,"ts": 811.00,"name":"inner.loop","ph":"X"},
{"pid": 2,"cat":"","tid": 3,"ts": 816.00,"name":"hello 46 3","ph":"I"},
{"pid":2,"tid":3,"ts":817.00,"name":"c","ph":"C","args": {"n":182.000000}},
{"pid": 2,"cat":"","tid": 3,"dur": 3.00,"ts": 815.00,"name":"inner.loop","ph":"X"},
{"pid": 2,"cat":"","tid": 3,"ts": 820.00,"name":"hello 46 4","ph":"I"},
{"pid":2,"tid":3,"ts":821.00,"name":"c","ph":"C","args": {"n":183.000000}},
{"pid": 2,"cat":"","tid": 3,"dur": 3.00,"ts": 819.00,"name":"inner.loop","ph":"X"},
{"pid": 2,"cat":"","tid": 3,"ts": 824.00,"name":"hello 46 5","ph":"I"},
{"pid":2,"tid":3,"ts":825.00,"name":"c","ph":"C","args": {"n":184.000000}},
{"pid": 2,"cat":"","tid": 3,"dur": 3.00,"ts": 823.00,"name":"inner.loop","ph":"X"},
{"pid": 2,"cat":"","tid": 3,"dur": 17.00,"ts": 810.00,"name":"outer.loop","ph":"X"},
{"pid": 2,"cat":"","tid": 3,"ts": 830.00,"name":"hello 47 2","ph":"I"},
{"pid":2,"tid":3,"ts":831.00,"name":"c","ph":"C","args": {"n":185.000000}},
{"pid": 2,"cat":"","tid": 3,"dur": 3.00,"ts": 829.00,"name":"inner.loop","ph":"X"},
{"pid": 2,"cat":"","tid": 3,"ts": 834.00,"name":"hello 47 3","ph":"I"},
{"pid":2,"tid":3,"ts":835.00,"name":"c","ph":"C","args": {"n":186.000000}},
{"pid": 2,"cat":"","tid": 3,"dur": 3.00,"ts": 833.00,"name":"inner.loop","ph":"X"},
{"pid": 2,"cat":"","tid": 3,"ts": 838.00,"name":"hello 47 4","ph":"I"},
{"pid":2,"tid":3,"ts":839.00,"name":"c","ph":"C","args": {"n":187.000000}},
{"pid": 2,"cat":"","tid": 3,"dur": 3.00,"ts": 837.00,"name":"inner.loop","ph":"X"},
{"pid": 2,"cat":"","tid": 3,"ts": 842.00,"name":"hello 47 5","ph":"I"},
{"pid":2,"tid":3,"ts":843.00,"name":"c","ph":"C","args": {"n":188.000000}},
{"pid": 2,"cat":"","tid": 3,"dur": 3.00,"ts": 841.00,"name":"inner.loop","ph":"X"},
{"pid": 2,"cat":"","tid": 3,"dur": 17.00,"ts": 828.00,"name":"outer.loop","ph":"X"},
{"pid": 2,"cat":"","tid": 3,"ts": 848.00,"name":"hello 48 2","ph":"I"},
{"pid":2,"tid":3,"ts":849.00,"name":"c","ph":"C","args": {"n":189.000000}},
{"pid": 2,"cat":"","tid": 3,"dur": 3.00,"ts": 847.00,"name":"inner.loop","ph":"X"},
{"pid": 2,"cat":"","tid": 3,"ts": 852.00,"name":"hello 48 3","ph":"I"},
{"pid":2,"tid":3,"ts":853.00,"name":"c","ph":"C","args": {"n":190.000000}},
{"pid": 2,"cat":"","tid": 3,"dur": 3.00,"ts": 851.00,"name":"inner.loop","ph":"X"},
{"pid": 2,"cat":"","tid": 3,"ts": 856.00,"name":"hello 48 4","ph":"I"},
{"pid":2,"tid":3,"ts":857.00,"name":"c","ph":"C","args": {"n":191.000000}},
{"pid": 2,"cat":"","tid": 3,"dur": 3.00,"ts": 855.00,"name":"inner.loop","ph":"X"},
{"pid": 2,"cat":"","tid": 3,"ts": 860.00,"name":"hello 48 5","ph":"I"},
{"pid":2,"tid":3,"ts":861.00,"name":"c","ph":"C","args": {"n":192.000000}},
{"pid": 2,"cat":"","tid": 3,"dur": 3.00,"ts": 859.00,"name":"inner.loop","ph":"X"},
{"pid": 2,"cat":"","tid": 3,"dur": 17.00,"ts": 846.00,"name":"outer.loop","ph":"X"},
{"pid": 2,"cat":"","tid": 3,"ts": 866.00,"name":"hello 49 2","ph":"I"},
{"pid":2,"tid":3,"ts":867.00,"name":"c","ph":"C","args": {"n":193.000000}},
{"pid": 2,"cat":"","tid": 3,"dur": 3.00,"ts": 865.00,"name":"inner.loop","ph":"X"},
{"pid": 2,"cat":"","tid": 3,"ts": 870.00,"name":"hello 49 3","ph":"I"},
{"pid":2,"tid":3,"ts":871.00,"name":"c","ph":"C","args": {"n":194.000000}},
{"pid": 2,"cat":"","tid": 3,"dur": 3.00,"ts": 869.00,"name":"inner.loop","ph":"X"},
{"pid": 2,"cat":"","tid": 3,"ts": 874.00,"name":"hello 49 4","ph":"I"},
{"pid":2,"tid":3,"ts":875.00,"name":"c","ph":"C","args": {"n":195.000000}},
{"pid": 2,"cat":"","tid": 3,"dur": 3.00,"ts": 873.00,"name":"inner.loop","ph":"X"},
{"pid": 2,"cat":"","tid": 3,"ts": 878.00,"name":"hello 49 5","ph":"I"},
{"pid":2,"tid":3,"ts":879.00,"name":"c","ph":"C","args": {"n":196.000000}},
{"pid": 2,"cat":"","tid": 3,"dur": 3.00,"ts": 877.00,"name":"inner.loop","ph":"X"},
{"pid": 2,"cat":"","tid": 3,"dur": 17.00,"ts": 864.00,"name":"outer.loop","ph":"X"},
{"pid": 2,"cat":"","tid": 3,"ts": 884.00,"name":"hello 50 2","ph":"I"},
{"pid":2,"tid":3,"ts":885.00,"name":"c","ph":"C","args": {"n":197.000000}},
{"pid": 2,"cat":"","tid": 3,"dur": 3.00,"ts": 883.00,"name":"inner.loop","ph":"X"},
{"pid": 2,"cat":"","tid": 3,"ts": 888.00,"name":"hello 50 3","ph":"I"},
{"pid":2,"tid":3,"ts":889.00,"name":"c","ph":"C","args": {"n":198.000000}},
{"pid": 2,"cat":"","tid": 3,"dur": 3.00,"ts": 887.00,"name":"inner.loop","ph":"X"},
{"pid": 2,"cat":"","tid": 3,"ts": 892.00,"name":"hello 50 4","ph":"I"},
{"pid":2,"tid":3,"ts":893.00,"name":"c","ph":"C","args": {"n":199.000000}},
{"pid": 2,"cat":"","tid": 3,"dur": 3.00,"ts": 891.00,"name":"inner.loop","ph":"X"},
{"pid": 2,"cat":"","tid": 3,"ts": 896.00,"name":"hello 50 5","ph":"I"},
{"pid":2,"tid":3,"ts":897.00,"name":"c","ph":"C","args": {"n":200.000000}},
{"pid": 2,"cat":"","tid": 3,"dur": 3.00,"ts": 895.00,"name":"inner.loop","ph":"X"},
{"pid": 2,"cat":"","tid": 3,"dur": 17.00,"ts": 882.00,"name":"outer.loop","ph":"X"}]