[{"pid": 2,"name":"process_name","ph":"M","args": {"name":"main"}},
{"pid": 2,"tid": 3,"name":"thread_name","ph":"M","args": {"name":"t1"}},
{"pid": 2,"cat":"","tid": 3,"ts": 2.00,"name":"hello 1 2","ph":"I"},
{"pid": 2,"cat":"","tid": 3,"dur": 2.00,"ts": 1.00,"name":"inner.loop","ph":"X"},
{"pid": 2,"cat":"","tid": 3,"ts": 5.00,"name":"hello 1 3","ph":"I"},
{"pid": 2,"cat":"","tid": 3,"dur": 2.00,"ts": 4.00,"name":"inner.loop","ph":"X"},
{"pid": 2,"cat":"","tid": 3,"ts": 8.00,"name":"hello 1 4","ph":"I"},
{"pid": 2,"cat":"","tid": 3,"dur": 2.00,"ts": 7.00,"name":"inner.loop","ph":"X"},
{"pid": 2,"cat":"","tid": 3,"ts": 11.00,"name":"hello 1 5","ph":"I"},
{"pid": 2,"cat":"","tid": 3,"dur": 2.00,"ts": 10.00,"name":"inner.loop","ph":"X"},
{"pid": 2,"cat":"","tid": 3,"dur": 13.00,"ts": 0.00,"name":"outer.loop","ph":"X"},
{"pid": 2,"cat":"","tid": 3,"ts": 16.00,"name":"hello 2 2","ph":"I"},
{"pid": 2,"cat":"","tid": 3,"dur": 2.00,"ts": 15.00,"name":"inner.loop","ph":"X"},
{"pid": 2,"cat":"","tid": 3,"ts": 19.00,"name":"hello 2 3","ph":"I"},
{"pid": 2,"cat":"","tid": 3,"dur": 2.00,"ts": 18.00,"name":"inner.loop","ph":"X"},
{"pid": 2,"cat":"","tid": 3,"ts": 22.00,"name":"hello 2 4","ph":"I"},
{"pid": 2,"cat":"","tid": 3,"dur": 2.00,"ts": 21.00,"name":"inner.loop","ph":"X"},
{"pid": 2,"cat":"","tid": 3,"ts": 25.00,"name":"hello 2 5","ph":"I"},
{"pid": 2,"cat":"","tid": 3,"dur": 2.00,"ts": 24.00,"name":"inner.loop","ph":"X"},
{"pid": 2,"cat":"","tid": 3,"dur": 13.00,"ts": 14.00,"name":"outer.loop","ph":"X"},
{"pid": 2,"cat":"","tid": 3,"ts": 30.00,"name":"hello 3 2","ph":"I"},
{"pid": 2,"cat":"","tid": 3,"dur": 2.00,"ts": 29.00,"name":"inner.loop","ph":"X"},
{"pid": 2,"cat":"","tid": 3,"ts": 33.00,"name":"hello 3 3","ph":"I"},
{"pid": 2,"cat":"","tid": 3,"dur": 2.00,"ts": 32.00,"name":"inner.loop","ph":"X"},
{"pid": 2,"cat":"","tid": 3,"ts": 36.00,"name":"hello 3 4","ph":"I"},
{"pid": 2,"cat":"","tid": 3,"dur": 2.00,"ts": 35.00,"name":"inner.loop","ph":"X"},
{"pid": 2,"cat":"","tid": 3,"ts": 39.00,"name":"hello 3 5","ph":"I"},
{"pid": 2,"cat":"","tid": 3,"dur": 2.00,"ts": 38.00,"name":"inner.loop","ph":"X"},
{"pid": 2,"cat":"","tid": 3,"dur": 13.00,"ts": 28.00,"name":"outer.loop","ph":"X"},
{"pid": 2,"cat":"","tid": 3,"ts": 44.00,"name":"hello 4 2","ph":"I"},
{"pid": 2,"cat":"","tid": 3,"dur": 2.00,"ts": 43.00,"name":"inner.loop","ph":"X"},
{"pid": 2,"cat":"","tid": 3,"ts": 47.00,"name":"hello 4 3","ph":"I"},
{"pid": 2,"cat":"","tid": 3,"dur": 2.00,"ts": 46.00,"name":"inner.loop","ph":"X"},
{"pid": 2,"cat":"","tid": 3,"ts": 50.00,"name":"hello 4 4","ph":"I"},
{"pid": 2,"cat":"","tid": 3,"dur": 2.00,"ts": 49.00,"name":"inner.loop","ph":"X"},
{"pid": 2,"cat":"","tid": 3,"ts": 53.00,"name":"hello 4 5","ph":"I"},
{"pid": 2,"cat":"","tid": 3,"dur": 2.00,"ts": 52.00,"name":"inner.loop","ph":"X"},
{"pid": 2,"cat":"","tid": 3,"dur": 13.00,"ts": 42.00,"name":"outer.loop","ph":"X"},
{"pid": 2,"cat":"","tid": 3,"ts": 58.00,"name":"hello 5 2","ph":"I"},
{"pid": 2,"cat":"","tid": 3,"dur": 2.00,"ts": 57.00,"name":"inner.loop","ph":"X"},
{"pid": 2,"cat":"","tid": 3,"ts": 61.00,"name":"hello 5 3","ph":"I"},
{"pid": 2,"cat":"","tid": 3,"dur": 2.00,"ts": 60.00,"name":"inner.loop","ph":"X"},
{"pid": 2,"cat":"","tid": 3,"ts": 64.00,"name":"hello 5 4","ph":"I"},
{"pid": 2,"cat":"","tid": 3,"dur": 2.00,"ts": 63.00,"name":"inner.loop","ph":"X"},
{"pid": 2,"cat":"","tid": 3,"ts": 67.00,"name":"hello 5 5","ph":"I"},
{"pid": 2,"cat":"","tid": 3,"dur": 2.00,"ts": 66.00,"name":"inner.loop","ph":"X"},
{"pid": 2,"cat":"","tid": 3,"dur": 13.00,"ts": 56.00,"name":"outer.loop","ph":"X"},
{"pid": 2,"cat":"","tid": 3,"ts": 72.00,"name":"hello 6 2","ph":"I"},
{"pid": 2,"cat":"","tid": 3,"dur": 2.00,"ts": 71.00,"name":"inner.loop","ph":"X"},
{"pid": 2,"cat":"","tid": 3,"ts": 75.00,"name":"hello 6 3","ph":"I"},
{"pid": 2,"cat":"","tid": 3,"dur": 2.00,"ts": 74.00,"name":"inner.loop","ph":"X"},
{"pid": 2,"cat":"","tid": 3,"ts": 78.00,"name":"hello 6 4","ph":"I"},
{"pid": 2,"cat":"","tid": 3,"dur": 2.00,"ts": 77.00,"name":"inner.loop","ph":"X"},
{"pid": 2,"cat":"","tid": 3,"ts": 81.00,"name":"hello 6 5","ph":"I"},
{"pid": 2,"cat":"","tid": 3,"dur": 2.00,"ts": 80.00,"name":"inner.loop","ph":"X"},
{"pid": 2,"cat":"","tid": 3,"dur": 13.00,"ts": 70.00,"name":"outer.loop","ph":"X"},
{"pid": 2,"cat":"","tid": 3,"ts": 86.00,"name":"hello 7 2","ph":"I"},
{"pid": 2,"cat":"","tid": 3,"dur": 2.00,"ts": 85.00,"name":"inner.loop","ph":"X"},
{"pid": 2,"cat":"","tid": 3,"ts": 89.00,"name":"hello 7 3","ph":"I"},
{"pid": 2,"cat":"","tid": 3,"dur": 2.00,"ts": 88.00,"name":"inner.loop","ph":"X"},
{"pid": 2,"cat":"","tid": 3,"ts": 92.00,"name":"hello 7 4","ph":"I"},
{"pid": 2,"cat":"","tid": 3,"dur": 2.00,"ts": 91.00,"name":"inner.loop","ph":"X"},
{"pid": 2,"cat":"","tid": 3,"ts": 95.00,"name":"hello 7 5","ph":"I"},
{"pid": 2,"cat":"","tid": 3,"dur": 2.00,"ts": 94.00,"name":"inner.loop","ph":"X"},
{"pid": 2,"cat":"","tid": 3,"dur": 13.00,"ts": 84.00,"name":"outer.loop","ph":"X"},
{"pid": 2,"cat":"","tid": 3,"ts": 100.00,"name":"hello 8 2","ph":"I"},
{"pid": 2,"cat":"","tid": 3,"dur": 2.00,"ts": 99.00,"name":"inner.loop","ph":"X"},
{"pid": 2,"cat":"","tid": 3,"ts": 103.00,"name":"hello 8 3","ph":"I"},
{"pid": 2,"cat":"","tid": 3,"dur": 2.00,"ts": 102.00,"name":"inner.loop","ph":"X"},
{"pid": 2,"cat":"","tid": 3,"ts": 106.00,"name":"hello 8 4","ph":"I"},
{"pid": 2,"cat":"","tid": 3,"dur": 2.00,"ts": 105.00,"name":"inner.loop","ph":"X"},
{"pid": 2,"cat":"","tid": 3,"ts": 109.00,"name":"hello 8 5","ph":"I"},
{"pid": 2,"cat":"","tid": 3,"dur": 2.00,"ts": 108.00,"name":"inner.loop","ph":"X"},
{"pid": 2,"cat":"","tid": 3,"dur": 13.00,"ts": 98.00,"name":"outer.loop","ph":"X"},
{"pid": 2,"cat":"","tid": 3,"ts": 114.00,"name":"hello 9 2","ph":"I"},
{"pid": 2,"cat":"","tid": 3,"dur": 2.00,"ts": 113.00,"name":"inner.loop","ph":"X"},
{"pid": 2,"cat":"","tid": 3,"ts": 117.00,"name":"hello 9 3","ph":"I"},
{"pid": 2,"cat":"","tid": 3,"dur": 2.00,"ts": 116.00,"name":"inner.loop","ph":"X"},
{"pid": 2,"cat":"","tid": 3,"ts": 120.00,"name":"hello 9 4","ph":"I"},
{"pid": 2,"cat":"","tid": 3,"dur": 2.00,"ts": 119.00,"name":"inner.loop","ph":"X"},
{"pid": 2,"cat":"","tid": 3,"ts": 123.00,"name":"hello 9 5","ph":"I"},
{"pid": 2,"cat":"","tid": 3,"dur": 2.00,"ts": 122.00,"name":"inner.loop","ph":"X"},
{"pid": 2,"cat":"","tid": 3,"dur": 13.00,"ts": 112.00,"name":"outer.loop","ph":"X"},
{"pid": 2,"cat":"","tid": 3,"ts": 128.00,"name":"hello 10 2","ph":"I"},
{"pid": 2,"cat":"","tid": 3,"dur": 2.00,"ts": 127.00,"name":"inner.loop","ph":"X"},
{"pid": 2,"cat":"","tid": 3,"ts": 131.00,"name":"hello 10 3","ph":"I"},
{"pid": 2,"cat":"","tid": 3,"dur": 2.00,"ts": 130.00,"name":"inner.loop","ph":"X"},
{"pid": 2,"cat":"","tid": 3,"ts": 134.00,"name":"hello 10 4","ph":"I"},
{"pid": 2,"cat":"","tid": 3,"dur": 2.00,"ts": 133.00,"name":"inner.loop","ph":"X"},
{"pid": 2,"cat":"","tid": 3,"ts": 137.00,"name":"hello 10 5","ph":"I"},
{"pid": 2,"cat":"","tid": 3,"dur": 2.00,"ts": 136.00,"name":"inner.loop","ph":"X"},
{"pid": 2,"cat":"","tid": 3,"dur": 13.00,"ts": 126.00,"name":"outer.loop","ph":"X"},
{"pid": 2,"cat":"","tid": 3,"ts": 142.00,"name":"hello 11 2","ph":"I"},
{"pid": 2,"cat":"","tid": 3,"dur": 2.00,"ts": 141.00,"name":"inner.loop","ph":"X"},
{"pid": 2,"cat":"","tid": 3,"ts": 145.00,"name":"hello 11 3","ph":"I"},
{"pid": 2,"cat":"","tid": 3,"dur": 2.00,"ts": 144.00,"name":"inner.loop","ph":"X"},
{"pid": 2,"cat":"","tid": 3,"ts": 148.00,"name":"hello 11 4","ph":"I"},
{"pid": 2,"cat":"","tid": 3,"dur": 2.00,"ts": 147.00,"name":"inner.loop","ph":"X"},
{"pid": 2,"cat":"","tid": 3,"ts": 151.00,"name":"hello 11 5","ph":"I"},
{"pid": 2,"cat":"","tid": 3,"dur": 2.00,"ts": 150.00,"name":"inner.loop","ph":"X"},
{"pid": 2,"cat":"","tid": 3,"dur": 13.00,"ts": 140.00,"name":"outer.loop","ph":"X"},
{"pid": 2,"cat":"","tid": 3,"ts": 156.00,"name":"hello 12 2","ph":"I"},
{"pid": 2,"cat":"","tid": 3,"dur": 2.00,"ts": 155.00,"name":"inner.loop","ph":"X"},
{"pid": 2,"cat":"","tid": 3,"ts": 159.00,"name":"hello 12 3","ph":"I"},
{"pid": 2,"cat":"","tid": 3,"dur": 2.00,"ts": 158.00,"name":"inner.loop","ph":"X"},
{"pid": 2,"cat":"","tid": 3,"ts": 162.00,"name":"hello 12 4","ph":"I"},
{"pid": 2,"cat":"","tid": 3,"dur": 2.00,"ts": 161.00,"name":"inner.loop","ph":"X"},
{"pid": 2,"cat":"","tid": 3,"ts": 165.00,"name":"hello 12 5","ph":"I"},
{"pid": 2,"cat":"","tid": 3,"dur": 2.00,"ts": 164.00,"name":"inner.loop","ph":"X"},
{"pid": 2,"cat":"","tid": 3,"dur": 13.00,"ts": 154.00,"name":"outer.loop","ph":"X"},
{"pid": 2,"cat":"","tid": 3,"ts": 170.00,"name":"hello 13 2","ph":"I"},
{"pid": 2,"cat":"","tid": 3,"dur": 2.00,"ts": 169.00,"name":"inner.loop","ph":"X"},
{"pid": 2,"cat":"","tid": 3,"ts": 173.00,"name":"hello 13 3","ph":"I"},
{"pid": 2,"cat":"","tid": 3,"dur": 2.00,"ts": 172.00,"name":"inner.loop","ph":"X"},
{"pid": 2,"cat":"","tid": 3,"ts": 176.00,"name":"hello 13 4","ph":"I"},
{"pid": 2,"cat":"","tid": 3,"dur": 2.00,"ts": 175.00,"name":"inner.loop","ph":"X"},
{"pid": 2,"cat":"","tid": 3,"ts": 179.00,"name":"hello 13 5","ph":"I"},
{"pid": 2,"cat":"","tid": 3,"dur": 2.00,"ts": 178.00,"name":"inner.loop","ph":"X"},
{"pid": 2,"cat":"","tid": 3,"dur": 13.00,"ts": 168.00,"name":"outer.loop","ph":"X"},
{"pid": 2,"cat":"","tid": 3,"ts": 184.00,"name":"hello 14 2","ph":"I"},
{"pid": 2,"cat":"","tid": 3,"dur": 2.00,"ts": 183.00,"name":"inner.loop","ph":"X"},
{"pid": 2,"cat":"","tid": 3,"ts": 187.00,"name":"hello 14 3","ph":"I"},
{"pid": 2,"cat":"","tid": 3,"dur": 2.00,"ts": 186.00,"name":"inner.loop","ph":"X"},
{"pid": 2,"cat":"","tid": 3,"ts": 190.00,"name":"hello 14 4","ph":"I"},
{"pid": 2,"cat":"","tid": 3,"dur": 2.00,"ts": 189.00,"name":"inner.loop","ph":"X"},
{"pid": 2,"cat":"","tid": 3,"ts": 193.00,"name":"hello 14 5","ph":"I"},
{"pid": 2,"cat":"","tid": 3,"dur": 2.00,"ts": 192.00,"name":"inner.loop","ph":"X"},
{"pid": 2,"cat":"","tid": 3,"dur": 13.00,"ts": 182.00,"name":"outer.loop","ph":"X"},
{"pid": 2,"cat":"","tid": 3,"ts": 198.00,"name":"hello 15 2","ph":"I"},
{"pid": 2,"cat":"","tid": 3,"dur": 2.00,"ts": 197.00,"name":"inner.loop","ph":"X"},
{"pid": 2,"cat":"","tid": 3,"ts": 201.00,"name":"hello 15 3","ph":"I"},
{"pid": 2,"cat":"","tid": 3,"dur": 2.00,"ts": 200.00,"name":"inner.loop","ph":"X"},
{"pid": 2,"cat":"","tid": 3,"ts": 204.00,"name":"hello 15 4","ph":"I"},
{"pid": 2,"cat":"","tid": 3,"dur": 2.00,"ts": 203.00,"name":"inner.loop","ph":"X"},
{"pid": 2,"cat":"","tid": 3,"ts": 207.00,"name":"hello 15 5","ph":"I"},
{"pid": 2,"cat":"","tid": 3,"dur": 2.00,"ts": 206.00,"name":"inner.loop","ph":"X"},
{"pid": 2,"cat":"","tid": 3,"dur": 13.00,"ts": 196.00,"name":"outer.loop","ph":"X"},
{"pid": 2,"cat":"","tid": 3,"ts": 212.00,"name":"hello 16 2","ph":"I"},
{"pid": 2,"cat":"","tid": 3,"dur": 2.00,"ts": 211.00,"name":"inner.loop","ph":"X"},
{"pid": 2,"cat":"","tid": 3,"ts": 215.00,"name":"hello 16 3","ph":"I"},
{"pid": 2,"cat":"","tid": 3,"dur": 2.00,"ts": 214.00,"name":"inner.loop","ph":"X"},
{"pid": 2,"cat":"","tid": 3,"ts": 218.00,"name":"hello 16 4","ph":"I"},
{"pid": 2,"cat":"","tid": 3,"dur": 2.00,"ts": 217.00,"name":"inner.loop","ph":"X"},
{"pid": 2,"cat":"","tid": 3,"ts": 221.00,"name":"hello 16 5","ph":"I"},
{"pid": 2,"cat":"","tid": 3,"dur": 2.00,"ts": 220.00,"name":"inner.loop","ph":"X"},
{"pid": 2,"cat":"","tid": 3,"dur": 13.00,"ts": 210.00,"name":"outer.loop","ph":"X"},
{"pid": 2,"cat":"","tid": 3,"ts": 226.00,"name":"hello 17 2","ph":"I"},
{"pid": 2,"cat":"","tid": 3,"dur": 2.00,"ts": 225.00,"name":"inner.loop","ph":"X"},
{"pid": 2,"cat":"","tid": 3,"ts": 229.00,"name":"hello 17 3","ph":"I"},
{"pid": 2,"cat":"","tid": 3,"dur": 2.00,"ts": 228.00,"name":"inner.loop","ph":"X"},
{"pid": 2,"cat":"","tid": 3,"ts": 232.00,"name":"hello 17 4","ph":"I"},
{"pid": 2,"cat":"","tid": 3,"dur": 2.00,"ts": 231.00,"name":"inner.loop","ph":"X"},
{"pid": 2,"cat":"","tid": 3,"ts": 235.00,"name":"hello 17 5","ph":"I"},
{"pid": 2,"cat":"","tid": 3,"dur": 2.00,"ts": 234.00,"name":"inner.loop","ph":"X"},
{"pid": 2,"cat":"","tid": 3,"dur": 13.00,"ts": 224.00,"name":"outer.loop","ph":"X"},
{"pid": 2,"cat":"","tid": 3,"ts": 240.00,"name":"hello 18 2","ph":"I"},
{"pid": 2,"cat":"","tid": 3,"dur": 2.00,"ts": 239.00,"name":"inner.loop","ph":"X"},
{"pid": 2,"cat":"","tid": 3,"ts": 243.00,"name":"hello 18 3","ph":"I"},
{"pid": 2,"cat":"","tid": 3,"dur": 2.00,"ts": 242.00,"name":"inner.loop","ph":"X"},
{"pid": 2,"cat":"","tid": 3,"ts": 246.00,"name":"hello 18 4","ph":"I"},
{"pid": 2,"cat":"","tid": 3,"dur": 2.00,"ts": 245.00,"name":"inner.loop","ph":"X"},
{"pid": 2,"cat":"","tid": 3,"ts": 249.00,"name":"hello 18 5","ph":"I"},
{"pid": 2,"cat":"","tid": 3,"dur": 2.00,"ts": 248.00,"name":"inner.loop","ph":"X"},
{"pid": 2,"cat":"","tid": 3,"dur": 13.00,"ts": 238.00,"name":"outer.loop","ph":"X"},
{"pid": 2,"cat":"","tid": 3,"ts": 254.00,"name":"hello 19 2","ph":"I"},
{"pid": 2,"cat":"","tid": 3,"dur": 2.00,"ts": 253.00,"name":"inner.loop","ph":"X"},
{"pid": 2,"cat":"","tid": 3,"ts": 257.00,"name":"hello 19 3","ph":"I"},
{"pid": 2,"cat":"","tid": 3,"dur": 2.00,"ts": 256.00,"name":"inner.loop","ph":"X"},
{"pid": 2,"cat":"","tid": 3,"ts": 260.00,"name":"hello 19 4","ph":"I"},
{"pid": 2,"cat":"","tid": 3,"dur": 2.00,"ts": 259.00,"name":"inner.loop","ph":"X"},
{"pid": 2,"cat":"","tid": 3,"ts": 263.00,"name":"hello 19 5","ph":"I"},
{"pid": 2,"cat":"","tid": 3,"dur": 2.00,"ts": 262.00,"name":"inner.loop","ph":"X"},
{"pid": 2,"cat":"","tid": 3,"dur": 13.00,"ts": 252.00,"name":"outer.loop","ph":"X"},
{"pid": 2,"cat":"","tid": 3,"ts": 268.00,"name":"hello 20 2","ph":"I"},
{"pid": 2,"cat":"","tid": 3,"dur": 2.00,"ts": 267.00,"name":"inner.loop","ph":"X"},
{"pid": 2,"cat":"","tid": 3,"ts": 271.00,"name":"hello 20 3","ph":"I"},
{"pid": 2,"cat":"","tid": 3,"dur": 2.00,"ts": 270.00,"name":"inner.loop","ph":"X"},
{"pid": 2,"cat":"","tid": 3,"ts": 274.00,"name":"hello 20 4","ph":"I"},
{"pid": 2,"cat":"","tid": 3,"dur": 2.00,"ts": 273.00,"name":"inner.loop","ph":"X"},
{"pid": 2,"cat":"","tid": 3,"ts": 277.00,"name":"hello 20 5","ph":"I"},
{"pid": 2,"cat":"","tid": 3,"dur": 2.00,"ts": 276.00,"name":"inner.loop","ph":"X"},
{"pid": 2,"cat":"","tid": 3,"dur": 13.00,"ts": 266.00,"name":"outer.loop","ph":"X"},
{"pid": 2,"cat":"","tid": 3,"ts": 282.00,"name":"hello 21 2","ph":"I"},
{"pid": 2,"cat":"","tid": 3,"dur": 2.00,"ts": 281.00,"name":"inner.loop","ph":"X"},
{"pid": 2,"cat":"","tid": 3,"ts": 285.00,"name":"hello 21 3","ph":"I"},
{"pid": 2,"cat":"","tid": 3,"dur": 2.00,"ts": 284.00,"name":"inner.loop","ph":"X"},
{"pid": 2,"cat":"","tid": 3,"ts": 288.00,"name":"hello 21 4","ph":"I"},
{"pid": 2,"cat":"","tid": 3,"dur": 2.00,"ts": 287.00,"name":"inner.loop","ph":"X"},
{"pid": 2,"cat":"","tid": 3,"ts": 291.00,"name":"hello 21 5","ph":"I"},
{"pid": 2,"cat":"","tid": 3,"dur": 2.00,"ts": 290.00,"name":"inner.loop","ph":"X"},
{"pid": 2,"cat":"","tid": 3,"dur": 13.00,"ts": 280.00,"name":"outer.loop","ph":"X"},
{"pid": 2,"cat":"","tid": 3,"ts": 296.00,"name":"hello 22 2","ph":"I"},
{"pid": 2,"cat":"","tid": 3,"dur": 2.00,"ts": 295.00,"name":"inner.loop","ph":"X"},
{"pid": 2,"cat":"","tid": 3,"ts": 299.00,"name":"hello 22 3","ph":"I"},
{"pid": 2,"cat":"","tid": 3,"dur": 2.00,"ts": 298.00,"name":"inner.loop","ph":"X"},
{"pid": 2,"cat":"","tid": 3,"ts": 302.00,"name":"hello 22 4","ph":"I"},
{"pid": 2,"cat":"","tid": 3,"dur": 2.00,"ts": 301.00,"name":"inner.loop","ph":"X"},
{"pid": 2,"cat":"","tid": 3,"ts": 305.00,"name":"hello 22 5","ph":"I"},
{"pid": 2,"cat":"","tid": 3,"dur": 2.00,"ts": 304.00,"name":"inner.loop","ph":"X"},
{"pid": 2,"cat":"","tid": 3,"dur": 13.00,"ts": 294.00,"name":"outer.loop","ph":"X"},
{"pid": 2,"cat":"","tid": 3,"ts": 310.00,"name":"hello 23 2","ph":"I"},
{"pid": 2,"cat":"","tid": 3,"dur": 2.00,"ts": 309.00,"name":"inner.loop","ph":"X"},
{"pid": 2,"cat":"","tid": 3,"ts": 313.00,"name":"hello 23 3","ph":"I"},
{"pid": 2,"cat":"","tid": 3,"dur": 2.00,"ts": 312.00,"name":"inner.loop","ph":"X"},
{"pid": 2,"cat":"","tid": 3,"ts": 316.00,"name":"hello 23 4","ph":"I"},
{"pid": 2,"cat":"","tid": 3,"dur": 2.00,"ts": 315.00,"name":"inner.loop","ph":"X"},
{"pid": 2,"cat":"","tid": 3,"ts": 319.00,"name":"hello 23 5","ph":"I"},
{"pid": 2,"cat":"","tid": 3,"dur": 2.00,"ts": 318.00,"name":"inner.loop","ph":"X"},
{"pid": 2,"cat":"","tid": 3,"dur": 13.00,"ts": 308.00,"name":"outer.loop","ph":"X"},
{"pid": 2,"cat":"","tid": 3,"ts": 324.00,"name":"hello 24 2","ph":"I"},
{"pid": 2,"cat":"","tid": 3,"dur": 2.00,"ts": 323.00,"name":"inner.loop","ph":"X"},
{"pid": 2,"cat":"","tid": 3,"ts": 327.00,"name":"hello 24 3","ph":"I"},
{"pid": 2,"cat":"","tid": 3,"dur": 2.00,"ts": 326.00,"name":"inner.loop","ph":"X"},
{"pid": 2,"cat":"","tid": 3,"ts": 330.00,"name":"hello 24 4","ph":"I"},
{"pid": 2,"cat":"","tid": 3,"dur": 2.00,"ts": 329.00,"name":"inner.loop","ph":"X"},
{"pid": 2,"cat":"","tid": 3,"ts": 333.00,"name":"hello 24 5","ph":"I"},
{"pid": 2,"cat":"","tid": 3,"dur": 2.00,"ts": 332.00,"name":"inner.loop","ph":"X"},
{"pid": 2,"cat":"","tid": 3,"dur": 13.00,"ts": 322.00,"name":"outer.loop","ph":"X"},
{"pid": 2,"cat":"","tid": 3,"ts": 338.00,"name":"hello 25 2","ph":"I"},
{"pid": 2,"cat":"","tid": 3,"dur": 2.00,"ts": 337.00,"name":"inner.loop","ph":"X"},
{"pid": 2,"cat":"","tid": 3,"ts": 341.00,"name":"hello 25 3","ph":"I"},
{"pid": 2,"cat":"","tid": 3,"dur": 2.00,"ts": 340.00,"name":"inner.loop","ph":"X"},
{"pid": 2,"cat":"","tid": 3,"ts": 344.00,"name":"hello 25 4","ph":"I"},
{"pid": 2,"cat":"","tid": 3,"dur": 2.00,"ts": 343.00,"name":"inner.loop","ph":"X"},
{"pid": 2,"cat":"","tid": 3,"ts": 347.00,"name":"hello 25 5","ph":"I"},
{"pid": 2,"cat":"","tid": 3,"dur": 2.00,"ts": 346.00,"name":"inner.loop","ph":"X"},
{"pid": 2,"cat":"","tid": 3,"dur": 13.00,"ts": 336.00,"name":"outer.loop","ph":"X"},
{"pid": 2,"cat":"","tid": 3,"ts": 352.00,"name":"hello 26 2","ph":"I"},
{"pid": 2,"cat":"","tid": 3,"dur": 2.00,"ts": 351.00,"name":"inner.loop","ph":"X"},
{"pid": 2,"cat":"","tid": 3,"ts": 355.00,"name":"hello 26 3","ph":"I"},
{"pid": 2,"cat":"","tid": 3,"dur": 2.00,"ts": 354.00,"name":"inner.loop","ph":"X"},
{"pid": 2,"cat":"","tid": 3,"ts": 358.00,"name":"hello 26 4","ph":"I"},
{"pid": 2,"cat":"","tid": 3,"dur": 2.00,"ts": 357.00,"name":"inner.loop","ph":"X"},
{"pid": 2,"cat":"","tid": 3,"ts": 361.00,"name":"hello 26 5","ph":"I"},
{"pid": 2,"cat":"","tid": 3,"dur": 2.00,"ts": 360.00,"name":"inner.loop","ph":"X"},
{"pid": 2,"cat":"","tid": 3,"dur": 13.00,"ts": 350.00,"name":"outer.loop","ph":"X"},
{"pid": 2,"cat":"","tid": 3,"ts": 366.00,"name":"hello 27 2","ph":"I"},
{"pid": 2,"cat":"","tid": 3,"dur": 2.00,"ts": 365.00,"name":"inner.loop","ph":"X"},
{"pid": 2,"cat":"","tid": 3,"ts": 369.00,"name":"hello 27 3","ph":"I"},
{"pid": 2,"cat":"","tid": 3,"dur": 2.00,"ts": 368.00,"name":"inner.loop","ph":"X"},
{"pid": 2,"cat":"","tid": 3,"ts": 372.00,"name":"hello 27 4","ph":"I"},
{"pid": 2,"cat":"","tid": 3,"dur": 2.00,"ts": 371.00,"name":"inner.loop","ph":"X"},
{"pid": 2,"cat":"","tid": 3,"ts": 375.00,"name":"hello 27 5","ph":"I"},
{"pid": 2,"cat":"","tid": 3,"dur": 2.00,"ts": 374.00,"name":"inner.loop","ph":"X"},
{"pid": 2,"cat":"","tid": 3,"dur": 13.00,"ts": 364.00,"name":"outer.loop","ph":"X"},
{"pid": 2,"cat":"","tid": 3,"ts": 380.00,"name":"hello 28 2","ph":"I"},
{"pid": 2,"cat":"","tid": 3,"dur": 2.00,"ts": 379.00,"name":"inner.loop","ph":"X"},
{"pid": 2,"cat":"","tid": 3,"ts": 383.00,"name":"hello 28 3","ph":"I"},
{"pid": 2,"cat":"","tid": 3,"dur": 2.00,"ts": 382.00,"name":"inner.loop","ph":"X"},
{"pid": 2,"cat":"","tid": 3,"ts": 386.00,"name":"hello 28 4","ph":"I"},
{"pid": 2,"cat":"","tid": 3,"dur": 2.00,"ts": 385.00,"name":"inner.loop","ph":"X"},
{"pid": 2,"cat":"","tid": 3,"ts": 389.00,"name":"hello 28 5","ph":"I"},
{"pid": 2,"cat":"","tid": 3,"dur": 2.00,"ts": 388.00,"name":"inner.loop","ph":"X"},
{"pid": 2,"cat":"","tid": 3,"dur": 13.00,"ts": 378.00,"name":"outer.loop","ph":"X"},
{"pid": 2,"cat":"","tid": 3,"ts": 394.00,"name":"hello 29 2","ph":"I"},
{"pid": 2,"cat":"","tid": 3,"dur": 2.00,"ts": 393.00,"name":"inner.loop","ph":"X"},
{"pid": 2,"cat":"","tid": 3,"ts": 397.00,"name":"hello 29 3","ph":"I"},
{"pid": 2,"cat":"","tid": 3,"dur": 2.00,"ts": 396.00,"name":"inner.loop","ph":"X"},
{"pid": 2,"cat":"","tid": 3,"ts": 400.00,"name":"hello 29 4","ph":"I"},
{"pid": 2,"cat":"","tid": 3,"dur": 2.00,"ts": 399.00,"name":"inner.loop","ph":"X"},
{"pid": 2,"cat":"","tid": 3,"ts": 403.00,"name":"hello 29 5","ph":"I"},
{"pid": 2,"cat":"","tid": 3,"dur": 2.00,"ts": 402.00,"name":"inner.loop","ph":"X"},
{"pid": 2,"cat":"","tid": 3,"dur": 13.00,"ts": 392.00,"name":"outer.loop","ph":"X"},
{"pid": 2,"cat":"","tid": 3,"ts": 408.00,"name":"hello 30 2","ph":"I"},
{"pid": 2,"cat":"","tid": 3,"dur": 2.00,"ts": 407.00,"name":"inner.loop","ph":"X"},
{"pid": 2,"cat":"","tid": 3,"ts": 411.00,"name":"hello 30 3","ph":"I"},
{"pid": 2,"cat":"","tid": 3,"dur": 2.00,"ts": 410.00,"name":"inner.loop","ph":"X"},
{"pid": 2,"cat":"","tid": 3,"ts": 414.00,"name":"hello 30 4","ph":"I"},
{"pid": 2,"cat":"","tid": 3,"dur": 2.00,"ts": 413.00,"name":"inner.loop","ph":"X"},
{"pid": 2,"cat":"","tid": 3,"ts": 417.00,"name":"hello 30 5","ph":"I"},
{"pid": 2,"cat":"","tid": 3,"dur": 2.00,"ts": 416.00,"name":"inner.loop","ph":"X"},
{"pid": 2,"cat":"","tid": 3,"dur": 13.00,"ts": 406.00,"name":"outer.loop","ph":"X"},
{"pid": 2,"cat":"","tid": 3,"ts": 422.00,"name":"hello 31 2","ph":"I"},
{"pid": 2,"cat":"","tid": 3,"dur": 2.00,"ts": 421.00,"name":"inner.loop","ph":"X"},
{"pid": 2,"cat":"","tid": 3,"ts": 425.00,"name":"hello 31 3","ph":"I"},
{"pid": 2,"cat":"","tid": 3,"dur": 2.00,"ts": 424.00,"name":"inner.loop","ph":"X"},
{"pid": 2,"cat":"","tid": 3,"ts": 428.00,"name":"hello 31 4","ph":"I"},
{"pid": 2,"cat":"","tid": 3,"dur": 2.00,"ts": 427.00,"name":"inner.loop","ph":"X"},
{"pid": 2,"cat":"","tid": 3,"ts": 431.00,"name":"hello 31 5","ph":"I"},
{"pid": 2,"cat":"","tid": 3,"dur": 2.00,"ts": 430.00,"name":"inner.loop","ph":"X"},
{"pid": 2,"cat":"","tid": 3,"dur": 13.00,"ts": 420.00,"name":"outer.loop","ph":"X"},
{"pid": 2,"cat":"","tid": 3,"ts": 436.00,"name":"hello 32 2","ph":"I"},
{"pid": 2,"cat":"","tid": 3,"dur": 2.00,"ts": 435.00,"name":"inner.loop","ph":"X"},
{"pid": 2,"cat":"","tid": 3,"ts": 439.00,"name":"hello 32 3","ph":"I"},
{"pid": 2,"cat":"","tid": 3,"dur": 2.00,"ts": 438.00,"name":"inner.loop","ph":"X"},
{"pid": 2,"cat":"","tid": 3,"ts": 442.00,"name":"hello 32 4","ph":"I"},
{"pid": 2,"cat":"","tid": 3,"dur": 2.00,"ts": 441.00,"name":"inner.loop","ph":"X"},
{"pid": 2,"cat":"","tid": 3,"ts": 445.00,"name":"hello 32 5","ph":"I"},
{"pid": 2,"cat":"","tid": 3,"dur": 2.00,"ts": 444.00,"name":"inner.loop","ph":"X"},
{"pid": 2,"cat":"","tid": 3,"dur": 13.00,"ts": 434.00,"name":"outer.loop","ph":"X"},
{"pid": 2,"cat":"","tid": 3,"ts": 450.00,"name":"hello 33 2","ph":"I"},
{"pid": 2,"cat":"","tid": 3,"dur": 2.00,"ts": 449.00,"name":"inner.loop","ph":"X"},
{"pid": 2,"cat":"","tid": 3,"ts": 453.00,"name":"hello 33 3","ph":"I"},
{"pid": 2,"cat":"","tid": 3,"dur": 2.00,"ts": 452.00,"name":"inner.loop","ph":"X"},
{"pid": 2,"cat":"","tid": 3,"ts": 456.00,"name":"hello 33 4","ph":"I"},
{"pid": 2,"cat":"","tid": 3,"dur": 2.00,"ts": 455.00,"name":"inner.loop","ph":"X"},
{"pid": 2,"cat":"","tid": 3,"ts": 459.00,"name":"hello 33 5","ph":"I"},
{"pid": 2,"cat":"","tid": 3,"dur": 2.00,"ts": 458.00,"name":"inner.loop","ph":"X"},
{"pid": 2,"cat":"","tid": 3,"dur": 13.00,"ts": 448.00,"name":"outer.loop","ph":"X"},
{"pid": 2,"cat":"","tid": 3,"ts": 464.00,"name":"hello 34 2","ph":"I"},
{"pid": 2,"cat":"","tid": 3,"dur": 2.00,"ts": 463.00,"name":"inner.loop","ph":"X"},
{"pid": 2,"cat":"","tid": 3,"ts": 467.00,"name":"hello 34 3","ph":"I"},
{"pid": 2,"cat":"","tid": 3,"dur": 2.00,"ts": 466.00,"name":"inner.loop","ph":"X"},
{"pid": 2,"cat":"","tid": 3,"ts": 470.00,"name":"hello 34 4","ph":"I"},
{"pid": 2,"cat":"","tid": 3,"dur": 2.00,"ts": 469.00,"name":"inner.loop","ph":"X"},
{"pid": 2,"cat":"","tid": 3,"ts": 473.00,"name":"hello 34 5","ph":"I"},
{"pid": 2,"cat":"","tid": 3,"dur": 2.00,"ts": 472.00,"name":"inner.loop","ph":"X"},
{"pid": 2,"cat":"","tid": 3,"dur": 13.00,"ts": 462.00,"name":"outer.loop","ph":"X"},
{"pid": 2,"cat":"","tid": 3,"ts": 478.00,"name":"hello 35 2","ph":"I"},
{"pid": 2,"cat":"","tid": 3,"dur": 2.00,"ts": 477.00,"name":"inner.loop","ph":"X"},
{"pid": 2,"cat":"","tid": 3,"ts": 481.00,"name":"hello 35 3","ph":"I"},
{"pid": 2,"cat":"","tid": 3,"dur": 2.00,"ts": 480.00,"name":"inner.loop","ph":"X"},
{"pid": 2,"cat":"","tid": 3,"ts": 484.00,"name":"hello 35 4","ph":"I"},
{"pid": 2,"cat":"","tid": 3,"dur": 2.00,"ts": 483.00,"name":"inner.loop","ph":"X"},
{"pid": 2,"cat":"","tid": 3,"ts": 487.00,"name":"hello 35 5","ph":"I"},
{"pid": 2,"cat":"","tid": 3,"dur": 2.00,"ts": 486.00,"name":"inner.loop","ph":"X"},
{"pid": 2,"cat":"","tid": 3,"dur": 13.00,"ts": 476.00,"name":"outer.loop","ph":"X"},
{"pid": 2,"cat":"","tid": 3,"ts": 492.00,"name":"hello 36 2","ph":"I"},
{"pid": 2,"cat":"","tid": 3,"dur": 2.00,"ts": 491.00,"name":"inner.loop","ph":"X"},
{"pid": 2,"cat":"","tid": 3,"ts": 495.00,"name":"hello 36 3","ph":"I"},
{"pid": 2,"cat":"","tid": 3,"dur": 2.00,"ts": 494.00,"name":"inner.loop","ph":"X"},
{"pid": 2,"cat":"","tid": 3,"ts": 498.00,"name":"hello 36 4","ph":"I"},
{"pid": 2,"cat":"","tid": 3,"dur": 2.00,"ts": 497.00,"name":"inner.loop","ph":"X"},
{"pid": 2,"cat":"","tid": 3,"ts": 501.00,"name":"hello 36 5","ph":"I"},
{"pid": 2,"cat":"","tid": 3,"dur": 2.00,"ts": 500.00,"name":"inner.loop","ph":"X"},
{"pid": 2,"cat":"","tid": 3,"dur": 13.00,"ts": 490.00,"name":"outer.loop","ph":"X"},
{"pid": 2,"cat":"","tid": 3,"ts": 506.00,"name":"hello 37 2","ph":"I"},
{"pid": 2,"cat":"","tid": 3,"dur": 2.00,"ts": 505.00,"name":"inner.loop","ph":"X"},
{"pid": 2,"cat":"","tid": 3,"ts": 509.00,"name":"hello 37 3","ph":"I"},
{"pid": 2,"cat":"","tid": 3,"dur": 2.00,"ts": 508.00,"name":"inner.loop","ph":"X"},
{"pid": 2,"cat":"","tid": 3,"ts": 512.00,"name":"hello 37 4","ph":"I"},
{"pid": 2,"cat":"","tid": 3,"dur": 2.00,"ts": 511.00,"name":"inner.loop","ph":"X"},
{"pid": 2,"cat":"","tid": 3,"ts": 515.00,"name":"hello 37 5","ph":"I"},
{"pid": 2,"cat":"","tid": 3,"dur": 2.00,"ts": 514.00,"name":"inner.loop","ph":"X"},
{"pid": 2,"cat":"","tid": 3,"dur": 13.00,"ts": 504.00,"name":"outer.loop","ph":"X"},
{"pid": 2,"cat":"","tid": 3,"ts": 520.00,"name":"hello 38 2","ph":"I"},
{"pid": 2,"cat":"","tid": 3,"dur": 2.00,"ts": 519.00,"name":"inner.loop","ph":"X"},
{"pid": 2,"cat":"","tid": 3,"ts": 523.00,"name":"hello 38 3","ph":"I"},
{"pid": 2,"cat":"","tid": 3,"dur": 2.00,"ts": 522.00,"name":"inner.loop","ph":"X"},
{"pid": 2,"cat":"","tid": 3,"ts": 526.00,"name":"hello 38 4","ph":"I"},
{"pid": 2,"cat":"","tid": 3,"dur": 2.00,"ts": 525.00,"name":"inner.loop","ph":"X"},
{"pid": 2,"cat":"","tid": 3,"ts": 529.00,"name":"hello 38 5","ph":"I"},
{"pid": 2,"cat":"","tid": 3,"dur": 2.00,"ts": 528.00,"name":"inner.loop","ph":"X"},
{"pid": 2,"cat":"","tid": 3,"dur": 13.00,"ts": 518.00,"name":"outer.loop","ph":"X"},
{"pid": 2,"cat":"","tid": 3,"ts": 534.00,"name":"hello 39 2","ph":"I"},
{"pid": 2,"cat":"","tid": 3,"dur": 2.00,"ts": 533.00,"name":"inner.loop","ph":"X"},
{"pid": 2,"cat":"","tid": 3,"ts": 537.00,"name":"hello 39 3","ph":"I"},
{"pid": 2,"cat":"","tid": 3,"dur": 2.00,"ts": 536.00,"name":"inner.loop","ph":"X"},
{"pid": 2,"cat":"","tid": 3,"ts": 540.00,"name":"hello 39 4","ph":"I"},
{"pid": 2,"cat":"","tid": 3,"dur": 2.00,"ts": 539.00,"name":"inner.loop","ph":"X"},
{"pid": 2,"cat":"","tid": 3,"ts": 543.00,"name":"hello 39 5","ph":"I"},
{"pid": 2,"cat":"","tid": 3,"dur": 2.00,"ts": 542.00,"name":"inner.loop","ph":"X"},
{"pid": 2,"cat":"","tid": 3,"dur": 13.00,"ts": 532.00,"name":"outer.loop","ph":"X"},
{"pid": 2,"cat":"","tid": 3,"ts": 548.00,"name":"hello 40 2","ph":"I"},
{"pid": 2,"cat":"","tid": 3,"dur": 2.00,"ts": 547.00,"name":"inner.loop","ph":"X"},
{"pid": 2,"cat":"","tid": 3,"ts": 551.00,"name":"hello 40 3","ph":"I"},
{"pid": 2,"cat":"","tid": 3,"dur": 2.00,"ts": 550.00,"name":"inner.loop","ph":"X"},
{"pid": 2,"cat":"","tid": 3,"ts": 554.00,"name":"hello 40 4","ph":"I"},
{"pid": 2,"cat":"","tid": 3,"dur": 2.00,"ts": 553.00,"name":"inner.loop","ph":"X"},
{"pid": 2,"cat":"","tid": 3,"ts": 557.00,"name":"hello 40 5","ph":"I"},
{"pid": 2,"cat":"","tid": 3,"dur": 2.00,"ts": 556.00,"name":"inner.loop","ph":"X"},
{"pid": 2,"cat":"","tid": 3,"dur": 13.00,"ts": 546.00,"name":"outer.loop","ph":"X"},
{"pid": 2,"cat":"","tid": 3,"ts": 562.00,"name":"hello 41 2","ph":"I"},
{"pid": 2,"cat":"","tid": 3,"dur": 2.00,"ts": 561.00,"name":"inner.loop","ph":"X"},
{"pid": 2,"cat":"","tid": 3,"ts": 565.00,"name":"hello 41 3","ph":"I"},
{"pid": 2,"cat":"","tid": 3,"dur": 2.00,"ts": 564.00,"name":"inner.loop","ph":"X"},
{"pid": 2,"cat":"","tid": 3,"ts": 568.00,"name":"hello 41 4","ph":"I"},
{"pid": 2,"cat":"","tid": 3,"dur": 2.00,"ts": 567.00,"name":"inner.loop","ph":"X"},
{"pid": 2,"cat":"","tid": 3,"ts": 571.00,"name":"hello 41 5","ph":"I"},
{"pid": 2,"cat":"","tid": 3,"dur": 2.00,"ts": 570.00,"name":"inner.loop","ph":"X"},
{"pid": 2,"cat":"","tid": 3,"dur": 13.00,"ts": 560.00,"name":"outer.loop","ph":"X"},
{"pid": 2,"cat":"","tid": 3,"ts": 576.00,"name":"hello 42 2","ph":"I"},
{"pid": 2,"cat":"","tid": 3,"dur": 2.00,"ts": 575.00,"name":"inner.loop","ph":"X"},
{"pid": 2,"cat":"","tid": 3,"ts": 579.00,"name":"hello 42 3","ph":"I"},
{"pid": 2,"cat":"","tid": 3,"dur": 2.00,"ts": 578.00,"name":"inner.loop","ph":"X"},
{"pid": 2,"cat":"","tid": 3,"ts": 582.00,"name":"hello 42 4","ph":"I"},
{"pid": 2,"cat":"","tid": 3,"dur": 2.00,"ts": 581.00,"name":"inner.loop","ph":"X"},
{"pid": 2,"cat":"","tid": 3,"ts": 585.00,"name":"hello 42 5","ph":"I"},
{"pid": 2,"cat":"","tid": 3,"dur": 2.00,"ts": 584.00,"name":"inner.loop","ph":"X"},
{"pid": 2,"cat":"","tid": 3,"dur": 13.00,"ts": 574.00,"name":"outer.loop","ph":"X"},
{"pid": 2,"cat":"","tid": 3,"ts": 590.00,"name":"hello 43 2","ph":"I"},
{"pid": 2,"cat":"","tid": 3,"dur": 2.00,"ts": 589.00,"name":"inner.loop","ph":"X"},
{"pid": 2,"cat":"","tid": 3,"ts": 593.00,"name":"hello 43 3","ph":"I"},
{"pid": 2,"cat":"","tid": 3,"dur": 2.00,"ts": 592.00,"name":"inner.loop","ph":"X"},
{"pid": 2,"cat":"","tid": 3,"ts": 596.00,"name":"hello 43 4","ph":"I"},
{"pid": 2,"cat":"","tid": 3,"dur": 2.00,"ts": 595.00,"name":"inner.loop","ph":"X"},
{"pid": 2,"cat":"","tid": 3,"ts": 599.00,"name":"hello 43 5","ph":"I"},
{"pid": 2,"cat":"","tid": 3,"dur": 2.00,"ts": 598.00,"name":"inner.loop","ph":"X"},
{"pid": 2,"cat":"","tid": 3,"dur": 13.00,"ts": 588.00,"name":"outer.loop","ph":"X"},
{"pid": 2,"cat":"","tid": 3,"ts": 604.00,"name":"hello 44 2","ph":"I"},
{"pid": 2,"cat":"","tid": 3,"dur": 2.00,"ts": 603.00,"name":"inner.loop","ph":"X"},
{"pid": 2,"cat":"","tid": 3,"ts": 607.00,"name":"hello 44 3","ph":"I"},
{"pid": 2,"cat":"","tid": 3,"dur": 2.00,"ts": 606.00,"name":"inner.loop","ph":"X"},
{"pid": 2,"cat":"","tid": 3,"ts": 610.00,"name":"hello 44 4","ph":"I"},
{"pid": 2,"cat":"","tid": 3,"dur": 2.00,"ts": 609.00,"name":"inner.loop","ph":"X"},
{"pid": 2,"cat":"","tid": 3,"ts": 613.00,"name":"hello 44 5","ph":"I"},
{"pid": 2,"cat":"","tid": 3,"dur": 2.00,"ts": 612.00,"name":"inner.loop","ph":"X"},
{"pid": 2,"cat":"","tid": 3,"dur": 13.00,"ts": 602.00,"name":"outer.loop","ph":"X"},
{"pid": 2,"cat":"","tid": 3,"ts": 618.00,"name":"hello 45 2","ph":"I"},
{"pid": 2,"cat":"","tid": 3,"dur": 2.00,"ts": 617.00,"name":"inner.loop","ph":"X"},
{"pid": 2,"cat":"","tid": 3,"ts": 621.00,"name":"hello 45 3","ph":"I"},
{"pid": 2,"cat":"","tid": 3,"dur": 2.00,"ts": 620.00,"name":"inner.loop","ph":"X"},
{"pid": 2,"cat":"","tid": 3,"ts": 624.00,"name":"hello 45 4","ph":"I"},
{"pid": 2,"cat":"","tid": 3,"dur": 2.00,"ts": 623.00,"name":"inner.loop","ph":"X"},
{"pid": 2,"cat":"","tid": 3,"ts": 627.00,"name":"hello 45 5","ph":"I"},
{"pid": 2,"cat":"","tid": 3,"dur": 2.00,"ts": 626.00,"name":"inner.loop","ph":"X"},
{"pid": 2,"cat":"","tid": 3,"dur": 13.00,"ts": 616.00,"name":"outer.loop","ph":"X"},
{"pid": 2,"cat":"","tid": 3,"ts": 632.00,"name":"hello 46 2","ph":"I"},
{"pid": 2,"cat":"","tid": 3,"dur": 2.00,"ts": 631.00,"name":"inner.loop","ph":"X"},
{"pid": 2,"cat":"","tid": 3,"ts": 635.00,"name":"hello 46 3","ph":"I"},
{"pid": 2,"cat":"","tid": 3,"dur": 2.00,"ts": 634.00,"name":"inner.loop","ph":"X"},
{"pid": 2,"cat":"","tid": 3,"ts": 638.00,"name":"hello 46 4","ph":"I"},
{"pid": 2,"cat":"","tid": 3,"dur": 2.00,"ts": 637.00,"name":"inner.loop","ph":"X"},
{"pid": 2,"cat":"","tid": 3,"ts": 641.00,"name":"hello 46 5","ph":"I"},
{"pid": 2,"cat":"","tid": 3,"dur": 2.00,"ts": 640.00,"name":"inner.loop","ph":"X"},
{"pid": 2,"cat":"","tid": 3,"dur": 13.00,"ts": 630.00,"name":"outer.loop","ph":"X"},
{"pid": 2,"cat":"","tid": 3,"ts": 646.00,"name":"hello 47 2","ph":"I"},
{"pid": 2,"cat":"","tid": 3,"dur": 2.00,"ts": 645.00,"name":"inner.loop","ph":"X"},
{"pid": 2,"cat":"","tid": 3,"ts": 649.00,"name":"hello 47 3","ph":"I"},
{"pid": 2,"cat":"","tid": 3,"dur": 2.00,"ts": 648.00,"name":"inner.loop","ph":"X"},
{"pid": 2,"cat":"","tid": 3,"ts": 652.00,"name":"hello 47 4","ph":"I"},
{"pid": 2,"cat":"","tid": 3,"dur": 2.00,"ts": 651.00,"name":"inner.loop","ph":"X"},
{"pid": 2,"cat":"","tid": 3,"ts": 655.00,"name":"hello 47 5","ph":"I"},
{"pid": 2,"cat":"","tid": 3,"dur": 2.00,"ts": 654.00,"name":"inner.loop","ph":"X"},
{"pid": 2,"cat":"","tid": 3,"dur": 13.00,"ts": 644.00,"name":"outer.loop","ph":"X"},
{"pid": 2,"cat":"","tid": 3,"ts": 660.00,"name":"hello 48 2","ph":"I"},
{"pid": 2,"cat":"","tid": 3,"dur": 2.00,"ts": 659.00,"name":"inner.loop","ph":"X"},
{"pid": 2,"cat":"","tid": 3,"ts": 663.00,"name":"hello 48 3","ph":"I"},
{"pid": 2,"cat":"","tid": 3,"dur": 2.00,"ts": 662.00,"name":"inner.loop","ph":"X"},
{"pid": 2,"cat":"","tid": 3,"ts": 666.00,"name":"hello 48 4","ph":"I"},
{"pid": 2,"cat":"","tid": 3,"dur": 2.00,"ts": 665.00,"name":"inner.loop","ph":"X"},
{"pid": 2,"cat":"","tid": 3,"ts": 669.00,"name":"hello 48 5","ph":"I"},
{"pid": 2,"cat":"","tid": 3,"dur": 2.00,"ts": 668.00,"name":"inner.loop","ph":"X"},
{"pid": 2,"cat":"","tid": 3,"dur": 13.00,"ts": 658.00,"name":"outer.loop","ph":"X"},
{"pid": 2,"cat":"","tid": 3,"ts": 674.00,"name":"hello 49 2","ph":"I"},
{"pid": 2,"cat":"","tid": 3,"dur": 2.00,"ts": 673.00,"name":"inner.loop","ph":"X"},
{"pid": 2,"cat":"","tid": 3,"ts": 677.00,"name":"hello 49 3","ph":"I"},
{"pid": 2,"cat":"","tid": 3,"dur": 2.00,"ts": 676.00,"name":"inner.loop","ph":"X"},
{"pid": 2,"cat":"","tid": 3,"ts": 680.00,"name":"hello 49 4","ph":"I"},
{"pid": 2,"cat":"","tid": 3,"dur": 2.00,"ts": 679.00,"name":"inner.loop","ph":"X"},
{"pid": 2,"cat":"","tid": 3,"ts": 683.00,"name":"hello 49 5","ph":"I"},
{"pid": 2,"cat":"","tid": 3,"dur": 2.00,"ts": 682.00,"name":"inner.loop","ph":"X"},
{"pid": 2,"cat":"","tid": 3,"dur": 13.00,"ts": 672.00,"name":"outer.loop","ph":"X"},
{"pid": 2,"cat":"","tid": 3,"ts": 688.00,"name":"hello 50 2","ph":"I"},
{"pid": 2,"cat":"","tid": 3,"dur": 2.00,"ts": 687.00,"name":"inner.loop","ph":"X"},
{"pid": 2,"cat":"","tid": 3,"ts": 691.00,"name":"hello 50 3","ph":"I"},
{"pid": 2,"cat":"","tid": 3,"dur": 2.00,"ts": 690.00,"name":"inner.loop","ph":"X"},
{"pid": 2,"cat":"","tid": 3,"ts": 694.00,"name":"hello 50 4","ph":"I"},
{"pid": 2,"cat":"","tid": 3,"dur": 2.00,"ts": 693.00,"name":"inner.loop","ph":"X"},
{"pid": 2,"cat":"","tid": 3,"ts": 697.00,"name":"hello 50 5","ph":"I"},
{"pid": 2,"cat":"","tid": 3,"dur": 2.00,"ts": 696.00,"name":"inner.loop","ph":"X"},
{"pid": 2,"cat":"","tid": 3,"dur": 13.00,"ts": 686.00,"name":"outer.loop","ph":"X"}]