[{"pid":2,"name":"process_name","ph":"M","args": {"name":"main"}},
{"pid":2,"tid": 3,"name":"thread_name","ph":"M","args": {"name":"t1"}},
{"pid":2,"cat":"","tid": 3,"dur": 1.00,"ts": 9.00,"name":"fib","ph":"X"},
{"pid":2,"cat":"","tid": 3,"dur": 1.00,"ts": 11.00,"name":"fib","ph":"X"},
{"pid":2,"cat":"","tid": 3,"dur": 5.00,"ts": 8.00,"name":"fib","ph":"X"},
{"pid":2,"cat":"","tid": 3,"dur": 1.00,"ts": 15.00,"name":"fib","ph":"X"},
{"pid":2,"cat":"","tid": 3,"dur": 1.00,"ts": 18.00,"name":"fib","ph":"X"},
{"pid":2,"cat":"","tid": 3,"dur": 1.00,"ts": 20.00,"name":"fib","ph":"X"},
{"pid":2,"cat":"","tid": 3,"dur": 5.00,"ts": 17.00,"name":"fib","ph":"X"},
{"pid":2,"cat":"","tid": 3,"dur": 9.00,"ts": 14.00,"name":"fib","ph":"X"},
{"pid":2,"cat":"","tid": 3,"dur": 17.00,"ts": 7.00,"name":"fib","ph":"X"},
{"pid":2,"cat":"","tid": 3,"dur": 1.00,"ts": 27.00,"name":"fib","ph":"X"},
{"pid":2,"cat":"","tid": 3,"dur": 1.00,"ts": 30.00,"name":"fib","ph":"X"},
{"pid":2,"cat":"","tid": 3,"dur": 1.00,"ts": 32.00,"name":"fib","ph":"X"},
{"pid":2,"cat":"","tid": 3,"dur": 5.00,"ts": 29.00,"name":"fib","ph":"X"},
{"pid":2,"cat":"","tid": 3,"dur": 9.00,"ts": 26.00,"name":"fib","ph":"X"},
{"pid":2,"cat":"","tid": 3,"dur": 1.00,"ts": 38.00,"name":"fib","ph":"X"},
{"pid":2,"cat":"","tid": 3,"dur": 1.00,"ts": 40.00,"name":"fib","ph":"X"},
{"pid":2,"cat":"","tid": 3,"dur": 5.00,"ts": 37.00,"name":"fib","ph":"X"},
{"pid":2,"cat":"","tid": 3,"dur": 1.00,"ts": 44.00,"name":"fib","ph":"X"},
{"pid":2,"cat":"","tid": 3,"dur": 1.00,"ts": 47.00,"name":"fib","ph":"X"},
{"pid":2,"cat":"","tid": 3,"dur": 1.00,"ts": 49.00,"name":"fib","ph":"X"},
{"pid":2,"cat":"","tid": 3,"dur": 5.00,"ts": 46.00,"name":"fib","ph":"X"},
{"pid":2,"cat":"","tid": 3,"dur": 9.00,"ts": 43.00,"name":"fib","ph":"X"},
{"pid":2,"cat":"","tid": 3,"dur": 17.00,"ts": 36.00,"name":"fib","ph":"X"},
{"pid":2,"cat":"","tid": 3,"dur": 29.00,"ts": 25.00,"name":"fib","ph":"X"},
{"pid":2,"cat":"","tid": 3,"dur": 49.00,"ts": 6.00,"name":"fib","ph":"X"},
{"pid":2,"cat":"","tid": 3,"dur": 1.00,"ts": 59.00,"name":"fib","ph":"X"},
{"pid":2,"cat":"","tid": 3,"dur": 1.00,"ts": 62.00,"name":"fib","ph":"X"},
{"pid":2,"cat":"","tid": 3,"dur": 1.00,"ts": 64.00,"name":"fib","ph":"X"},
{"pid":2,"cat":"","tid": 3,"dur": 5.00,"ts": 61.00,"name":"fib","ph":"X"},
{"pid":2,"cat":"","tid": 3,"dur": 9.00,"ts": 58.00,"name":"fib","ph":"X"},
{"pid":2,"cat":"","tid": 3,"dur": 1.00,"ts": 70.00,"name":"fib","ph":"X"},
{"pid":2,"cat":"","tid": 3,"dur": 1.00,"ts": 72.00,"name":"fib","ph":"X"},
{"pid":2,"cat":"","tid": 3,"dur": 5.00,"ts": 69.00,"name":"fib","ph":"X"},
{"pid":2,"cat":"","tid": 3,"dur": 1.00,"ts": 76.00,"name":"fib","ph":"X"},
{"pid":2,"cat":"","tid": 3,"dur": 1.00,"ts": 79.00,"name":"fib","ph":"X"},
{"pid":2,"cat":"","tid": 3,"dur": 1.00,"ts": 81.00,"name":"fib","ph":"X"},
{"pid":2,"cat":"","tid": 3,"dur": 5.00,"ts": 78.00,"name":"fib","ph":"X"},
{"pid":2,"cat":"","tid": 3,"dur": 9.00,"ts": 75.00,"name":"fib","ph":"X"},
{"pid":2,"cat":"","tid": 3,"dur": 17.00,"ts": 68.00,"name":"fib","ph":"X"},
{"pid":2,"cat":"","tid": 3,"dur": 29.00,"ts": 57.00,"name":"fib","ph":"X"},
{"pid":2,"cat":"","tid": 3,"dur": 1.00,"ts": 90.00,"name":"fib","ph":"X"},
{"pid":2,"cat":"","tid": 3,"dur": 1.00,"ts": 92.00,"name":"fib","ph":"X"},
{"pid":2,"cat":"","tid": 3,"dur": 5.00,"ts": 89.00,"name":"fib","ph":"X"},
{"pid":2,"cat":"","tid": 3,"dur": 1.00,"ts": 96.00,"name":"fib","ph":"X"},
{"pid":2,"cat":"","tid": 3,"dur": 1.00,"ts": 99.00,"name":"fib","ph":"X"},
{"pid":2,"cat":"","tid": 3,"dur": 1.00,"ts": 101.00,"name":"fib","ph":"X"},
{"pid":2,"cat":"","tid": 3,"dur": 5.00,"ts": 98.00,"name":"fib","ph":"X"},
{"pid":2,"cat":"","tid": 3,"dur": 9.00,"ts": 95.00,"name":"fib","ph":"X"},
{"pid":2,"cat":"","tid": 3,"dur": 17.00,"ts": 88.00,"name":"fib","ph":"X"},
{"pid":2,"cat":"","tid": 3,"dur": 1.00,"ts": 108.00,"name":"fib","ph":"X"},
{"pid":2,"cat":"","tid": 3,"dur": 1.00,"ts": 111.00,"name":"fib","ph":"X"},
{"pid":2,"cat":"","tid": 3,"dur": 1.00,"ts": 113.00,"name":"fib","ph":"X"},
{"pid":2,"cat":"","tid": 3,"dur": 5.00,"ts": 110.00,"name":"fib","ph":"X"},
{"pid":2,"cat":"","tid": 3,"dur": 9.00,"ts": 107.00,"name":"fib","ph":"X"},
{"pid":2,"cat":"","tid": 3,"dur": 1.00,"ts": 119.00,"name":"fib","ph":"X"},
{"pid":2,"cat":"","tid": 3,"dur": 1.00,"ts": 121.00,"name":"fib","ph":"X"},
{"pid":2,"cat":"","tid": 3,"dur": 5.00,"ts": 118.00,"name":"fib","ph":"X"},
{"pid":2,"cat":"","tid": 3,"dur": 1.00,"ts": 125.00,"name":"fib","ph":"X"},
{"pid":2,"cat":"","tid": 3,"dur": 1.00,"ts": 128.00,"name":"fib","ph":"X"},
{"pid":2,"cat":"","tid": 3,"dur": 1.00,"ts": 130.00,"name":"fib","ph":"X"},
{"pid":2,"cat":"","tid": 3,"dur": 5.00,"ts": 127.00,"name":"fib","ph":"X"},
{"pid":2,"cat":"","tid": 3,"dur": 9.00,"ts": 124.00,"name":"fib","ph":"X"},
{"pid":2,"cat":"","tid": 3,"dur": 17.00,"ts": 117.00,"name":"fib","ph":"X"},
{"pid":2,"cat":"","tid": 3,"dur": 29.00,"ts": 106.00,"name":"fib","ph":"X"},
{"pid":2,"cat":"","tid": 3,"dur": 49.00,"ts": 87.00,"name":"fib","ph":"X"},
{"pid":2,"cat":"","tid": 3,"dur": 81.00,"ts": 56.00,"name":"fib","ph":"X"},
{"pid":2,"cat":"","tid": 3,"dur": 133.00,"ts": 5.00,"name":"fib","ph":"X"},
{"pid":2,"cat":"","tid": 3,"dur": 1.00,"ts": 143.00,"name":"fib","ph":"X"},
{"pid":2,"cat":"","tid": 3,"dur": 1.00,"ts": 146.00,"name":"fib","ph":"X"},
{"pid":2,"cat":"","tid": 3,"dur": 1.00,"ts": 148.00,"name":"fib","ph":"X"},
{"pid":2,"cat":"","tid": 3,"dur": 5.00,"ts": 145.00,"name":"fib","ph":"X"},
{"pid":2,"cat":"","tid": 3,"dur": 9.00,"ts": 142.00,"name":"fib","ph":"X"},
{"pid":2,"cat":"","tid": 3,"dur": 1.00,"ts": 154.00,"name":"fib","ph":"X"},
{"pid":2,"cat":"","tid": 3,"dur": 1.00,"ts": 156.00,"name":"fib","ph":"X"},
{"pid":2,"cat":"","tid": 3,"dur": 5.00,"ts": 153.00,"name":"fib","ph":"X"},
{"pid":2,"cat":"","tid": 3,"dur": 1.00,"ts": 160.00,"name":"fib","ph":"X"},
{"pid":2,"cat":"","tid": 3,"dur": 1.00,"ts": 163.00,"name":"fib","ph":"X"},
{"pid":2,"cat":"","tid": 3,"dur": 1.00,"ts": 165.00,"name":"fib","ph":"X"},
{"pid":2,"cat":"","tid": 3,"dur": 5.00,"ts": 162.00,"name":"fib","ph":"X"},
{"pid":2,"cat":"","tid": 3,"dur": 9.00,"ts": 159.00,"name":"fib","ph":"X"},
{"pid":2,"cat":"","tid": 3,"dur": 17.00,"ts": 152.00,"name":"fib","ph":"X"},
{"pid":2,"cat":"","tid": 3,"dur": 29.00,"ts": 141.00,"name":"fib","ph":"X"},
{"pid":2,"cat":"","tid": 3,"dur": 1.00,"ts": 174.00,"name":"fib","ph":"X"},
{"pid":2,"cat":"","tid": 3,"dur": 1.00,"ts": 176.00,"name":"fib","ph":"X"},
{"pid":2,"cat":"","tid": 3,"dur": 5.00,"ts": 173.00,"name":"fib","ph":"X"},
{"pid":2,"cat":"","tid": 3,"dur": 1.00,"ts": 180.00,"name":"fib","ph":"X"},
{"pid":2,"cat":"","tid": 3,"dur": 1.00,"ts": 183.00,"name":"fib","ph":"X"},
{"pid":2,"cat":"","tid": 3,"dur": 1.00,"ts": 185.00,"name":"fib","ph":"X"},
{"pid":2,"cat":"","tid": 3,"dur": 5.00,"ts": 182.00,"name":"fib","ph":"X"},
{"pid":2,"cat":"","tid": 3,"dur": 9.00,"ts": 179.00,"name":"fib","ph":"X"},
{"pid":2,"cat":"","tid": 3,"dur": 17.00,"ts": 172.00,"name":"fib","ph":"X"},
{"pid":2,"cat":"","tid": 3,"dur": 1.00,"ts": 192.00,"name":"fib","ph":"X"},
{"pid":2,"cat":"","tid": 3,"dur": 1.00,"ts": 195.00,"name":"fib","ph":"X"},
{"pid":2,"cat":"","tid": 3,"dur": 1.00,"ts": 197.00,"name":"fib","ph":"X"},
{"pid":2,"cat":"","tid": 3,"dur": 5.00,"ts": 194.00,"name":"fib","ph":"X"},
{"pid":2,"cat":"","tid": 3,"dur": 9.00,"ts": 191.00,"name":"fib","ph":"X"},
{"pid":2,"cat":"","tid": 3,"dur": 1.00,"ts": 203.00,"name":"fib","ph":"X"},
{"pid":2,"cat":"","tid": 3,"dur": 1.00,"ts": 205.00,"name":"fib","ph":"X"},
{"pid":2,"cat":"","tid": 3,"dur": 5.00,"ts": 202.00,"name":"fib","ph":"X"},
{"pid":2,"cat":"","tid": 3,"dur": 1.00,"ts": 209.00,"name":"fib","ph":"X"},
{"pid":2,"cat":"","tid": 3,"dur": 1.00,"ts": 212.00,"name":"fib","ph":"X"},
{"pid":2,"cat":"","tid": 3,"dur": 1.00,"ts": 214.00,"name":"fib","ph":"X"},
{"pid":2,"cat":"","tid": 3,"dur": 5.00,"ts": 211.00,"name":"fib","ph":"X"},
{"pid":2,"cat":"","tid": 3,"dur": 9.00,"ts": 208.00,"name":"fib","ph":"X"},
{"pid":2,"cat":"","tid": 3,"dur": 17.00,"ts": 201.00,"name":"fib","ph":"X"},
{"pid":2,"cat":"","tid": 3,"dur": 29.00,"ts": 190.00,"name":"fib","ph":"X"},
{"pid":2,"cat":"","tid": 3,"dur": 49.00,"ts": 171.00,"name":"fib","ph":"X"},
{"pid":2,"cat":"","tid": 3,"dur": 81.00,"ts": 140.00,"name":"fib","ph":"X"},
{"pid":2,"cat":"","tid": 3,"dur": 1.00,"ts": 226.00,"name":"fib","ph":"X"},
{"pid":2,"cat":"","tid": 3,"dur": 1.00,"ts": 228.00,"name":"fib","ph":"X"},
{"pid":2,"cat":"","tid": 3,"dur": 5.00,"ts": 225.00,"name":"fib","ph":"X"},
{"pid":2,"cat":"","tid": 3,"dur": 1.00,"ts": 232.00,"name":"fib","ph":"X"},
{"pid":2,"cat":"","tid": 3,"dur": 1.00,"ts": 235.00,"name":"fib","ph":"X"},
{"pid":2,"cat":"","tid": 3,"dur": 1.00,"ts": 237.00,"name":"fib","ph":"X"},
{"pid":2,"cat":"","tid": 3,"dur": 5.00,"ts": 234.00,"name":"fib","ph":"X"},
{"pid":2,"cat":"","tid": 3,"dur": 9.00,"ts": 231.00,"name":"fib","ph":"X"},
{"pid":2,"cat":"","tid": 3,"dur": 17.00,"ts": 224.00,"name":"fib","ph":"X"},
{"pid":2,"cat":"","tid": 3,"dur": 1.00,"ts": 244.00,"name":"fib","ph":"X"},
{"pid":2,"cat":"","tid": 3,"dur": 1.00,"ts": 247.00,"name":"fib","ph":"X"},
{"pid":2,"cat":"","tid": 3,"dur": 1.00,"ts": 249.00,"name":"fib","ph":"X"},
{"pid":2,"cat":"","tid": 3,"dur": 5.00,"ts": 246.00,"name":"fib","ph":"X"},
{"pid":2,"cat":"","tid": 3,"dur": 9.00,"ts": 243.00,"name":"fib","ph":"X"},
{"pid":2,"cat":"","tid": 3,"dur": 1.00,"ts": 255.00,"name":"fib","ph":"X"},
{"pid":2,"cat":"","tid": 3,"dur": 1.00,"ts": 257.00,"name":"fib","ph":"X"},
{"pid":2,"cat":"","tid": 3,"dur": 5.00,"ts": 254.00,"name":"fib","ph":"X"},
{"pid":2,"cat":"","tid": 3,"dur": 1.00,"ts": 261.00,"name":"fib","ph":"X"},
{"pid":2,"cat":"","tid": 3,"dur": 1.00,"ts": 264.00,"name":"fib","ph":"X"},
{"pid":2,"cat":"","tid": 3,"dur": 1.00,"ts": 266.00,"name":"fib","ph":"X"},
{"pid":2,"cat":"","tid": 3,"dur": 5.00,"ts": 263.00,"name":"fib","ph":"X"},
{"pid":2,"cat":"","tid": 3,"dur": 9.00,"ts": 260.00,"name":"fib","ph":"X"},
{"pid":2,"cat":"","tid": 3,"dur": 17.00,"ts": 253.00,"name":"fib","ph":"X"},
{"pid":2,"cat":"","tid": 3,"dur": 29.00,"ts": 242.00,"name":"fib","ph":"X"},
{"pid":2,"cat":"","tid": 3,"dur": 49.00,"ts": 223.00,"name":"fib","ph":"X"},
{"pid":2,"cat":"","tid": 3,"dur": 1.00,"ts": 276.00,"name":"fib","ph":"X"},
{"pid":2,"cat":"","tid": 3,"dur": 1.00,"ts": 279.00,"name":"fib","ph":"X"},
{"pid":2,"cat":"","tid": 3,"dur": 1.00,"ts": 281.00,"name":"fib","ph":"X"},
{"pid":2,"cat":"","tid": 3,"dur": 5.00,"ts": 278.00,"name":"fib","ph":"X"},
{"pid":2,"cat":"","tid": 3,"dur": 9.00,"ts": 275.00,"name":"fib","ph":"X"},
{"pid":2,"cat":"","tid": 3,"dur": 1.00,"ts": 287.00,"name":"fib","ph":"X"},
{"pid":2,"cat":"","tid": 3,"dur": 1.00,"ts": 289.00,"name":"fib","ph":"X"},
{"pid":2,"cat":"","tid": 3,"dur": 5.00,"ts": 286.00,"name":"fib","ph":"X"},
{"pid":2,"cat":"","tid": 3,"dur": 1.00,"ts": 293.00,"name":"fib","ph":"X"},
{"pid":2,"cat":"","tid": 3,"dur": 1.00,"ts": 296.00,"name":"fib","ph":"X"},
{"pid":2,"cat":"","tid": 3,"dur": 1.00,"ts": 298.00,"name":"fib","ph":"X"},
{"pid":2,"cat":"","tid": 3,"dur": 5.00,"ts": 295.00,"name":"fib","ph":"X"},
{"pid":2,"cat":"","tid": 3,"dur": 9.00,"ts": 292.00,"name":"fib","ph":"X"},
{"pid":2,"cat":"","tid": 3,"dur": 17.00,"ts": 285.00,"name":"fib","ph":"X"},
{"pid":2,"cat":"","tid": 3,"dur": 29.00,"ts": 274.00,"name":"fib","ph":"X"},
{"pid":2,"cat":"","tid": 3,"dur": 1.00,"ts": 307.00,"name":"fib","ph":"X"},
{"pid":2,"cat":"","tid": 3,"dur": 1.00,"ts": 309.00,"name":"fib","ph":"X"},
{"pid":2,"cat":"","tid": 3,"dur": 5.00,"ts": 306.00,"name":"fib","ph":"X"},
{"pid":2,"cat":"","tid": 3,"dur": 1.00,"ts": 313.00,"name":"fib","ph":"X"},
{"pid":2,"cat":"","tid": 3,"dur": 1.00,"ts": 316.00,"name":"fib","ph":"X"},
{"pid":2,"cat":"","tid": 3,"dur": 1.00,"ts": 318.00,"name":"fib","ph":"X"},
{"pid":2,"cat":"","tid": 3,"dur": 5.00,"ts": 315.00,"name":"fib","ph":"X"},
{"pid":2,"cat":"","tid": 3,"dur": 9.00,"ts": 312.00,"name":"fib","ph":"X"},
{"pid":2,"cat":"","tid": 3,"dur": 17.00,"ts": 305.00,"name":"fib","ph":"X"},
{"pid":2,"cat":"","tid": 3,"dur": 1.00,"ts": 325.00,"name":"fib","ph":"X"},
{"pid":2,"cat":"","tid": 3,"dur": 1.00,"ts": 328.00,"name":"fib","ph":"X"},
{"pid":2,"cat":"","tid": 3,"dur": 1.00,"ts": 330.00,"name":"fib","ph":"X"},
{"pid":2,"cat":"","tid": 3,"dur": 5.00,"ts": 327.00,"name":"fib","ph":"X"},
{"pid":2,"cat":"","tid": 3,"dur": 9.00,"ts": 324.00,"name":"fib","ph":"X"},
{"pid":2,"cat":"","tid": 3,"dur": 1.00,"ts": 336.00,"name":"fib","ph":"X"},
{"pid":2,"cat":"","tid": 3,"dur": 1.00,"ts": 338.00,"name":"fib","ph":"X"},
{"pid":2,"cat":"","tid": 3,"dur": 5.00,"ts": 335.00,"name":"fib","ph":"X"},
{"pid":2,"cat":"","tid": 3,"dur": 1.00,"ts": 342.00,"name":"fib","ph":"X"},
{"pid":2,"cat":"","tid": 3,"dur": 1.00,"ts": 345.00,"name":"fib","ph":"X"},
{"pid":2,"cat":"","tid": 3,"dur": 1.00,"ts": 347.00,"name":"fib","ph":"X"},
{"pid":2,"cat":"","tid": 3,"dur": 5.00,"ts": 344.00,"name":"fib","ph":"X"},
{"pid":2,"cat":"","tid": 3,"dur": 9.00,"ts": 341.00,"name":"fib","ph":"X"},
{"pid":2,"cat":"","tid": 3,"dur": 17.00,"ts": 334.00,"name":"fib","ph":"X"},
{"pid":2,"cat":"","tid": 3,"dur": 29.00,"ts": 323.00,"name":"fib","ph":"X"},
{"pid":2,"cat":"","tid": 3,"dur": 49.00,"ts": 304.00,"name":"fib","ph":"X"},
{"pid":2,"cat":"","tid": 3,"dur": 81.00,"ts": 273.00,"name":"fib","ph":"X"},
{"pid":2,"cat":"","tid": 3,"dur": 133.00,"ts": 222.00,"name":"fib","ph":"X"},
{"pid":2,"cat":"","tid": 3,"dur": 217.00,"ts": 139.00,"name":"fib","ph":"X"},
{"pid":2,"cat":"","tid": 3,"dur": 353.00,"ts": 4.00,"name":"fib","ph":"X"},
{"pid":2,"cat":"","tid": 3,"dur": 1.00,"ts": 363.00,"name":"fib","ph":"X"},
{"pid":2,"cat":"","tid": 3,"dur": 1.00,"ts": 366.00,"name":"fib","ph":"X"},
{"pid":2,"cat":"","tid": 3,"dur": 1.00,"ts": 368.00,"name":"fib","ph":"X"},
{"pid":2,"cat":"","tid": 3,"dur": 5.00,"ts": 365.00,"name":"fib","ph":"X"},
{"pid":2,"cat":"","tid": 3,"dur": 9.00,"ts": 362.00,"name":"fib","ph":"X"},
{"pid":2,"cat":"","tid": 3,"dur": 1.00,"ts": 374.00,"name":"fib","ph":"X"},
{"pid":2,"cat":"","tid": 3,"dur": 1.00,"ts": 376.00,"name":"fib","ph":"X"},
{"pid":2,"cat":"","tid": 3,"dur": 5.00,"ts": 373.00,"name":"fib","ph":"X"},
{"pid":2,"cat":"","tid": 3,"dur": 1.00,"ts": 380.00,"name":"fib","ph":"X"},
{"pid":2,"cat":"","tid": 3,"dur": 1.00,"ts": 383.00,"name":"fib","ph":"X"},
{"pid":2,"cat":"","tid": 3,"dur": 1.00,"ts": 385.00,"name":"fib","ph":"X"},
{"pid":2,"cat":"","tid": 3,"dur": 5.00,"ts": 382.00,"name":"fib","ph":"X"},
{"pid":2,"cat":"","tid": 3,"dur": 9.00,"ts": 379.00,"name":"fib","ph":"X"},
{"pid":2,"cat":"","tid": 3,"dur": 17.00,"ts": 372.00,"name":"fib","ph":"X"},
{"pid":2,"cat":"","tid": 3,"dur": 29.00,"ts": 361.00,"name":"fib","ph":"X"},
{"pid":2,"cat":"","tid": 3,"dur": 1.00,"ts": 394.00,"name":"fib","ph":"X"},
{"pid":2,"cat":"","tid": 3,"dur": 1.00,"ts": 396.00,"name":"fib","ph":"X"},
{"pid":2,"cat":"","tid": 3,"dur": 5.00,"ts": 393.00,"name":"fib","ph":"X"},
{"pid":2,"cat":"","tid": 3,"dur": 1.00,"ts": 400.00,"name":"fib","ph":"X"},
{"pid":2,"cat":"","tid": 3,"dur": 1.00,"ts": 403.00,"name":"fib","ph":"X"},
{"pid":2,"cat":"","tid": 3,"dur": 1.00,"ts": 405.00,"name":"fib","ph":"X"},
{"pid":2,"cat":"","tid": 3,"dur": 5.00,"ts": 402.00,"name":"fib","ph":"X"},
{"pid":2,"cat":"","tid": 3,"dur": 9.00,"ts": 399.00,"name":"fib","ph":"X"},
{"pid":2,"cat":"","tid": 3,"dur": 17.00,"ts": 392.00,"name":"fib","ph":"X"},
{"pid":2,"cat":"","tid": 3,"dur": 1.00,"ts": 412.00,"name":"fib","ph":"X"},
{"pid":2,"cat":"","tid": 3,"dur": 1.00,"ts": 415.00,"name":"fib","ph":"X"},
{"pid":2,"cat":"","tid": 3,"dur": 1.00,"ts": 417.00,"name":"fib","ph":"X"},
{"pid":2,"cat":"","tid": 3,"dur": 5.00,"ts": 414.00,"name":"fib","ph":"X"},
{"pid":2,"cat":"","tid": 3,"dur": 9.00,"ts": 411.00,"name":"fib","ph":"X"},
{"pid":2,"cat":"","tid": 3,"dur": 1.00,"ts": 423.00,"name":"fib","ph":"X"},
{"pid":2,"cat":"","tid": 3,"dur": 1.00,"ts": 425.00,"name":"fib","ph":"X"},
{"pid":2,"cat":"","tid": 3,"dur": 5.00,"ts": 422.00,"name":"fib","ph":"X"},
{"pid":2,"cat":"","tid": 3,"dur": 1.00,"ts": 429.00,"name":"fib","ph":"X"},
{"pid":2,"cat":"","tid": 3,"dur": 1.00,"ts": 432.00,"name":"fib","ph":"X"},
{"pid":2,"cat":"","tid": 3,"dur": 1.00,"ts": 434.00,"name":"fib","ph":"X"},
{"pid":2,"cat":"","tid": 3,"dur": 5.00,"ts": 431.00,"name":"fib","ph":"X"},
{"pid":2,"cat":"","tid": 3,"dur": 9.00,"ts": 428.00,"name":"fib","ph":"X"},
{"pid":2,"cat":"","tid": 3,"dur": 17.00,"ts": 421.00,"name":"fib","ph":"X"},
{"pid":2,"cat":"","tid": 3,"dur": 29.00,"ts": 410.00,"name":"fib","ph":"X"},
{"pid":2,"cat":"","tid": 3,"dur": 49.00,"ts": 391.00,"name":"fib","ph":"X"},
{"pid":2,"cat":"","tid": 3,"dur": 81.00,"ts": 360.00,"name":"fib","ph":"X"},
{"pid":2,"cat":"","tid": 3,"dur": 1.00,"ts": 446.00,"name":"fib","ph":"X"},
{"pid":2,"cat":"","tid": 3,"dur": 1.00,"ts": 448.00,"name":"fib","ph":"X"},
{"pid":2,"cat":"","tid": 3,"dur": 5.00,"ts": 445.00,"name":"fib","ph":"X"},
{"pid":2,"cat":"","tid": 3,"dur": 1.00,"ts": 452.00,"name":"fib","ph":"X"},
{"pid":2,"cat":"","tid": 3,"dur": 1.00,"ts": 455.00,"name":"fib","ph":"X"},
{"pid":2,"cat":"","tid": 3,"dur": 1.00,"ts": 457.00,"name":"fib","ph":"X"},
{"pid":2,"cat":"","tid": 3,"dur": 5.00,"ts": 454.00,"name":"fib","ph":"X"},
{"pid":2,"cat":"","tid": 3,"dur": 9.00,"ts": 451.00,"name":"fib","ph":"X"},
{"pid":2,"cat":"","tid": 3,"dur": 17.00,"ts": 444.00,"name":"fib","ph":"X"},
{"pid":2,"cat":"","tid": 3,"dur": 1.00,"ts": 464.00,"name":"fib","ph":"X"},
{"pid":2,"cat":"","tid": 3,"dur": 1.00,"ts": 467.00,"name":"fib","ph":"X"},
{"pid":2,"cat":"","tid": 3,"dur": 1.00,"ts": 469.00,"name":"fib","ph":"X"},
{"pid":2,"cat":"","tid": 3,"dur": 5.00,"ts": 466.00,"name":"fib","ph":"X"},
{"pid":2,"cat":"","tid": 3,"dur": 9.00,"ts": 463.00,"name":"fib","ph":"X"},
{"pid":2,"cat":"","tid": 3,"dur": 1.00,"ts": 475.00,"name":"fib","ph":"X"},
{"pid":2,"cat":"","tid": 3,"dur": 1.00,"ts": 477.00,"name":"fib","ph":"X"},
{"pid":2,"cat":"","tid": 3,"dur": 5.00,"ts": 474.00,"name":"fib","ph":"X"},
{"pid":2,"cat":"","tid": 3,"dur": 1.00,"ts": 481.00,"name":"fib","ph":"X"},
{"pid":2,"cat":"","tid": 3,"dur": 1.00,"ts": 484.00,"name":"fib","ph":"X"},
{"pid":2,"cat":"","tid": 3,"dur": 1.00,"ts": 486.00,"name":"fib","ph":"X"},
{"pid":2,"cat":"","tid": 3,"dur": 5.00,"ts": 483.00,"name":"fib","ph":"X"},
{"pid":2,"cat":"","tid": 3,"dur": 9.00,"ts": 480.00,"name":"fib","ph":"X"},
{"pid":2,"cat":"","tid": 3,"dur": 17.00,"ts": 473.00,"name":"fib","ph":"X"},
{"pid":2,"cat":"","tid": 3,"dur": 29.00,"ts": 462.00,"name":"fib","ph":"X"},
{"pid":2,"cat":"","tid": 3,"dur": 49.00,"ts": 443.00,"name":"fib","ph":"X"},
{"pid":2,"cat":"","tid": 3,"dur": 1.00,"ts": 496.00,"name":"fib","ph":"X"},
{"pid":2,"cat":"","tid": 3,"dur": 1.00,"ts": 499.00,"name":"fib","ph":"X"},
{"pid":2,"cat":"","tid": 3,"dur": 1.00,"ts": 501.00,"name":"fib","ph":"X"},
{"pid":2,"cat":"","tid": 3,"dur": 5.00,"ts": 498.00,"name":"fib","ph":"X"},
{"pid":2,"cat":"","tid": 3,"dur": 9.00,"ts": 495.00,"name":"fib","ph":"X"},
{"pid":2,"cat":"","tid": 3,"dur": 1.00,"ts": 507.00,"name":"fib","ph":"X"},
{"pid":2,"cat":"","tid": 3,"dur": 1.00,"ts": 509.00,"name":"fib","ph":"X"},
{"pid":2,"cat":"","tid": 3,"dur": 5.00,"ts": 506.00,"name":"fib","ph":"X"},
{"pid":2,"cat":"","tid": 3,"dur": 1.00,"ts": 513.00,"name":"fib","ph":"X"},
{"pid":2,"cat":"","tid": 3,"dur": 1.00,"ts": 516.00,"name":"fib","ph":"X"},
{"pid":2,"cat":"","tid": 3,"dur": 1.00,"ts": 518.00,"name":"fib","ph":"X"},
{"pid":2,"cat":"","tid": 3,"dur": 5.00,"ts": 515.00,"name":"fib","ph":"X"},
{"pid":2,"cat":"","tid": 3,"dur": 9.00,"ts": 512.00,"name":"fib","ph":"X"},
{"pid":2,"cat":"","tid": 3,"dur": 17.00,"ts": 505.00,"name":"fib","ph":"X"},
{"pid":2,"cat":"","tid": 3,"dur": 29.00,"ts": 494.00,"name":"fib","ph":"X"},
{"pid":2,"cat":"","tid": 3,"dur": 1.00,"ts": 527.00,"name":"fib","ph":"X"},
{"pid":2,"cat":"","tid": 3,"dur": 1.00,"ts": 529.00,"name":"fib","ph":"X"},
{"pid":2,"cat":"","tid": 3,"dur": 5.00,"ts": 526.00,"name":"fib","ph":"X"},
{"pid":2,"cat":"","tid": 3,"dur": 1.00,"ts": 533.00,"name":"fib","ph":"X"},
{"pid":2,"cat":"","tid": 3,"dur": 1.00,"ts": 536.00,"name":"fib","ph":"X"},
{"pid":2,"cat":"","tid": 3,"dur": 1.00,"ts": 538.00,"name":"fib","ph":"X"},
{"pid":2,"cat":"","tid": 3,"dur": 5.00,"ts": 535.00,"name":"fib","ph":"X"},
{"pid":2,"cat":"","tid": 3,"dur": 9.00,"ts": 532.00,"name":"fib","ph":"X"},
{"pid":2,"cat":"","tid": 3,"dur": 17.00,"ts": 525.00,"name":"fib","ph":"X"},
{"pid":2,"cat":"","tid": 3,"dur": 1.00,"ts": 545.00,"name":"fib","ph":"X"},
{"pid":2,"cat":"","tid": 3,"dur": 1.00,"ts": 548.00,"name":"fib","ph":"X"},
{"pid":2,"cat":"","tid": 3,"dur": 1.00,"ts": 550.00,"name":"fib","ph":"X"},
{"pid":2,"cat":"","tid": 3,"dur": 5.00,"ts": 547.00,"name":"fib","ph":"X"},
{"pid":2,"cat":"","tid": 3,"dur": 9.00,"ts": 544.00,"name":"fib","ph":"X"},
{"pid":2,"cat":"","tid": 3,"dur": 1.00,"ts": 556.00,"name":"fib","ph":"X"},
{"pid":2,"cat":"","tid": 3,"dur": 1.00,"ts": 558.00,"name":"fib","ph":"X"},
{"pid":2,"cat":"","tid": 3,"dur": 5.00,"ts": 555.00,"name":"fib","ph":"X"},
{"pid":2,"cat":"","tid": 3,"dur": 1.00,"ts": 562.00,"name":"fib","ph":"X"},
{"pid":2,"cat":"","tid": 3,"dur": 1.00,"ts": 565.00,"name":"fib","ph":"X"},
{"pid":2,"cat":"","tid": 3,"dur": 1.00,"ts": 567.00,"name":"fib","ph":"X"},
{"pid":2,"cat":"","tid": 3,"dur": 5.00,"ts": 564.00,"name":"fib","ph":"X"},
{"pid":2,"cat":"","tid": 3,"dur": 9.00,"ts": 561.00,"name":"fib","ph":"X"},
{"pid":2,"cat":"","tid": 3,"dur": 17.00,"ts": 554.00,"name":"fib","ph":"X"},
{"pid":2,"cat":"","tid": 3,"dur": 29.00,"ts": 543.00,"name":"fib","ph":"X"},
{"pid":2,"cat":"","tid": 3,"dur": 49.00,"ts": 524.00,"name":"fib","ph":"X"},
{"pid":2,"cat":"","tid": 3,"dur": 81.00,"ts": 493.00,"name":"fib","ph":"X"},
{"pid":2,"cat":"","tid": 3,"dur": 133.00,"ts": 442.00,"name":"fib","ph":"X"},
{"pid":2,"cat":"","tid": 3,"dur": 217.00,"ts": 359.00,"name":"fib","ph":"X"},
{"pid":2,"cat":"","tid": 3,"dur": 1.00,"ts": 582.00,"name":"fib","ph":"X"},
{"pid":2,"cat":"","tid": 3,"dur": 1.00,"ts": 584.00,"name":"fib","ph":"X"},
{"pid":2,"cat":"","tid": 3,"dur": 5.00,"ts": 581.00,"name":"fib","ph":"X"},
{"pid":2,"cat":"","tid": 3,"dur": 1.00,"ts": 588.00,"name":"fib","ph":"X"},
{"pid":2,"cat":"","tid": 3,"dur": 1.00,"ts": 591.00,"name":"fib","ph":"X"},
{"pid":2,"cat":"","tid": 3,"dur": 1.00,"ts": 593.00,"name":"fib","ph":"X"},
{"pid":2,"cat":"","tid": 3,"dur": 5.00,"ts": 590.00,"name":"fib","ph":"X"},
{"pid":2,"cat":"","tid": 3,"dur": 9.00,"ts": 587.00,"name":"fib","ph":"X"},
{"pid":2,"cat":"","tid": 3,"dur": 17.00,"ts": 580.00,"name":"fib","ph":"X"},
{"pid":2,"cat":"","tid": 3,"dur": 1.00,"ts": 600.00,"name":"fib","ph":"X"},
{"pid":2,"cat":"","tid": 3,"dur": 1.00,"ts": 603.00,"name":"fib","ph":"X"},
{"pid":2,"cat":"","tid": 3,"dur": 1.00,"ts": 605.00,"name":"fib","ph":"X"},
{"pid":2,"cat":"","tid": 3,"dur": 5.00,"ts": 602.00,"name":"fib","ph":"X"},
{"pid":2,"cat":"","tid": 3,"dur": 9.00,"ts": 599.00,"name":"fib","ph":"X"},
{"pid":2,"cat":"","tid": 3,"dur": 1.00,"ts": 611.00,"name":"fib","ph":"X"},
{"pid":2,"cat":"","tid": 3,"dur": 1.00,"ts": 613.00,"name":"fib","ph":"X"},
{"pid":2,"cat":"","tid": 3,"dur": 5.00,"ts": 610.00,"name":"fib","ph":"X"},
{"pid":2,"cat":"","tid": 3,"dur": 1.00,"ts": 617.00,"name":"fib","ph":"X"},
{"pid":2,"cat":"","tid": 3,"dur": 1.00,"ts": 620.00,"name":"fib","ph":"X"},
{"pid":2,"cat":"","tid": 3,"dur": 1.00,"ts": 622.00,"name":"fib","ph":"X"},
{"pid":2,"cat":"","tid": 3,"dur": 5.00,"ts": 619.00,"name":"fib","ph":"X"},
{"pid":2,"cat":"","tid": 3,"dur": 9.00,"ts": 616.00,"name":"fib","ph":"X"},
{"pid":2,"cat":"","tid": 3,"dur": 17.00,"ts": 609.00,"name":"fib","ph":"X"},
{"pid":2,"cat":"","tid": 3,"dur": 29.00,"ts": 598.00,"name":"fib","ph":"X"},
{"pid":2,"cat":"","tid": 3,"dur": 49.00,"ts": 579.00,"name":"fib","ph":"X"},
{"pid":2,"cat":"","tid": 3,"dur": 1.00,"ts": 632.00,"name":"fib","ph":"X"},
{"pid":2,"cat":"","tid": 3,"dur": 1.00,"ts": 635.00,"name":"fib","ph":"X"},
{"pid":2,"cat":"","tid": 3,"dur": 1.00,"ts": 637.00,"name":"fib","ph":"X"},
{"pid":2,"cat":"","tid": 3,"dur": 5.00,"ts": 634.00,"name":"fib","ph":"X"},
{"pid":2,"cat":"","tid": 3,"dur": 9.00,"ts": 631.00,"name":"fib","ph":"X"},
{"pid":2,"cat":"","tid": 3,"dur": 1.00,"ts": 643.00,"name":"fib","ph":"X"},
{"pid":2,"cat":"","tid": 3,"dur": 1.00,"ts": 645.00,"name":"fib","ph":"X"},
{"pid":2,"cat":"","tid": 3,"dur": 5.00,"ts": 642.00,"name":"fib","ph":"X"},
{"pid":2,"cat":"","tid": 3,"dur": 1.00,"ts": 649.00,"name":"fib","ph":"X"},
{"pid":2,"cat":"","tid": 3,"dur": 1.00,"ts": 652.00,"name":"fib","ph":"X"},
{"pid":2,"cat":"","tid": 3,"dur": 1.00,"ts": 654.00,"name":"fib","ph":"X"},
{"pid":2,"cat":"","tid": 3,"dur": 5.00,"ts": 651.00,"name":"fib","ph":"X"},
{"pid":2,"cat":"","tid": 3,"dur": 9.00,"ts": 648.00,"name":"fib","ph":"X"},
{"pid":2,"cat":"","tid": 3,"dur": 17.00,"ts": 641.00,"name":"fib","ph":"X"},
{"pid":2,"cat":"","tid": 3,"dur": 29.00,"ts": 630.00,"name":"fib","ph":"X"},
{"pid":2,"cat":"","tid": 3,"dur": 1.00,"ts": 663.00,"name":"fib","ph":"X"},
{"pid":2,"cat":"","tid": 3,"dur": 1.00,"ts": 665.00,"name":"fib","ph":"X"},
{"pid":2,"cat":"","tid": 3,"dur": 5.00,"ts": 662.00,"name":"fib","ph":"X"},
{"pid":2,"cat":"","tid": 3,"dur": 1.00,"ts": 669.00,"name":"fib","ph":"X"},
{"pid":2,"cat":"","tid": 3,"dur": 1.00,"ts": 672.00,"name":"fib","ph":"X"},
{"pid":2,"cat":"","tid": 3,"dur": 1.00,"ts": 674.00,"name":"fib","ph":"X"},
{"pid":2,"cat":"","tid": 3,"dur": 5.00,"ts": 671.00,"name":"fib","ph":"X"},
{"pid":2,"cat":"","tid": 3,"dur": 9.00,"ts": 668.00,"name":"fib","ph":"X"},
{"pid":2,"cat":"","tid": 3,"dur": 17.00,"ts": 661.00,"name":"fib","ph":"X"},
{"pid":2,"cat":"","tid": 3,"dur": 1.00,"ts": 681.00,"name":"fib","ph":"X"},
{"pid":2,"cat":"","tid": 3,"dur": 1.00,"ts": 684.00,"name":"fib","ph":"X"},
{"pid":2,"cat":"","tid": 3,"dur": 1.00,"ts": 686.00,"name":"fib","ph":"X"},
{"pid":2,"cat":"","tid": 3,"dur": 5.00,"ts": 683.00,"name":"fib","ph":"X"},
{"pid":2,"cat":"","tid": 3,"dur": 9.00,"ts": 680.00,"name":"fib","ph":"X"},
{"pid":2,"cat":"","tid": 3,"dur": 1.00,"ts": 692.00,"name":"fib","ph":"X"},
{"pid":2,"cat":"","tid": 3,"dur": 1.00,"ts": 694.00,"name":"fib","ph":"X"},
{"pid":2,"cat":"","tid": 3,"dur": 5.00,"ts": 691.00,"name":"fib","ph":"X"},
{"pid":2,"cat":"","tid": 3,"dur": 1.00,"ts": 698.00,"name":"fib","ph":"X"},
{"pid":2,"cat":"","tid": 3,"dur": 1.00,"ts": 701.00,"name":"fib","ph":"X"},
{"pid":2,"cat":"","tid": 3,"dur": 1.00,"ts": 703.00,"name":"fib","ph":"X"},
{"pid":2,"cat":"","tid": 3,"dur": 5.00,"ts": 700.00,"name":"fib","ph":"X"},
{"pid":2,"cat":"","tid": 3,"dur": 9.00,"ts": 697.00,"name":"fib","ph":"X"},
{"pid":2,"cat":"","tid": 3,"dur": 17.00,"ts": 690.00,"name":"fib","ph":"X"},
{"pid":2,"cat":"","tid": 3,"dur": 29.00,"ts": 679.00,"name":"fib","ph":"X"},
{"pid":2,"cat":"","tid": 3,"dur": 49.00,"ts": 660.00,"name":"fib","ph":"X"},
{"pid":2,"cat":"","tid": 3,"dur": 81.00,"ts": 629.00,"name":"fib","ph":"X"},
{"pid":2,"cat":"","tid": 3,"dur": 133.00,"ts": 578.00,"name":"fib","ph":"X"},
{"pid":2,"cat":"","tid": 3,"dur": 1.00,"ts": 716.00,"name":"fib","ph":"X"},
{"pid":2,"cat":"","tid": 3,"dur": 1.00,"ts": 719.00,"name":"fib","ph":"X"},
{"pid":2,"cat":"","tid": 3,"dur": 1.00,"ts": 721.00,"name":"fib","ph":"X"},
{"pid":2,"cat":"","tid": 3,"dur": 5.00,"ts": 718.00,"name":"fib","ph":"X"},
{"pid":2,"cat":"","tid": 3,"dur": 9.00,"ts": 715.00,"name":"fib","ph":"X"},
{"pid":2,"cat":"","tid": 3,"dur": 1.00,"ts": 727.00,"name":"fib","ph":"X"},
{"pid":2,"cat":"","tid": 3,"dur": 1.00,"ts": 729.00,"name":"fib","ph":"X"},
{"pid":2,"cat":"","tid": 3,"dur": 5.00,"ts": 726.00,"name":"fib","ph":"X"},
{"pid":2,"cat":"","tid": 3,"dur": 1.00,"ts": 733.00,"name":"fib","ph":"X"},
{"pid":2,"cat":"","tid": 3,"dur": 1.00,"ts": 736.00,"name":"fib","ph":"X"},
{"pid":2,"cat":"","tid": 3,"dur": 1.00,"ts": 738.00,"name":"fib","ph":"X"},
{"pid":2,"cat":"","tid": 3,"dur": 5.00,"ts": 735.00,"name":"fib","ph":"X"},
{"pid":2,"cat":"","tid": 3,"dur": 9.00,"ts": 732.00,"name":"fib","ph":"X"},
{"pid":2,"cat":"","tid": 3,"dur": 17.00,"ts": 725.00,"name":"fib","ph":"X"},
{"pid":2,"cat":"","tid": 3,"dur": 29.00,"ts": 714.00,"name":"fib","ph":"X"},
{"pid":2,"cat":"","tid": 3,"dur": 1.00,"ts": 747.00,"name":"fib","ph":"X"},
{"pid":2,"cat":"","tid": 3,"dur": 1.00,"ts": 749.00,"name":"fib","ph":"X"},
{"pid":2,"cat":"","tid": 3,"dur": 5.00,"ts": 746.00,"name":"fib","ph":"X"},
{"pid":2,"cat":"","tid": 3,"dur": 1.00,"ts": 753.00,"name":"fib","ph":"X"},
{"pid":2,"cat":"","tid": 3,"dur": 1.00,"ts": 756.00,"name":"fib","ph":"X"},
{"pid":2,"cat":"","tid": 3,"dur": 1.00,"ts": 758.00,"name":"fib","ph":"X"},
{"pid":2,"cat":"","tid": 3,"dur": 5.00,"ts": 755.00,"name":"fib","ph":"X"},
{"pid":2,"cat":"","tid": 3,"dur": 9.00,"ts": 752.00,"name":"fib","ph":"X"},
{"pid":2,"cat":"","tid": 3,"dur": 17.00,"ts": 745.00,"name":"fib","ph":"X"},
{"pid":2,"cat":"","tid": 3,"dur": 1.00,"ts": 765.00,"name":"fib","ph":"X"},
{"pid":2,"cat":"","tid": 3,"dur": 1.00,"ts": 768.00,"name":"fib","ph":"X"},
{"pid":2,"cat":"","tid": 3,"dur": 1.00,"ts": 770.00,"name":"fib","ph":"X"},
{"pid":2,"cat":"","tid": 3,"dur": 5.00,"ts": 767.00,"name":"fib","ph":"X"},
{"pid":2,"cat":"","tid": 3,"dur": 9.00,"ts": 764.00,"name":"fib","ph":"X"},
{"pid":2,"cat":"","tid": 3,"dur": 1.00,"ts": 776.00,"name":"fib","ph":"X"},
{"pid":2,"cat":"","tid": 3,"dur": 1.00,"ts": 778.00,"name":"fib","ph":"X"},
{"pid":2,"cat":"","tid": 3,"dur": 5.00,"ts": 775.00,"name":"fib","ph":"X"},
{"pid":2,"cat":"","tid": 3,"dur": 1.00,"ts": 782.00,"name":"fib","ph":"X"},
{"pid":2,"cat":"","tid": 3,"dur": 1.00,"ts": 785.00,"name":"fib","ph":"X"},
{"pid":2,"cat":"","tid": 3,"dur": 1.00,"ts": 787.00,"name":"fib","ph":"X"},
{"pid":2,"cat":"","tid": 3,"dur": 5.00,"ts": 784.00,"name":"fib","ph":"X"},
{"pid":2,"cat":"","tid": 3,"dur": 9.00,"ts": 781.00,"name":"fib","ph":"X"},
{"pid":2,"cat":"","tid": 3,"dur": 17.00,"ts": 774.00,"name":"fib","ph":"X"},
{"pid":2,"cat":"","tid": 3,"dur": 29.00,"ts": 763.00,"name":"fib","ph":"X"},
{"pid":2,"cat":"","tid": 3,"dur": 49.00,"ts": 744.00,"name":"fib","ph":"X"},
{"pid":2,"cat":"","tid": 3,"dur": 81.00,"ts": 713.00,"name":"fib","ph":"X"},
{"pid":2,"cat":"","tid": 3,"dur": 1.00,"ts": 799.00,"name":"fib","ph":"X"},
{"pid":2,"cat":"","tid": 3,"dur": 1.00,"ts": 801.00,"name":"fib","ph":"X"},
{"pid":2,"cat":"","tid": 3,"dur": 5.00,"ts": 798.00,"name":"fib","ph":"X"},
{"pid":2,"cat":"","tid": 3,"dur": 1.00,"ts": 805.00,"name":"fib","ph":"X"},
{"pid":2,"cat":"","tid": 3,"dur": 1.00,"ts": 808.00,"name":"fib","ph":"X"},
{"pid":2,"cat":"","tid": 3,"dur": 1.00,"ts": 810.00,"name":"fib","ph":"X"},
{"pid":2,"cat":"","tid": 3,"dur": 5.00,"ts": 807.00,"name":"fib","ph":"X"},
{"pid":2,"cat":"","tid": 3,"dur": 9.00,"ts": 804.00,"name":"fib","ph":"X"},
{"pid":2,"cat":"","tid": 3,"dur": 17.00,"ts": 797.00,"name":"fib","ph":"X"},
{"pid":2,"cat":"","tid": 3,"dur": 1.00,"ts": 817.00,"name":"fib","ph":"X"},
{"pid":2,"cat":"","tid": 3,"dur": 1.00,"ts": 820.00,"name":"fib","ph":"X"},
{"pid":2,"cat":"","tid": 3,"dur": 1.00,"ts": 822.00,"name":"fib","ph":"X"},
{"pid":2,"cat":"","tid": 3,"dur": 5.00,"ts": 819.00,"name":"fib","ph":"X"},
{"pid":2,"cat":"","tid": 3,"dur": 9.00,"ts": 816.00,"name":"fib","ph":"X"},
{"pid":2,"cat":"","tid": 3,"dur": 1.00,"ts": 828.00,"name":"fib","ph":"X"},
{"pid":2,"cat":"","tid": 3,"dur": 1.00,"ts": 830.00,"name":"fib","ph":"X"},
{"pid":2,"cat":"","tid": 3,"dur": 5.00,"ts": 827.00,"name":"fib","ph":"X"},
{"pid":2,"cat":"","tid": 3,"dur": 1.00,"ts": 834.00,"name":"fib","ph":"X"},
{"pid":2,"cat":"","tid": 3,"dur": 1.00,"ts": 837.00,"name":"fib","ph":"X"},
{"pid":2,"cat":"","tid": 3,"dur": 1.00,"ts": 839.00,"name":"fib","ph":"X"},
{"pid":2,"cat":"","tid": 3,"dur": 5.00,"ts": 836.00,"name":"fib","ph":"X"},
{"pid":2,"cat":"","tid": 3,"dur": 9.00,"ts": 833.00,"name":"fib","ph":"X"},
{"pid":2,"cat":"","tid": 3,"dur": 17.00,"ts": 826.00,"name":"fib","ph":"X"},
{"pid":2,"cat":"","tid": 3,"dur": 29.00,"ts": 815.00,"name":"fib","ph":"X"},
{"pid":2,"cat":"","tid": 3,"dur": 49.00,"ts": 796.00,"name":"fib","ph":"X"},
{"pid":2,"cat":"","tid": 3,"dur": 1.00,"ts": 849.00,"name":"fib","ph":"X"},
{"pid":2,"cat":"","tid": 3,"dur": 1.00,"ts": 852.00,"name":"fib","ph":"X"},
{"pid":2,"cat":"","tid": 3,"dur": 1.00,"ts": 854.00,"name":"fib","ph":"X"},
{"pid":2,"cat":"","tid": 3,"dur": 5.00,"ts": 851.00,"name":"fib","ph":"X"},
{"pid":2,"cat":"","tid": 3,"dur": 9.00,"ts": 848.00,"name":"fib","ph":"X"},
{"pid":2,"cat":"","tid": 3,"dur": 1.00,"ts": 860.00,"name":"fib","ph":"X"},
{"pid":2,"cat":"","tid": 3,"dur": 1.00,"ts": 862.00,"name":"fib","ph":"X"},
{"pid":2,"cat":"","tid": 3,"dur": 5.00,"ts": 859.00,"name":"fib","ph":"X"},
{"pid":2,"cat":"","tid": 3,"dur": 1.00,"ts": 866.00,"name":"fib","ph":"X"},
{"pid":2,"cat":"","tid": 3,"dur": 1.00,"ts": 869.00,"name":"fib","ph":"X"},
{"pid":2,"cat":"","tid": 3,"dur": 1.00,"ts": 871.00,"name":"fib","ph":"X"},
{"pid":2,"cat":"","tid": 3,"dur": 5.00,"ts": 868.00,"name":"fib","ph":"X"},
{"pid":2,"cat":"","tid": 3,"dur": 9.00,"ts": 865.00,"name":"fib","ph":"X"},
{"pid":2,"cat":"","tid": 3,"dur": 17.00,"ts": 858.00,"name":"fib","ph":"X"},
{"pid":2,"cat":"","tid": 3,"dur": 29.00,"ts": 847.00,"name":"fib","ph":"X"},
{"pid":2,"cat":"","tid": 3,"dur": 1.00,"ts": 880.00,"name":"fib","ph":"X"},
{"pid":2,"cat":"","tid": 3,"dur": 1.00,"ts": 882.00,"name":"fib","ph":"X"},
{"pid":2,"cat":"","tid": 3,"dur": 5.00,"ts": 879.00,"name":"fib","ph":"X"},
{"pid":2,"cat":"","tid": 3,"dur": 1.00,"ts": 886.00,"name":"fib","ph":"X"},
{"pid":2,"cat":"","tid": 3,"dur": 1.00,"ts": 889.00,"name":"fib","ph":"X"},
{"pid":2,"cat":"","tid": 3,"dur": 1.00,"ts": 891.00,"name":"fib","ph":"X"},
{"pid":2,"cat":"","tid": 3,"dur": 5.00,"ts": 888.00,"name":"fib","ph":"X"},
{"pid":2,"cat":"","tid": 3,"dur": 9.00,"ts": 885.00,"name":"fib","ph":"X"},
{"pid":2,"cat":"","tid": 3,"dur": 17.00,"ts": 878.00,"name":"fib","ph":"X"},
{"pid":2,"cat":"","tid": 3,"dur": 1.00,"ts": 898.00,"name":"fib","ph":"X"},
{"pid":2,"cat":"","tid": 3,"dur": 1.00,"ts": 901.00,"name":"fib","ph":"X"},
{"pid":2,"cat":"","tid": 3,"dur": 1.00,"ts": 903.00,"name":"fib","ph":"X"},
{"pid":2,"cat":"","tid": 3,"dur": 5.00,"ts": 900.00,"name":"fib","ph":"X"},
{"pid":2,"cat":"","tid": 3,"dur": 9.00,"ts": 897.00,"name":"fib","ph":"X"},
{"pid":2,"cat":"","tid": 3,"dur": 1.00,"ts": 909.00,"name":"fib","ph":"X"},
{"pid":2,"cat":"","tid": 3,"dur": 1.00,"ts": 911.00,"name":"fib","ph":"X"},
{"pid":2,"cat":"","tid": 3,"dur": 5.00,"ts": 908.00,"name":"fib","ph":"X"},
{"pid":2,"cat":"","tid": 3,"dur": 1.00,"ts": 915.00,"name":"fib","ph":"X"},
{"pid":2,"cat":"","tid": 3,"dur": 1.00,"ts": 918.00,"name":"fib","ph":"X"},
{"pid":2,"cat":"","tid": 3,"dur": 1.00,"ts": 920.00,"name":"fib","ph":"X"},
{"pid":2,"cat":"","tid": 3,"dur": 5.00,"ts": 917.00,"name":"fib","ph":"X"},
{"pid":2,"cat":"","tid": 3,"dur": 9.00,"ts": 914.00,"name":"fib","ph":"X"},
{"pid":2,"cat":"","tid": 3,"dur": 17.00,"ts": 907.00,"name":"fib","ph":"X"},
{"pid":2,"cat":"","tid": 3,"dur": 29.00,"ts": 896.00,"name":"fib","ph":"X"},
{"pid":2,"cat":"","tid": 3,"dur": 49.00,"ts": 877.00,"name":"fib","ph":"X"},
{"pid":2,"cat":"","tid": 3,"dur": 81.00,"ts": 846.00,"name":"fib","ph":"X"},
{"pid":2,"cat":"","tid": 3,"dur": 133.00,"ts": 795.00,"name":"fib","ph":"X"},
{"pid":2,"cat":"","tid": 3,"dur": 217.00,"ts": 712.00,"name":"fib","ph":"X"},
{"pid":2,"cat":"","tid": 3,"dur": 353.00,"ts": 577.00,"name":"fib","ph":"X"},
{"pid":2,"cat":"","tid": 3,"dur": 573.00,"ts": 358.00,"name":"fib","ph":"X"},
{"pid":2,"cat":"","tid": 3,"dur": 929.00,"ts": 3.00,"name":"fib","ph":"X"},
{"pid":2,"cat":"","tid": 3,"dur": 1.00,"ts": 939.00,"name":"Dune__exe__T2.fib2","ph":"X"},
{"pid":2,"cat":"","tid": 3,"dur": 1.00,"ts": 941.00,"name":"Dune__exe__T2.fib2","ph":"X"},
{"pid":2,"cat":"","tid": 3,"dur": 5.00,"ts": 938.00,"name":"Dune__exe__T2.fib2","ph":"X"},
{"pid":2,"cat":"","tid": 3,"dur": 1.00,"ts": 945.00,"name":"Dune__exe__T2.fib2","ph":"X"},
{"pid":2,"cat":"","tid": 3,"dur": 1.00,"ts": 948.00,"name":"Dune__exe__T2.fib2","ph":"X"},
{"pid":2,"cat":"","tid": 3,"dur": 1.00,"ts": 950.00,"name":"Dune__exe__T2.fib2","ph":"X"},
{"pid":2,"cat":"","tid": 3,"dur": 5.00,"ts": 947.00,"name":"Dune__exe__T2.fib2","ph":"X"},
{"pid":2,"cat":"","tid": 3,"dur": 9.00,"ts": 944.00,"name":"Dune__exe__T2.fib2","ph":"X"},
{"pid":2,"cat":"","tid": 3,"dur": 17.00,"ts": 937.00,"name":"Dune__exe__T2.fib2","ph":"X"},
{"pid":2,"cat":"","tid": 3,"dur": 1.00,"ts": 957.00,"name":"Dune__exe__T2.fib2","ph":"X"},
{"pid":2,"cat":"","tid": 3,"dur": 1.00,"ts": 960.00,"name":"Dune__exe__T2.fib2","ph":"X"},
{"pid":2,"cat":"","tid": 3,"dur": 1.00,"ts": 962.00,"name":"Dune__exe__T2.fib2","ph":"X"},
{"pid":2,"cat":"","tid": 3,"dur": 5.00,"ts": 959.00,"name":"Dune__exe__T2.fib2","ph":"X"},
{"pid":2,"cat":"","tid": 3,"dur": 9.00,"ts": 956.00,"name":"Dune__exe__T2.fib2","ph":"X"},
{"pid":2,"cat":"","tid": 3,"dur": 1.00,"ts": 968.00,"name":"Dune__exe__T2.fib2","ph":"X"},
{"pid":2,"cat":"","tid": 3,"dur": 1.00,"ts": 970.00,"name":"Dune__exe__T2.fib2","ph":"X"},
{"pid":2,"cat":"","tid": 3,"dur": 5.00,"ts": 967.00,"name":"Dune__exe__T2.fib2","ph":"X"},
{"pid":2,"cat":"","tid": 3,"dur": 1.00,"ts": 974.00,"name":"Dune__exe__T2.fib2","ph":"X"},
{"pid":2,"cat":"","tid": 3,"dur": 1.00,"ts": 977.00,"name":"Dune__exe__T2.fib2","ph":"X"},
{"pid":2,"cat":"","tid": 3,"dur": 1.00,"ts": 979.00,"name":"Dune__exe__T2.fib2","ph":"X"},
{"pid":2,"cat":"","tid": 3,"dur": 5.00,"ts": 976.00,"name":"Dune__exe__T2.fib2","ph":"X"},
{"pid":2,"cat":"","tid": 3,"dur": 9.00,"ts": 973.00,"name":"Dune__exe__T2.fib2","ph":"X"},
{"pid":2,"cat":"","tid": 3,"dur": 17.00,"ts": 966.00,"name":"Dune__exe__T2.fib2","ph":"X"},
{"pid":2,"cat":"","tid": 3,"dur": 29.00,"ts": 955.00,"name":"Dune__exe__T2.fib2","ph":"X"},
{"pid":2,"cat":"","tid": 3,"dur": 49.00,"ts": 936.00,"name":"Dune__exe__T2.fib2","ph":"X"},
{"pid":2,"cat":"","tid": 3,"dur": 1.00,"ts": 989.00,"name":"Dune__exe__T2.fib2","ph":"X"},
{"pid":2,"cat":"","tid": 3,"dur": 1.00,"ts": 992.00,"name":"Dune__exe__T2.fib2","ph":"X"},
{"pid":2,"cat":"","tid": 3,"dur": 1.00,"ts": 994.00,"name":"Dune__exe__T2.fib2","ph":"X"},
{"pid":2,"cat":"","tid": 3,"dur": 5.00,"ts": 991.00,"name":"Dune__exe__T2.fib2","ph":"X"},
{"pid":2,"cat":"","tid": 3,"dur": 9.00,"ts": 988.00,"name":"Dune__exe__T2.fib2","ph":"X"},
{"pid":2,"cat":"","tid": 3,"dur": 1.00,"ts": 1000.00,"name":"Dune__exe__T2.fib2","ph":"X"},
{"pid":2,"cat":"","tid": 3,"dur": 1.00,"ts": 1002.00,"name":"Dune__exe__T2.fib2","ph":"X"},
{"pid":2,"cat":"","tid": 3,"dur": 5.00,"ts": 999.00,"name":"Dune__exe__T2.fib2","ph":"X"},
{"pid":2,"cat":"","tid": 3,"dur": 1.00,"ts": 1006.00,"name":"Dune__exe__T2.fib2","ph":"X"},
{"pid":2,"cat":"","tid": 3,"dur": 1.00,"ts": 1009.00,"name":"Dune__exe__T2.fib2","ph":"X"},
{"pid":2,"cat":"","tid": 3,"dur": 1.00,"ts": 1011.00,"name":"Dune__exe__T2.fib2","ph":"X"},
{"pid":2,"cat":"","tid": 3,"dur": 5.00,"ts": 1008.00,"name":"Dune__exe__T2.fib2","ph":"X"},
{"pid":2,"cat":"","tid": 3,"dur": 9.00,"ts": 1005.00,"name":"Dune__exe__T2.fib2","ph":"X"},
{"pid":2,"cat":"","tid": 3,"dur": 17.00,"ts": 998.00,"name":"Dune__exe__T2.fib2","ph":"X"},
{"pid":2,"cat":"","tid": 3,"dur": 29.00,"ts": 987.00,"name":"Dune__exe__T2.fib2","ph":"X"},
{"pid":2,"cat":"","tid": 3,"dur": 1.00,"ts": 1020.00,"name":"Dune__exe__T2.fib2","ph":"X"},
{"pid":2,"cat":"","tid": 3,"dur": 1.00,"ts": 1022.00,"name":"Dune__exe__T2.fib2","ph":"X"},
{"pid":2,"cat":"","tid": 3,"dur": 5.00,"ts": 1019.00,"name":"Dune__exe__T2.fib2","ph":"X"},
{"pid":2,"cat":"","tid": 3,"dur": 1.00,"ts": 1026.00,"name":"Dune__exe__T2.fib2","ph":"X"},
{"pid":2,"cat":"","tid": 3,"dur": 1.00,"ts": 1029.00,"name":"Dune__exe__T2.fib2","ph":"X"},
{"pid":2,"cat":"","tid": 3,"dur": 1.00,"ts": 1031.00,"name":"Dune__exe__T2.fib2","ph":"X"},
{"pid":2,"cat":"","tid": 3,"dur": 5.00,"ts": 1028.00,"name":"Dune__exe__T2.fib2","ph":"X"},
{"pid":2,"cat":"","tid": 3,"dur": 9.00,"ts": 1025.00,"name":"Dune__exe__T2.fib2","ph":"X"},
{"pid":2,"cat":"","tid": 3,"dur": 17.00,"ts": 1018.00,"name":"Dune__exe__T2.fib2","ph":"X"},
{"pid":2,"cat":"","tid": 3,"dur": 1.00,"ts": 1038.00,"name":"Dune__exe__T2.fib2","ph":"X"},
{"pid":2,"cat":"","tid": 3,"dur": 1.00,"ts": 1041.00,"name":"Dune__exe__T2.fib2","ph":"X"},
{"pid":2,"cat":"","tid": 3,"dur": 1.00,"ts": 1043.00,"name":"Dune__exe__T2.fib2","ph":"X"},
{"pid":2,"cat":"","tid": 3,"dur": 5.00,"ts": 1040.00,"name":"Dune__exe__T2.fib2","ph":"X"},
{"pid":2,"cat":"","tid": 3,"dur": 9.00,"ts": 1037.00,"name":"Dune__exe__T2.fib2","ph":"X"},
{"pid":2,"cat":"","tid": 3,"dur": 1.00,"ts": 1049.00,"name":"Dune__exe__T2.fib2","ph":"X"},
{"pid":2,"cat":"","tid": 3,"dur": 1.00,"ts": 1051.00,"name":"Dune__exe__T2.fib2","ph":"X"},
{"pid":2,"cat":"","tid": 3,"dur": 5.00,"ts": 1048.00,"name":"Dune__exe__T2.fib2","ph":"X"},
{"pid":2,"cat":"","tid": 3,"dur": 1.00,"ts": 1055.00,"name":"Dune__exe__T2.fib2","ph":"X"},
{"pid":2,"cat":"","tid": 3,"dur": 1.00,"ts": 1058.00,"name":"Dune__exe__T2.fib2","ph":"X"},
{"pid":2,"cat":"","tid": 3,"dur": 1.00,"ts": 1060.00,"name":"Dune__exe__T2.fib2","ph":"X"},
{"pid":2,"cat":"","tid": 3,"dur": 5.00,"ts": 1057.00,"name":"Dune__exe__T2.fib2","ph":"X"},
{"pid":2,"cat":"","tid": 3,"dur": 9.00,"ts": 1054.00,"name":"Dune__exe__T2.fib2","ph":"X"},
{"pid":2,"cat":"","tid": 3,"dur": 17.00,"ts": 1047.00,"name":"Dune__exe__T2.fib2","ph":"X"},
{"pid":2,"cat":"","tid": 3,"dur": 29.00,"ts": 1036.00,"name":"Dune__exe__T2.fib2","ph":"X"},
{"pid":2,"cat":"","tid": 3,"dur": 49.00,"ts": 1017.00,"name":"Dune__exe__T2.fib2","ph":"X"},
{"pid":2,"cat":"","tid": 3,"dur": 81.00,"ts": 986.00,"name":"Dune__exe__T2.fib2","ph":"X"},
{"pid":2,"cat":"","tid": 3,"dur": 133.00,"ts": 935.00,"name":"Dune__exe__T2.fib2","ph":"X"},
{"pid":2,"cat":"","tid": 3,"dur": 1.00,"ts": 1073.00,"name":"Dune__exe__T2.fib2","ph":"X"},
{"pid":2,"cat":"","tid": 3,"dur": 1.00,"ts": 1076.00,"name":"Dune__exe__T2.fib2","ph":"X"},
{"pid":2,"cat":"","tid": 3,"dur": 1.00,"ts": 1078.00,"name":"Dune__exe__T2.fib2","ph":"X"},
{"pid":2,"cat":"","tid": 3,"dur": 5.00,"ts": 1075.00,"name":"Dune__exe__T2.fib2","ph":"X"},
{"pid":2,"cat":"","tid": 3,"dur": 9.00,"ts": 1072.00,"name":"Dune__exe__T2.fib2","ph":"X"},
{"pid":2,"cat":"","tid": 3,"dur": 1.00,"ts": 1084.00,"name":"Dune__exe__T2.fib2","ph":"X"},
{"pid":2,"cat":"","tid": 3,"dur": 1.00,"ts": 1086.00,"name":"Dune__exe__T2.fib2","ph":"X"},
{"pid":2,"cat":"","tid": 3,"dur": 5.00,"ts": 1083.00,"name":"Dune__exe__T2.fib2","ph":"X"},
{"pid":2,"cat":"","tid": 3,"dur": 1.00,"ts": 1090.00,"name":"Dune__exe__T2.fib2","ph":"X"},
{"pid":2,"cat":"","tid": 3,"dur": 1.00,"ts": 1093.00,"name":"Dune__exe__T2.fib2","ph":"X"},
{"pid":2,"cat":"","tid": 3,"dur": 1.00,"ts": 1095.00,"name":"Dune__exe__T2.fib2","ph":"X"},
{"pid":2,"cat":"","tid": 3,"dur": 5.00,"ts": 1092.00,"name":"Dune__exe__T2.fib2","ph":"X"},
{"pid":2,"cat":"","tid": 3,"dur": 9.00,"ts": 1089.00,"name":"Dune__exe__T2.fib2","ph":"X"},
{"pid":2,"cat":"","tid": 3,"dur": 17.00,"ts": 1082.00,"name":"Dune__exe__T2.fib2","ph":"X"},
{"pid":2,"cat":"","tid": 3,"dur": 29.00,"ts": 1071.00,"name":"Dune__exe__T2.fib2","ph":"X"},
{"pid":2,"cat":"","tid": 3,"dur": 1.00,"ts": 1104.00,"name":"Dune__exe__T2.fib2","ph":"X"},
{"pid":2,"cat":"","tid": 3,"dur": 1.00,"ts": 1106.00,"name":"Dune__exe__T2.fib2","ph":"X"},
{"pid":2,"cat":"","tid": 3,"dur": 5.00,"ts": 1103.00,"name":"Dune__exe__T2.fib2","ph":"X"},
{"pid":2,"cat":"","tid": 3,"dur": 1.00,"ts": 1110.00,"name":"Dune__exe__T2.fib2","ph":"X"},
{"pid":2,"cat":"","tid": 3,"dur": 1.00,"ts": 1113.00,"name":"Dune__exe__T2.fib2","ph":"X"},
{"pid":2,"cat":"","tid": 3,"dur": 1.00,"ts": 1115.00,"name":"Dune__exe__T2.fib2","ph":"X"},
{"pid":2,"cat":"","tid": 3,"dur": 5.00,"ts": 1112.00,"name":"Dune__exe__T2.fib2","ph":"X"},
{"pid":2,"cat":"","tid": 3,"dur": 9.00,"ts": 1109.00,"name":"Dune__exe__T2.fib2","ph":"X"},
{"pid":2,"cat":"","tid": 3,"dur": 17.00,"ts": 1102.00,"name":"Dune__exe__T2.fib2","ph":"X"},
{"pid":2,"cat":"","tid": 3,"dur": 1.00,"ts": 1122.00,"name":"Dune__exe__T2.fib2","ph":"X"},
{"pid":2,"cat":"","tid": 3,"dur": 1.00,"ts": 1125.00,"name":"Dune__exe__T2.fib2","ph":"X"},
{"pid":2,"cat":"","tid": 3,"dur": 1.00,"ts": 1127.00,"name":"Dune__exe__T2.fib2","ph":"X"},
{"pid":2,"cat":"","tid": 3,"dur": 5.00,"ts": 1124.00,"name":"Dune__exe__T2.fib2","ph":"X"},
{"pid":2,"cat":"","tid": 3,"dur": 9.00,"ts": 1121.00,"name":"Dune__exe__T2.fib2","ph":"X"},
{"pid":2,"cat":"","tid": 3,"dur": 1.00,"ts": 1133.00,"name":"Dune__exe__T2.fib2","ph":"X"},
{"pid":2,"cat":"","tid": 3,"dur": 1.00,"ts": 1135.00,"name":"Dune__exe__T2.fib2","ph":"X"},
{"pid":2,"cat":"","tid": 3,"dur": 5.00,"ts": 1132.00,"name":"Dune__exe__T2.fib2","ph":"X"},
{"pid":2,"cat":"","tid": 3,"dur": 1.00,"ts": 1139.00,"name":"Dune__exe__T2.fib2","ph":"X"},
{"pid":2,"cat":"","tid": 3,"dur": 1.00,"ts": 1142.00,"name":"Dune__exe__T2.fib2","ph":"X"},
{"pid":2,"cat":"","tid": 3,"dur": 1.00,"ts": 1144.00,"name":"Dune__exe__T2.fib2","ph":"X"},
{"pid":2,"cat":"","tid": 3,"dur": 5.00,"ts": 1141.00,"name":"Dune__exe__T2.fib2","ph":"X"},
{"pid":2,"cat":"","tid": 3,"dur": 9.00,"ts": 1138.00,"name":"Dune__exe__T2.fib2","ph":"X"},
{"pid":2,"cat":"","tid": 3,"dur": 17.00,"ts": 1131.00,"name":"Dune__exe__T2.fib2","ph":"X"},
{"pid":2,"cat":"","tid": 3,"dur": 29.00,"ts": 1120.00,"name":"Dune__exe__T2.fib2","ph":"X"},
{"pid":2,"cat":"","tid": 3,"dur": 49.00,"ts": 1101.00,"name":"Dune__exe__T2.fib2","ph":"X"},
{"pid":2,"cat":"","tid": 3,"dur": 81.00,"ts": 1070.00,"name":"Dune__exe__T2.fib2","ph":"X"},
{"pid":2,"cat":"","tid": 3,"dur": 1.00,"ts": 1156.00,"name":"Dune__exe__T2.fib2","ph":"X"},
{"pid":2,"cat":"","tid": 3,"dur": 1.00,"ts": 1158.00,"name":"Dune__exe__T2.fib2","ph":"X"},
{"pid":2,"cat":"","tid": 3,"dur": 5.00,"ts": 1155.00,"name":"Dune__exe__T2.fib2","ph":"X"},
{"pid":2,"cat":"","tid": 3,"dur": 1.00,"ts": 1162.00,"name":"Dune__exe__T2.fib2","ph":"X"},
{"pid":2,"cat":"","tid": 3,"dur": 1.00,"ts": 1165.00,"name":"Dune__exe__T2.fib2","ph":"X"},
{"pid":2,"cat":"","tid": 3,"dur": 1.00,"ts": 1167.00,"name":"Dune__exe__T2.fib2","ph":"X"},
{"pid":2,"cat":"","tid": 3,"dur": 5.00,"ts": 1164.00,"name":"Dune__exe__T2.fib2","ph":"X"},
{"pid":2,"cat":"","tid": 3,"dur": 9.00,"ts": 1161.00,"name":"Dune__exe__T2.fib2","ph":"X"},
{"pid":2,"cat":"","tid": 3,"dur": 17.00,"ts": 1154.00,"name":"Dune__exe__T2.fib2","ph":"X"},
{"pid":2,"cat":"","tid": 3,"dur": 1.00,"ts": 1174.00,"name":"Dune__exe__T2.fib2","ph":"X"},
{"pid":2,"cat":"","tid": 3,"dur": 1.00,"ts": 1177.00,"name":"Dune__exe__T2.fib2","ph":"X"},
{"pid":2,"cat":"","tid": 3,"dur": 1.00,"ts": 1179.00,"name":"Dune__exe__T2.fib2","ph":"X"},
{"pid":2,"cat":"","tid": 3,"dur": 5.00,"ts": 1176.00,"name":"Dune__exe__T2.fib2","ph":"X"},
{"pid":2,"cat":"","tid": 3,"dur": 9.00,"ts": 1173.00,"name":"Dune__exe__T2.fib2","ph":"X"},
{"pid":2,"cat":"","tid": 3,"dur": 1.00,"ts": 1185.00,"name":"Dune__exe__T2.fib2","ph":"X"},
{"pid":2,"cat":"","tid": 3,"dur": 1.00,"ts": 1187.00,"name":"Dune__exe__T2.fib2","ph":"X"},
{"pid":2,"cat":"","tid": 3,"dur": 5.00,"ts": 1184.00,"name":"Dune__exe__T2.fib2","ph":"X"},
{"pid":2,"cat":"","tid": 3,"dur": 1.00,"ts": 1191.00,"name":"Dune__exe__T2.fib2","ph":"X"},
{"pid":2,"cat":"","tid": 3,"dur": 1.00,"ts": 1194.00,"name":"Dune__exe__T2.fib2","ph":"X"},
{"pid":2,"cat":"","tid": 3,"dur": 1.00,"ts": 1196.00,"name":"Dune__exe__T2.fib2","ph":"X"},
{"pid":2,"cat":"","tid": 3,"dur": 5.00,"ts": 1193.00,"name":"Dune__exe__T2.fib2","ph":"X"},
{"pid":2,"cat":"","tid": 3,"dur": 9.00,"ts": 1190.00,"name":"Dune__exe__T2.fib2","ph":"X"},
{"pid":2,"cat":"","tid": 3,"dur": 17.00,"ts": 1183.00,"name":"Dune__exe__T2.fib2","ph":"X"},
{"pid":2,"cat":"","tid": 3,"dur": 29.00,"ts": 1172.00,"name":"Dune__exe__T2.fib2","ph":"X"},
{"pid":2,"cat":"","tid": 3,"dur": 49.00,"ts": 1153.00,"name":"Dune__exe__T2.fib2","ph":"X"},
{"pid":2,"cat":"","tid": 3,"dur": 1.00,"ts": 1206.00,"name":"Dune__exe__T2.fib2","ph":"X"},
{"pid":2,"cat":"","tid": 3,"dur": 1.00,"ts": 1209.00,"name":"Dune__exe__T2.fib2","ph":"X"},
{"pid":2,"cat":"","tid": 3,"dur": 1.00,"ts": 1211.00,"name":"Dune__exe__T2.fib2","ph":"X"},
{"pid":2,"cat":"","tid": 3,"dur": 5.00,"ts": 1208.00,"name":"Dune__exe__T2.fib2","ph":"X"},
{"pid":2,"cat":"","tid": 3,"dur": 9.00,"ts": 1205.00,"name":"Dune__exe__T2.fib2","ph":"X"},
{"pid":2,"cat":"","tid": 3,"dur": 1.00,"ts": 1217.00,"name":"Dune__exe__T2.fib2","ph":"X"},
{"pid":2,"cat":"","tid": 3,"dur": 1.00,"ts": 1219.00,"name":"Dune__exe__T2.fib2","ph":"X"},
{"pid":2,"cat":"","tid": 3,"dur": 5.00,"ts": 1216.00,"name":"Dune__exe__T2.fib2","ph":"X"},
{"pid":2,"cat":"","tid": 3,"dur": 1.00,"ts": 1223.00,"name":"Dune__exe__T2.fib2","ph":"X"},
{"pid":2,"cat":"","tid": 3,"dur": 1.00,"ts": 1226.00,"name":"Dune__exe__T2.fib2","ph":"X"},
{"pid":2,"cat":"","tid": 3,"dur": 1.00,"ts": 1228.00,"name":"Dune__exe__T2.fib2","ph":"X"},
{"pid":2,"cat":"","tid": 3,"dur": 5.00,"ts": 1225.00,"name":"Dune__exe__T2.fib2","ph":"X"},
{"pid":2,"cat":"","tid": 3,"dur": 9.00,"ts": 1222.00,"name":"Dune__exe__T2.fib2","ph":"X"},
{"pid":2,"cat":"","tid": 3,"dur": 17.00,"ts": 1215.00,"name":"Dune__exe__T2.fib2","ph":"X"},
{"pid":2,"cat":"","tid": 3,"dur": 29.00,"ts": 1204.00,"name":"Dune__exe__T2.fib2","ph":"X"},
{"pid":2,"cat":"","tid": 3,"dur": 1.00,"ts": 1237.00,"name":"Dune__exe__T2.fib2","ph":"X"},
{"pid":2,"cat":"","tid": 3,"dur": 1.00,"ts": 1239.00,"name":"Dune__exe__T2.fib2","ph":"X"},
{"pid":2,"cat":"","tid": 3,"dur": 5.00,"ts": 1236.00,"name":"Dune__exe__T2.fib2","ph":"X"},
{"pid":2,"cat":"","tid": 3,"dur": 1.00,"ts": 1243.00,"name":"Dune__exe__T2.fib2","ph":"X"},
{"pid":2,"cat":"","tid": 3,"dur": 1.00,"ts": 1246.00,"name":"Dune__exe__T2.fib2","ph":"X"},
{"pid":2,"cat":"","tid": 3,"dur": 1.00,"ts": 1248.00,"name":"Dune__exe__T2.fib2","ph":"X"},
{"pid":2,"cat":"","tid": 3,"dur": 5.00,"ts": 1245.00,"name":"Dune__exe__T2.fib2","ph":"X"},
{"pid":2,"cat":"","tid": 3,"dur": 9.00,"ts": 1242.00,"name":"Dune__exe__T2.fib2","ph":"X"},
{"pid":2,"cat":"","tid": 3,"dur": 17.00,"ts": 1235.00,"name":"Dune__exe__T2.fib2","ph":"X"},
{"pid":2,"cat":"","tid": 3,"dur": 1.00,"ts": 1255.00,"name":"Dune__exe__T2.fib2","ph":"X"},
{"pid":2,"cat":"","tid": 3,"dur": 1.00,"ts": 1258.00,"name":"Dune__exe__T2.fib2","ph":"X"},
{"pid":2,"cat":"","tid": 3,"dur": 1.00,"ts": 1260.00,"name":"Dune__exe__T2.fib2","ph":"X"},
{"pid":2,"cat":"","tid": 3,"dur": 5.00,"ts": 1257.00,"name":"Dune__exe__T2.fib2","ph":"X"},
{"pid":2,"cat":"","tid": 3,"dur": 9.00,"ts": 1254.00,"name":"Dune__exe__T2.fib2","ph":"X"},
{"pid":2,"cat":"","tid": 3,"dur": 1.00,"ts": 1266.00,"name":"Dune__exe__T2.fib2","ph":"X"},
{"pid":2,"cat":"","tid": 3,"dur": 1.00,"ts": 1268.00,"name":"Dune__exe__T2.fib2","ph":"X"},
{"pid":2,"cat":"","tid": 3,"dur": 5.00,"ts": 1265.00,"name":"Dune__exe__T2.fib2","ph":"X"},
{"pid":2,"cat":"","tid": 3,"dur": 1.00,"ts": 1272.00,"name":"Dune__exe__T2.fib2","ph":"X"},
{"pid":2,"cat":"","tid": 3,"dur": 1.00,"ts": 1275.00,"name":"Dune__exe__T2.fib2","ph":"X"},
{"pid":2,"cat":"","tid": 3,"dur": 1.00,"ts": 1277.00,"name":"Dune__exe__T2.fib2","ph":"X"},
{"pid":2,"cat":"","tid": 3,"dur": 5.00,"ts": 1274.00,"name":"Dune__exe__T2.fib2","ph":"X"},
{"pid":2,"cat":"","tid": 3,"dur": 9.00,"ts": 1271.00,"name":"Dune__exe__T2.fib2","ph":"X"},
{"pid":2,"cat":"","tid": 3,"dur": 17.00,"ts": 1264.00,"name":"Dune__exe__T2.fib2","ph":"X"},
{"pid":2,"cat":"","tid": 3,"dur": 29.00,"ts": 1253.00,"name":"Dune__exe__T2.fib2","ph":"X"},
{"pid":2,"cat":"","tid": 3,"dur": 49.00,"ts": 1234.00,"name":"Dune__exe__T2.fib2","ph":"X"},
{"pid":2,"cat":"","tid": 3,"dur": 81.00,"ts": 1203.00,"name":"Dune__exe__T2.fib2","ph":"X"},
{"pid":2,"cat":"","tid": 3,"dur": 133.00,"ts": 1152.00,"name":"Dune__exe__T2.fib2","ph":"X"},
{"pid":2,"cat":"","tid": 3,"dur": 217.00,"ts": 1069.00,"name":"Dune__exe__T2.fib2","ph":"X"},
{"pid":2,"cat":"","tid": 3,"dur": 353.00,"ts": 934.00,"name":"Dune__exe__T2.fib2","ph":"X"},
{"pid":2,"cat":"","tid": 3,"dur": 1.00,"ts": 1293.00,"name":"Dune__exe__T2.fib2","ph":"X"},
{"pid":2,"cat":"","tid": 3,"dur": 1.00,"ts": 1296.00,"name":"Dune__exe__T2.fib2","ph":"X"},
{"pid":2,"cat":"","tid": 3,"dur": 1.00,"ts": 1298.00,"name":"Dune__exe__T2.fib2","ph":"X"},
{"pid":2,"cat":"","tid": 3,"dur": 5.00,"ts": 1295.00,"name":"Dune__exe__T2.fib2","ph":"X"},
{"pid":2,"cat":"","tid": 3,"dur": 9.00,"ts": 1292.00,"name":"Dune__exe__T2.fib2","ph":"X"},
{"pid":2,"cat":"","tid": 3,"dur": 1.00,"ts": 1304.00,"name":"Dune__exe__T2.fib2","ph":"X"},
{"pid":2,"cat":"","tid": 3,"dur": 1.00,"ts": 1306.00,"name":"Dune__exe__T2.fib2","ph":"X"},
{"pid":2,"cat":"","tid": 3,"dur": 5.00,"ts": 1303.00,"name":"Dune__exe__T2.fib2","ph":"X"},
{"pid":2,"cat":"","tid": 3,"dur": 1.00,"ts": 1310.00,"name":"Dune__exe__T2.fib2","ph":"X"},
{"pid":2,"cat":"","tid": 3,"dur": 1.00,"ts": 1313.00,"name":"Dune__exe__T2.fib2","ph":"X"},
{"pid":2,"cat":"","tid": 3,"dur": 1.00,"ts": 1315.00,"name":"Dune__exe__T2.fib2","ph":"X"},
{"pid":2,"cat":"","tid": 3,"dur": 5.00,"ts": 1312.00,"name":"Dune__exe__T2.fib2","ph":"X"},
{"pid":2,"cat":"","tid": 3,"dur": 9.00,"ts": 1309.00,"name":"Dune__exe__T2.fib2","ph":"X"},
{"pid":2,"cat":"","tid": 3,"dur": 17.00,"ts": 1302.00,"name":"Dune__exe__T2.fib2","ph":"X"},
{"pid":2,"cat":"","tid": 3,"dur": 29.00,"ts": 1291.00,"name":"Dune__exe__T2.fib2","ph":"X"},
{"pid":2,"cat":"","tid": 3,"dur": 1.00,"ts": 1324.00,"name":"Dune__exe__T2.fib2","ph":"X"},
{"pid":2,"cat":"","tid": 3,"dur": 1.00,"ts": 1326.00,"name":"Dune__exe__T2.fib2","ph":"X"},
{"pid":2,"cat":"","tid": 3,"dur": 5.00,"ts": 1323.00,"name":"Dune__exe__T2.fib2","ph":"X"},
{"pid":2,"cat":"","tid": 3,"dur": 1.00,"ts": 1330.00,"name":"Dune__exe__T2.fib2","ph":"X"},
{"pid":2,"cat":"","tid": 3,"dur": 1.00,"ts": 1333.00,"name":"Dune__exe__T2.fib2","ph":"X"},
{"pid":2,"cat":"","tid": 3,"dur": 1.00,"ts": 1335.00,"name":"Dune__exe__T2.fib2","ph":"X"},
{"pid":2,"cat":"","tid": 3,"dur": 5.00,"ts": 1332.00,"name":"Dune__exe__T2.fib2","ph":"X"},
{"pid":2,"cat":"","tid": 3,"dur": 9.00,"ts": 1329.00,"name":"Dune__exe__T2.fib2","ph":"X"},
{"pid":2,"cat":"","tid": 3,"dur": 17.00,"ts": 1322.00,"name":"Dune__exe__T2.fib2","ph":"X"},
{"pid":2,"cat":"","tid": 3,"dur": 1.00,"ts": 1342.00,"name":"Dune__exe__T2.fib2","ph":"X"},
{"pid":2,"cat":"","tid": 3,"dur": 1.00,"ts": 1345.00,"name":"Dune__exe__T2.fib2","ph":"X"},
{"pid":2,"cat":"","tid": 3,"dur": 1.00,"ts": 1347.00,"name":"Dune__exe__T2.fib2","ph":"X"},
{"pid":2,"cat":"","tid": 3,"dur": 5.00,"ts": 1344.00,"name":"Dune__exe__T2.fib2","ph":"X"},
{"pid":2,"cat":"","tid": 3,"dur": 9.00,"ts": 1341.00,"name":"Dune__exe__T2.fib2","ph":"X"},
{"pid":2,"cat":"","tid": 3,"dur": 1.00,"ts": 1353.00,"name":"Dune__exe__T2.fib2","ph":"X"},
{"pid":2,"cat":"","tid": 3,"dur": 1.00,"ts": 1355.00,"name":"Dune__exe__T2.fib2","ph":"X"},
{"pid":2,"cat":"","tid": 3,"dur": 5.00,"ts": 1352.00,"name":"Dune__exe__T2.fib2","ph":"X"},
{"pid":2,"cat":"","tid": 3,"dur": 1.00,"ts": 1359.00,"name":"Dune__exe__T2.fib2","ph":"X"},
{"pid":2,"cat":"","tid": 3,"dur": 1.00,"ts": 1362.00,"name":"Dune__exe__T2.fib2","ph":"X"},
{"pid":2,"cat":"","tid": 3,"dur": 1.00,"ts": 1364.00,"name":"Dune__exe__T2.fib2","ph":"X"},
{"pid":2,"cat":"","tid": 3,"dur": 5.00,"ts": 1361.00,"name":"Dune__exe__T2.fib2","ph":"X"},
{"pid":2,"cat":"","tid": 3,"dur": 9.00,"ts": 1358.00,"name":"Dune__exe__T2.fib2","ph":"X"},
{"pid":2,"cat":"","tid": 3,"dur": 17.00,"ts": 1351.00,"name":"Dune__exe__T2.fib2","ph":"X"},
{"pid":2,"cat":"","tid": 3,"dur": 29.00,"ts": 1340.00,"name":"Dune__exe__T2.fib2","ph":"X"},
{"pid":2,"cat":"","tid": 3,"dur": 49.00,"ts": 1321.00,"name":"Dune__exe__T2.fib2","ph":"X"},
{"pid":2,"cat":"","tid": 3,"dur": 81.00,"ts": 1290.00,"name":"Dune__exe__T2.fib2","ph":"X"},
{"pid":2,"cat":"","tid": 3,"dur": 1.00,"ts": 1376.00,"name":"Dune__exe__T2.fib2","ph":"X"},
{"pid":2,"cat":"","tid": 3,"dur": 1.00,"ts": 1378.00,"name":"Dune__exe__T2.fib2","ph":"X"},
{"pid":2,"cat":"","tid": 3,"dur": 5.00,"ts": 1375.00,"name":"Dune__exe__T2.fib2","ph":"X"},
{"pid":2,"cat":"","tid": 3,"dur": 1.00,"ts": 1382.00,"name":"Dune__exe__T2.fib2","ph":"X"},
{"pid":2,"cat":"","tid": 3,"dur": 1.00,"ts": 1385.00,"name":"Dune__exe__T2.fib2","ph":"X"},
{"pid":2,"cat":"","tid": 3,"dur": 1.00,"ts": 1387.00,"name":"Dune__exe__T2.fib2","ph":"X"},
{"pid":2,"cat":"","tid": 3,"dur": 5.00,"ts": 1384.00,"name":"Dune__exe__T2.fib2","ph":"X"},
{"pid":2,"cat":"","tid": 3,"dur": 9.00,"ts": 1381.00,"name":"Dune__exe__T2.fib2","ph":"X"},
{"pid":2,"cat":"","tid": 3,"dur": 17.00,"ts": 1374.00,"name":"Dune__exe__T2.fib2","ph":"X"},
{"pid":2,"cat":"","tid": 3,"dur": 1.00,"ts": 1394.00,"name":"Dune__exe__T2.fib2","ph":"X"},
{"pid":2,"cat":"","tid": 3,"dur": 1.00,"ts": 1397.00,"name":"Dune__exe__T2.fib2","ph":"X"},
{"pid":2,"cat":"","tid": 3,"dur": 1.00,"ts": 1399.00,"name":"Dune__exe__T2.fib2","ph":"X"},
{"pid":2,"cat":"","tid": 3,"dur": 5.00,"ts": 1396.00,"name":"Dune__exe__T2.fib2","ph":"X"},
{"pid":2,"cat":"","tid": 3,"dur": 9.00,"ts": 1393.00,"name":"Dune__exe__T2.fib2","ph":"X"},
{"pid":2,"cat":"","tid": 3,"dur": 1.00,"ts": 1405.00,"name":"Dune__exe__T2.fib2","ph":"X"},
{"pid":2,"cat":"","tid": 3,"dur": 1.00,"ts": 1407.00,"name":"Dune__exe__T2.fib2","ph":"X"},
{"pid":2,"cat":"","tid": 3,"dur": 5.00,"ts": 1404.00,"name":"Dune__exe__T2.fib2","ph":"X"},
{"pid":2,"cat":"","tid": 3,"dur": 1.00,"ts": 1411.00,"name":"Dune__exe__T2.fib2","ph":"X"},
{"pid":2,"cat":"","tid": 3,"dur": 1.00,"ts": 1414.00,"name":"Dune__exe__T2.fib2","ph":"X"},
{"pid":2,"cat":"","tid": 3,"dur": 1.00,"ts": 1416.00,"name":"Dune__exe__T2.fib2","ph":"X"},
{"pid":2,"cat":"","tid": 3,"dur": 5.00,"ts": 1413.00,"name":"Dune__exe__T2.fib2","ph":"X"},
{"pid":2,"cat":"","tid": 3,"dur": 9.00,"ts": 1410.00,"name":"Dune__exe__T2.fib2","ph":"X"},
{"pid":2,"cat":"","tid": 3,"dur": 17.00,"ts": 1403.00,"name":"Dune__exe__T2.fib2","ph":"X"},
{"pid":2,"cat":"","tid": 3,"dur": 29.00,"ts": 1392.00,"name":"Dune__exe__T2.fib2","ph":"X"},
{"pid":2,"cat":"","tid": 3,"dur": 49.00,"ts": 1373.00,"name":"Dune__exe__T2.fib2","ph":"X"},
{"pid":2,"cat":"","tid": 3,"dur": 1.00,"ts": 1426.00,"name":"Dune__exe__T2.fib2","ph":"X"},
{"pid":2,"cat":"","tid": 3,"dur": 1.00,"ts": 1429.00,"name":"Dune__exe__T2.fib2","ph":"X"},
{"pid":2,"cat":"","tid": 3,"dur": 1.00,"ts": 1431.00,"name":"Dune__exe__T2.fib2","ph":"X"},
{"pid":2,"cat":"","tid": 3,"dur": 5.00,"ts": 1428.00,"name":"Dune__exe__T2.fib2","ph":"X"},
{"pid":2,"cat":"","tid": 3,"dur": 9.00,"ts": 1425.00,"name":"Dune__exe__T2.fib2","ph":"X"},
{"pid":2,"cat":"","tid": 3,"dur": 1.00,"ts": 1437.00,"name":"Dune__exe__T2.fib2","ph":"X"},
{"pid":2,"cat":"","tid": 3,"dur": 1.00,"ts": 1439.00,"name":"Dune__exe__T2.fib2","ph":"X"},
{"pid":2,"cat":"","tid": 3,"dur": 5.00,"ts": 1436.00,"name":"Dune__exe__T2.fib2","ph":"X"},
{"pid":2,"cat":"","tid": 3,"dur": 1.00,"ts": 1443.00,"name":"Dune__exe__T2.fib2","ph":"X"},
{"pid":2,"cat":"","tid": 3,"dur": 1.00,"ts": 1446.00,"name":"Dune__exe__T2.fib2","ph":"X"},
{"pid":2,"cat":"","tid": 3,"dur": 1.00,"ts": 1448.00,"name":"Dune__exe__T2.fib2","ph":"X"},
{"pid":2,"cat":"","tid": 3,"dur": 5.00,"ts": 1445.00,"name":"Dune__exe__T2.fib2","ph":"X"},
{"pid":2,"cat":"","tid": 3,"dur": 9.00,"ts": 1442.00,"name":"Dune__exe__T2.fib2","ph":"X"},
{"pid":2,"cat":"","tid": 3,"dur": 17.00,"ts": 1435.00,"name":"Dune__exe__T2.fib2","ph":"X"},
{"pid":2,"cat":"","tid": 3,"dur": 29.00,"ts": 1424.00,"name":"Dune__exe__T2.fib2","ph":"X"},
{"pid":2,"cat":"","tid": 3,"dur": 1.00,"ts": 1457.00,"name":"Dune__exe__T2.fib2","ph":"X"},
{"pid":2,"cat":"","tid": 3,"dur": 1.00,"ts": 1459.00,"name":"Dune__exe__T2.fib2","ph":"X"},
{"pid":2,"cat":"","tid": 3,"dur": 5.00,"ts": 1456.00,"name":"Dune__exe__T2.fib2","ph":"X"},
{"pid":2,"cat":"","tid": 3,"dur": 1.00,"ts": 1463.00,"name":"Dune__exe__T2.fib2","ph":"X"},
{"pid":2,"cat":"","tid": 3,"dur": 1.00,"ts": 1466.00,"name":"Dune__exe__T2.fib2","ph":"X"},
{"pid":2,"cat":"","tid": 3,"dur": 1.00,"ts": 1468.00,"name":"Dune__exe__T2.fib2","ph":"X"},
{"pid":2,"cat":"","tid": 3,"dur": 5.00,"ts": 1465.00,"name":"Dune__exe__T2.fib2","ph":"X"},
{"pid":2,"cat":"","tid": 3,"dur": 9.00,"ts": 1462.00,"name":"Dune__exe__T2.fib2","ph":"X"},
{"pid":2,"cat":"","tid": 3,"dur": 17.00,"ts": 1455.00,"name":"Dune__exe__T2.fib2","ph":"X"},
{"pid":2,"cat":"","tid": 3,"dur": 1.00,"ts": 1475.00,"name":"Dune__exe__T2.fib2","ph":"X"},
{"pid":2,"cat":"","tid": 3,"dur": 1.00,"ts": 1478.00,"name":"Dune__exe__T2.fib2","ph":"X"},
{"pid":2,"cat":"","tid": 3,"dur": 1.00,"ts": 1480.00,"name":"Dune__exe__T2.fib2","ph":"X"},
{"pid":2,"cat":"","tid": 3,"dur": 5.00,"ts": 1477.00,"name":"Dune__exe__T2.fib2","ph":"X"},
{"pid":2,"cat":"","tid": 3,"dur": 9.00,"ts": 1474.00,"name":"Dune__exe__T2.fib2","ph":"X"},
{"pid":2,"cat":"","tid": 3,"dur": 1.00,"ts": 1486.00,"name":"Dune__exe__T2.fib2","ph":"X"},
{"pid":2,"cat":"","tid": 3,"dur": 1.00,"ts": 1488.00,"name":"Dune__exe__T2.fib2","ph":"X"},
{"pid":2,"cat":"","tid": 3,"dur": 5.00,"ts": 1485.00,"name":"Dune__exe__T2.fib2","ph":"X"},
{"pid":2,"cat":"","tid": 3,"dur": 1.00,"ts": 1492.00,"name":"Dune__exe__T2.fib2","ph":"X"},
{"pid":2,"cat":"","tid": 3,"dur": 1.00,"ts": 1495.00,"name":"Dune__exe__T2.fib2","ph":"X"},
{"pid":2,"cat":"","tid": 3,"dur": 1.00,"ts": 1497.00,"name":"Dune__exe__T2.fib2","ph":"X"},
{"pid":2,"cat":"","tid": 3,"dur": 5.00,"ts": 1494.00,"name":"Dune__exe__T2.fib2","ph":"X"},
{"pid":2,"cat":"","tid": 3,"dur": 9.00,"ts": 1491.00,"name":"Dune__exe__T2.fib2","ph":"X"},
{"pid":2,"cat":"","tid": 3,"dur": 17.00,"ts": 1484.00,"name":"Dune__exe__T2.fib2","ph":"X"},
{"pid":2,"cat":"","tid": 3,"dur": 29.00,"ts": 1473.00,"name":"Dune__exe__T2.fib2","ph":"X"},
{"pid":2,"cat":"","tid": 3,"dur": 49.00,"ts": 1454.00,"name":"Dune__exe__T2.fib2","ph":"X"},
{"pid":2,"cat":"","tid": 3,"dur": 81.00,"ts": 1423.00,"name":"Dune__exe__T2.fib2","ph":"X"},
{"pid":2,"cat":"","tid": 3,"dur": 133.00,"ts": 1372.00,"name":"Dune__exe__T2.fib2","ph":"X"},
{"pid":2,"cat":"","tid": 3,"dur": 217.00,"ts": 1289.00,"name":"Dune__exe__T2.fib2","ph":"X"},
{"pid":2,"cat":"","tid": 3,"dur": 1.00,"ts": 1512.00,"name":"Dune__exe__T2.fib2","ph":"X"},
{"pid":2,"cat":"","tid": 3,"dur": 1.00,"ts": 1514.00,"name":"Dune__exe__T2.fib2","ph":"X"},
{"pid":2,"cat":"","tid": 3,"dur": 5.00,"ts": 1511.00,"name":"Dune__exe__T2.fib2","ph":"X"},
{"pid":2,"cat":"","tid": 3,"dur": 1.00,"ts": 1518.00,"name":"Dune__exe__T2.fib2","ph":"X"},
{"pid":2,"cat":"","tid": 3,"dur": 1.00,"ts": 1521.00,"name":"Dune__exe__T2.fib2","ph":"X"},
{"pid":2,"cat":"","tid": 3,"dur": 1.00,"ts": 1523.00,"name":"Dune__exe__T2.fib2","ph":"X"},
{"pid":2,"cat":"","tid": 3,"dur": 5.00,"ts": 1520.00,"name":"Dune__exe__T2.fib2","ph":"X"},
{"pid":2,"cat":"","tid": 3,"dur": 9.00,"ts": 1517.00,"name":"Dune__exe__T2.fib2","ph":"X"},
{"pid":2,"cat":"","tid": 3,"dur": 17.00,"ts": 1510.00,"name":"Dune__exe__T2.fib2","ph":"X"},
{"pid":2,"cat":"","tid": 3,"dur": 1.00,"ts": 1530.00,"name":"Dune__exe__T2.fib2","ph":"X"},
{"pid":2,"cat":"","tid": 3,"dur": 1.00,"ts": 1533.00,"name":"Dune__exe__T2.fib2","ph":"X"},
{"pid":2,"cat":"","tid": 3,"dur": 1.00,"ts": 1535.00,"name":"Dune__exe__T2.fib2","ph":"X"},
{"pid":2,"cat":"","tid": 3,"dur": 5.00,"ts": 1532.00,"name":"Dune__exe__T2.fib2","ph":"X"},
{"pid":2,"cat":"","tid": 3,"dur": 9.00,"ts": 1529.00,"name":"Dune__exe__T2.fib2","ph":"X"},
{"pid":2,"cat":"","tid": 3,"dur": 1.00,"ts": 1541.00,"name":"Dune__exe__T2.fib2","ph":"X"},
{"pid":2,"cat":"","tid": 3,"dur": 1.00,"ts": 1543.00,"name":"Dune__exe__T2.fib2","ph":"X"},
{"pid":2,"cat":"","tid": 3,"dur": 5.00,"ts": 1540.00,"name":"Dune__exe__T2.fib2","ph":"X"},
{"pid":2,"cat":"","tid": 3,"dur": 1.00,"ts": 1547.00,"name":"Dune__exe__T2.fib2","ph":"X"},
{"pid":2,"cat":"","tid": 3,"dur": 1.00,"ts": 1550.00,"name":"Dune__exe__T2.fib2","ph":"X"},
{"pid":2,"cat":"","tid": 3,"dur": 1.00,"ts": 1552.00,"name":"Dune__exe__T2.fib2","ph":"X"},
{"pid":2,"cat":"","tid": 3,"dur": 5.00,"ts": 1549.00,"name":"Dune__exe__T2.fib2","ph":"X"},
{"pid":2,"cat":"","tid": 3,"dur": 9.00,"ts": 1546.00,"name":"Dune__exe__T2.fib2","ph":"X"},
{"pid":2,"cat":"","tid": 3,"dur": 17.00,"ts": 1539.00,"name":"Dune__exe__T2.fib2","ph":"X"},
{"pid":2,"cat":"","tid": 3,"dur": 29.00,"ts": 1528.00,"name":"Dune__exe__T2.fib2","ph":"X"},
{"pid":2,"cat":"","tid": 3,"dur": 49.00,"ts": 1509.00,"name":"Dune__exe__T2.fib2","ph":"X"},
{"pid":2,"cat":"","tid": 3,"dur": 1.00,"ts": 1562.00,"name":"Dune__exe__T2.fib2","ph":"X"},
{"pid":2,"cat":"","tid": 3,"dur": 1.00,"ts": 1565.00,"name":"Dune__exe__T2.fib2","ph":"X"},
{"pid":2,"cat":"","tid": 3,"dur": 1.00,"ts": 1567.00,"name":"Dune__exe__T2.fib2","ph":"X"},
{"pid":2,"cat":"","tid": 3,"dur": 5.00,"ts": 1564.00,"name":"Dune__exe__T2.fib2","ph":"X"},
{"pid":2,"cat":"","tid": 3,"dur": 9.00,"ts": 1561.00,"name":"Dune__exe__T2.fib2","ph":"X"},
{"pid":2,"cat":"","tid": 3,"dur": 1.00,"ts": 1573.00,"name":"Dune__exe__T2.fib2","ph":"X"},
{"pid":2,"cat":"","tid": 3,"dur": 1.00,"ts": 1575.00,"name":"Dune__exe__T2.fib2","ph":"X"},
{"pid":2,"cat":"","tid": 3,"dur": 5.00,"ts": 1572.00,"name":"Dune__exe__T2.fib2","ph":"X"},
{"pid":2,"cat":"","tid": 3,"dur": 1.00,"ts": 1579.00,"name":"Dune__exe__T2.fib2","ph":"X"},
{"pid":2,"cat":"","tid": 3,"dur": 1.00,"ts": 1582.00,"name":"Dune__exe__T2.fib2","ph":"X"},
{"pid":2,"cat":"","tid": 3,"dur": 1.00,"ts": 1584.00,"name":"Dune__exe__T2.fib2","ph":"X"},
{"pid":2,"cat":"","tid": 3,"dur": 5.00,"ts": 1581.00,"name":"Dune__exe__T2.fib2","ph":"X"},
{"pid":2,"cat":"","tid": 3,"dur": 9.00,"ts": 1578.00,"name":"Dune__exe__T2.fib2","ph":"X"},
{"pid":2,"cat":"","tid": 3,"dur": 17.00,"ts": 1571.00,"name":"Dune__exe__T2.fib2","ph":"X"},
{"pid":2,"cat":"","tid": 3,"dur": 29.00,"ts": 1560.00,"name":"Dune__exe__T2.fib2","ph":"X"},
{"pid":2,"cat":"","tid": 3,"dur": 1.00,"ts": 1593.00,"name":"Dune__exe__T2.fib2","ph":"X"},
{"pid":2,"cat":"","tid": 3,"dur": 1.00,"ts": 1595.00,"name":"Dune__exe__T2.fib2","ph":"X"},
{"pid":2,"cat":"","tid": 3,"dur": 5.00,"ts": 1592.00,"name":"Dune__exe__T2.fib2","ph":"X"},
{"pid":2,"cat":"","tid": 3,"dur": 1.00,"ts": 1599.00,"name":"Dune__exe__T2.fib2","ph":"X"},
{"pid":2,"cat":"","tid": 3,"dur": 1.00,"ts": 1602.00,"name":"Dune__exe__T2.fib2","ph":"X"},
{"pid":2,"cat":"","tid": 3,"dur": 1.00,"ts": 1604.00,"name":"Dune__exe__T2.fib2","ph":"X"},
{"pid":2,"cat":"","tid": 3,"dur": 5.00,"ts": 1601.00,"name":"Dune__exe__T2.fib2","ph":"X"},
{"pid":2,"cat":"","tid": 3,"dur": 9.00,"ts": 1598.00,"name":"Dune__exe__T2.fib2","ph":"X"},
{"pid":2,"cat":"","tid": 3,"dur": 17.00,"ts": 1591.00,"name":"Dune__exe__T2.fib2","ph":"X"},
{"pid":2,"cat":"","tid": 3,"dur": 1.00,"ts": 1611.00,"name":"Dune__exe__T2.fib2","ph":"X"},
{"pid":2,"cat":"","tid": 3,"dur": 1.00,"ts": 1614.00,"name":"Dune__exe__T2.fib2","ph":"X"},
{"pid":2,"cat":"","tid": 3,"dur": 1.00,"ts": 1616.00,"name":"Dune__exe__T2.fib2","ph":"X"},
{"pid":2,"cat":"","tid": 3,"dur": 5.00,"ts": 1613.00,"name":"Dune__exe__T2.fib2","ph":"X"},
{"pid":2,"cat":"","tid": 3,"dur": 9.00,"ts": 1610.00,"name":"Dune__exe__T2.fib2","ph":"X"},
{"pid":2,"cat":"","tid": 3,"dur": 1.00,"ts": 1622.00,"name":"Dune__exe__T2.fib2","ph":"X"},
{"pid":2,"cat":"","tid": 3,"dur": 1.00,"ts": 1624.00,"name":"Dune__exe__T2.fib2","ph":"X"},
{"pid":2,"cat":"","tid": 3,"dur": 5.00,"ts": 1621.00,"name":"Dune__exe__T2.fib2","ph":"X"},
{"pid":2,"cat":"","tid": 3,"dur": 1.00,"ts": 1628.00,"name":"Dune__exe__T2.fib2","ph":"X"},
{"pid":2,"cat":"","tid": 3,"dur": 1.00,"ts": 1631.00,"name":"Dune__exe__T2.fib2","ph":"X"},
{"pid":2,"cat":"","tid": 3,"dur": 1.00,"ts": 1633.00,"name":"Dune__exe__T2.fib2","ph":"X"},
{"pid":2,"cat":"","tid": 3,"dur": 5.00,"ts": 1630.00,"name":"Dune__exe__T2.fib2","ph":"X"},
{"pid":2,"cat":"","tid": 3,"dur": 9.00,"ts": 1627.00,"name":"Dune__exe__T2.fib2","ph":"X"},
{"pid":2,"cat":"","tid": 3,"dur": 17.00,"ts": 1620.00,"name":"Dune__exe__T2.fib2","ph":"X"},
{"pid":2,"cat":"","tid": 3,"dur": 29.00,"ts": 1609.00,"name":"Dune__exe__T2.fib2","ph":"X"},
{"pid":2,"cat":"","tid": 3,"dur": 49.00,"ts": 1590.00,"name":"Dune__exe__T2.fib2","ph":"X"},
{"pid":2,"cat":"","tid": 3,"dur": 81.00,"ts": 1559.00,"name":"Dune__exe__T2.fib2","ph":"X"},
{"pid":2,"cat":"","tid": 3,"dur": 133.00,"ts": 1508.00,"name":"Dune__exe__T2.fib2","ph":"X"},
{"pid":2,"cat":"","tid": 3,"dur": 1.00,"ts": 1646.00,"name":"Dune__exe__T2.fib2","ph":"X"},
{"pid":2,"cat":"","tid": 3,"dur": 1.00,"ts": 1649.00,"name":"Dune__exe__T2.fib2","ph":"X"},
{"pid":2,"cat":"","tid": 3,"dur": 1.00,"ts": 1651.00,"name":"Dune__exe__T2.fib2","ph":"X"},
{"pid":2,"cat":"","tid": 3,"dur": 5.00,"ts": 1648.00,"name":"Dune__exe__T2.fib2","ph":"X"},
{"pid":2,"cat":"","tid": 3,"dur": 9.00,"ts": 1645.00,"name":"Dune__exe__T2.fib2","ph":"X"},
{"pid":2,"cat":"","tid": 3,"dur": 1.00,"ts": 1657.00,"name":"Dune__exe__T2.fib2","ph":"X"},
{"pid":2,"cat":"","tid": 3,"dur": 1.00,"ts": 1659.00,"name":"Dune__exe__T2.fib2","ph":"X"},
{"pid":2,"cat":"","tid": 3,"dur": 5.00,"ts": 1656.00,"name":"Dune__exe__T2.fib2","ph":"X"},
{"pid":2,"cat":"","tid": 3,"dur": 1.00,"ts": 1663.00,"name":"Dune__exe__T2.fib2","ph":"X"},
{"pid":2,"cat":"","tid": 3,"dur": 1.00,"ts": 1666.00,"name":"Dune__exe__T2.fib2","ph":"X"},
{"pid":2,"cat":"","tid": 3,"dur": 1.00,"ts": 1668.00,"name":"Dune__exe__T2.fib2","ph":"X"},
{"pid":2,"cat":"","tid": 3,"dur": 5.00,"ts": 1665.00,"name":"Dune__exe__T2.fib2","ph":"X"},
{"pid":2,"cat":"","tid": 3,"dur": 9.00,"ts": 1662.00,"name":"Dune__exe__T2.fib2","ph":"X"},
{"pid":2,"cat":"","tid": 3,"dur": 17.00,"ts": 1655.00,"name":"Dune__exe__T2.fib2","ph":"X"},
{"pid":2,"cat":"","tid": 3,"dur": 29.00,"ts": 1644.00,"name":"Dune__exe__T2.fib2","ph":"X"},
{"pid":2,"cat":"","tid": 3,"dur": 1.00,"ts": 1677.00,"name":"Dune__exe__T2.fib2","ph":"X"},
{"pid":2,"cat":"","tid": 3,"dur": 1.00,"ts": 1679.00,"name":"Dune__exe__T2.fib2","ph":"X"},
{"pid":2,"cat":"","tid": 3,"dur": 5.00,"ts": 1676.00,"name":"Dune__exe__T2.fib2","ph":"X"},
{"pid":2,"cat":"","tid": 3,"dur": 1.00,"ts": 1683.00,"name":"Dune__exe__T2.fib2","ph":"X"},
{"pid":2,"cat":"","tid": 3,"dur": 1.00,"ts": 1686.00,"name":"Dune__exe__T2.fib2","ph":"X"},
{"pid":2,"cat":"","tid": 3,"dur": 1.00,"ts": 1688.00,"name":"Dune__exe__T2.fib2","ph":"X"},
{"pid":2,"cat":"","tid": 3,"dur": 5.00,"ts": 1685.00,"name":"Dune__exe__T2.fib2","ph":"X"},
{"pid":2,"cat":"","tid": 3,"dur": 9.00,"ts": 1682.00,"name":"Dune__exe__T2.fib2","ph":"X"},
{"pid":2,"cat":"","tid": 3,"dur": 17.00,"ts": 1675.00,"name":"Dune__exe__T2.fib2","ph":"X"},
{"pid":2,"cat":"","tid": 3,"dur": 1.00,"ts": 1695.00,"name":"Dune__exe__T2.fib2","ph":"X"},
{"pid":2,"cat":"","tid": 3,"dur": 1.00,"ts": 1698.00,"name":"Dune__exe__T2.fib2","ph":"X"},
{"pid":2,"cat":"","tid": 3,"dur": 1.00,"ts": 1700.00,"name":"Dune__exe__T2.fib2","ph":"X"},
{"pid":2,"cat":"","tid": 3,"dur": 5.00,"ts": 1697.00,"name":"Dune__exe__T2.fib2","ph":"X"},
{"pid":2,"cat":"","tid": 3,"dur": 9.00,"ts": 1694.00,"name":"Dune__exe__T2.fib2","ph":"X"},
{"pid":2,"cat":"","tid": 3,"dur": 1.00,"ts": 1706.00,"name":"Dune__exe__T2.fib2","ph":"X"},
{"pid":2,"cat":"","tid": 3,"dur": 1.00,"ts": 1708.00,"name":"Dune__exe__T2.fib2","ph":"X"},
{"pid":2,"cat":"","tid": 3,"dur": 5.00,"ts": 1705.00,"name":"Dune__exe__T2.fib2","ph":"X"},
{"pid":2,"cat":"","tid": 3,"dur": 1.00,"ts": 1712.00,"name":"Dune__exe__T2.fib2","ph":"X"},
{"pid":2,"cat":"","tid": 3,"dur": 1.00,"ts": 1715.00,"name":"Dune__exe__T2.fib2","ph":"X"},
{"pid":2,"cat":"","tid": 3,"dur": 1.00,"ts": 1717.00,"name":"Dune__exe__T2.fib2","ph":"X"},
{"pid":2,"cat":"","tid": 3,"dur": 5.00,"ts": 1714.00,"name":"Dune__exe__T2.fib2","ph":"X"},
{"pid":2,"cat":"","tid": 3,"dur": 9.00,"ts": 1711.00,"name":"Dune__exe__T2.fib2","ph":"X"},
{"pid":2,"cat":"","tid": 3,"dur": 17.00,"ts": 1704.00,"name":"Dune__exe__T2.fib2","ph":"X"},
{"pid":2,"cat":"","tid": 3,"dur": 29.00,"ts": 1693.00,"name":"Dune__exe__T2.fib2","ph":"X"},
{"pid":2,"cat":"","tid": 3,"dur": 49.00,"ts": 1674.00,"name":"Dune__exe__T2.fib2","ph":"X"},
{"pid":2,"cat":"","tid": 3,"dur": 81.00,"ts": 1643.00,"name":"Dune__exe__T2.fib2","ph":"X"},
{"pid":2,"cat":"","tid": 3,"dur": 1.00,"ts": 1729.00,"name":"Dune__exe__T2.fib2","ph":"X"},
{"pid":2,"cat":"","tid": 3,"dur": 1.00,"ts": 1731.00,"name":"Dune__exe__T2.fib2","ph":"X"},
{"pid":2,"cat":"","tid": 3,"dur": 5.00,"ts": 1728.00,"name":"Dune__exe__T2.fib2","ph":"X"},
{"pid":2,"cat":"","tid": 3,"dur": 1.00,"ts": 1735.00,"name":"Dune__exe__T2.fib2","ph":"X"},
{"pid":2,"cat":"","tid": 3,"dur": 1.00,"ts": 1738.00,"name":"Dune__exe__T2.fib2","ph":"X"},
{"pid":2,"cat":"","tid": 3,"dur": 1.00,"ts": 1740.00,"name":"Dune__exe__T2.fib2","ph":"X"},
{"pid":2,"cat":"","tid": 3,"dur": 5.00,"ts": 1737.00,"name":"Dune__exe__T2.fib2","ph":"X"},
{"pid":2,"cat":"","tid": 3,"dur": 9.00,"ts": 1734.00,"name":"Dune__exe__T2.fib2","ph":"X"},
{"pid":2,"cat":"","tid": 3,"dur": 17.00,"ts": 1727.00,"name":"Dune__exe__T2.fib2","ph":"X"},
{"pid":2,"cat":"","tid": 3,"dur": 1.00,"ts": 1747.00,"name":"Dune__exe__T2.fib2","ph":"X"},
{"pid":2,"cat":"","tid": 3,"dur": 1.00,"ts": 1750.00,"name":"Dune__exe__T2.fib2","ph":"X"},
{"pid":2,"cat":"","tid": 3,"dur": 1.00,"ts": 1752.00,"name":"Dune__exe__T2.fib2","ph":"X"},
{"pid":2,"cat":"","tid": 3,"dur": 5.00,"ts": 1749.00,"name":"Dune__exe__T2.fib2","ph":"X"},
{"pid":2,"cat":"","tid": 3,"dur": 9.00,"ts": 1746.00,"name":"Dune__exe__T2.fib2","ph":"X"},
{"pid":2,"cat":"","tid": 3,"dur": 1.00,"ts": 1758.00,"name":"Dune__exe__T2.fib2","ph":"X"},
{"pid":2,"cat":"","tid": 3,"dur": 1.00,"ts": 1760.00,"name":"Dune__exe__T2.fib2","ph":"X"},
{"pid":2,"cat":"","tid": 3,"dur": 5.00,"ts": 1757.00,"name":"Dune__exe__T2.fib2","ph":"X"},
{"pid":2,"cat":"","tid": 3,"dur": 1.00,"ts": 1764.00,"name":"Dune__exe__T2.fib2","ph":"X"},
{"pid":2,"cat":"","tid": 3,"dur": 1.00,"ts": 1767.00,"name":"Dune__exe__T2.fib2","ph":"X"},
{"pid":2,"cat":"","tid": 3,"dur": 1.00,"ts": 1769.00,"name":"Dune__exe__T2.fib2","ph":"X"},
{"pid":2,"cat":"","tid": 3,"dur": 5.00,"ts": 1766.00,"name":"Dune__exe__T2.fib2","ph":"X"},
{"pid":2,"cat":"","tid": 3,"dur": 9.00,"ts": 1763.00,"name":"Dune__exe__T2.fib2","ph":"X"},
{"pid":2,"cat":"","tid": 3,"dur": 17.00,"ts": 1756.00,"name":"Dune__exe__T2.fib2","ph":"X"},
{"pid":2,"cat":"","tid": 3,"dur": 29.00,"ts": 1745.00,"name":"Dune__exe__T2.fib2","ph":"X"},
{"pid":2,"cat":"","tid": 3,"dur": 49.00,"ts": 1726.00,"name":"Dune__exe__T2.fib2","ph":"X"},
{"pid":2,"cat":"","tid": 3,"dur": 1.00,"ts": 1779.00,"name":"Dune__exe__T2.fib2","ph":"X"},
{"pid":2,"cat":"","tid": 3,"dur": 1.00,"ts": 1782.00,"name":"Dune__exe__T2.fib2","ph":"X"},
{"pid":2,"cat":"","tid": 3,"dur": 1.00,"ts": 1784.00,"name":"Dune__exe__T2.fib2","ph":"X"},
{"pid":2,"cat":"","tid": 3,"dur": 5.00,"ts": 1781.00,"name":"Dune__exe__T2.fib2","ph":"X"},
{"pid":2,"cat":"","tid": 3,"dur": 9.00,"ts": 1778.00,"name":"Dune__exe__T2.fib2","ph":"X"},
{"pid":2,"cat":"","tid": 3,"dur": 1.00,"ts": 1790.00,"name":"Dune__exe__T2.fib2","ph":"X"},
{"pid":2,"cat":"","tid": 3,"dur": 1.00,"ts": 1792.00,"name":"Dune__exe__T2.fib2","ph":"X"},
{"pid":2,"cat":"","tid": 3,"dur": 5.00,"ts": 1789.00,"name":"Dune__exe__T2.fib2","ph":"X"},
{"pid":2,"cat":"","tid": 3,"dur": 1.00,"ts": 1796.00,"name":"Dune__exe__T2.fib2","ph":"X"},
{"pid":2,"cat":"","tid": 3,"dur": 1.00,"ts": 1799.00,"name":"Dune__exe__T2.fib2","ph":"X"},
{"pid":2,"cat":"","tid": 3,"dur": 1.00,"ts": 1801.00,"name":"Dune__exe__T2.fib2","ph":"X"},
{"pid":2,"cat":"","tid": 3,"dur": 5.00,"ts": 1798.00,"name":"Dune__exe__T2.fib2","ph":"X"},
{"pid":2,"cat":"","tid": 3,"dur": 9.00,"ts": 1795.00,"name":"Dune__exe__T2.fib2","ph":"X"},
{"pid":2,"cat":"","tid": 3,"dur": 17.00,"ts": 1788.00,"name":"Dune__exe__T2.fib2","ph":"X"},
{"pid":2,"cat":"","tid": 3,"dur": 29.00,"ts": 1777.00,"name":"Dune__exe__T2.fib2","ph":"X"},
{"pid":2,"cat":"","tid": 3,"dur": 1.00,"ts": 1810.00,"name":"Dune__exe__T2.fib2","ph":"X"},
{"pid":2,"cat":"","tid": 3,"dur": 1.00,"ts": 1812.00,"name":"Dune__exe__T2.fib2","ph":"X"},
{"pid":2,"cat":"","tid": 3,"dur": 5.00,"ts": 1809.00,"name":"Dune__exe__T2.fib2","ph":"X"},
{"pid":2,"cat":"","tid": 3,"dur": 1.00,"ts": 1816.00,"name":"Dune__exe__T2.fib2","ph":"X"},
{"pid":2,"cat":"","tid": 3,"dur": 1.00,"ts": 1819.00,"name":"Dune__exe__T2.fib2","ph":"X"},
{"pid":2,"cat":"","tid": 3,"dur": 1.00,"ts": 1821.00,"name":"Dune__exe__T2.fib2","ph":"X"},
{"pid":2,"cat":"","tid": 3,"dur": 5.00,"ts": 1818.00,"name":"Dune__exe__T2.fib2","ph":"X"},
{"pid":2,"cat":"","tid": 3,"dur": 9.00,"ts": 1815.00,"name":"Dune__exe__T2.fib2","ph":"X"},
{"pid":2,"cat":"","tid": 3,"dur": 17.00,"ts": 1808.00,"name":"Dune__exe__T2.fib2","ph":"X"},
{"pid":2,"cat":"","tid": 3,"dur": 1.00,"ts": 1828.00,"name":"Dune__exe__T2.fib2","ph":"X"},
{"pid":2,"cat":"","tid": 3,"dur": 1.00,"ts": 1831.00,"name":"Dune__exe__T2.fib2","ph":"X"},
{"pid":2,"cat":"","tid": 3,"dur": 1.00,"ts": 1833.00,"name":"Dune__exe__T2.fib2","ph":"X"},
{"pid":2,"cat":"","tid": 3,"dur": 5.00,"ts": 1830.00,"name":"Dune__exe__T2.fib2","ph":"X"},
{"pid":2,"cat":"","tid": 3,"dur": 9.00,"ts": 1827.00,"name":"Dune__exe__T2.fib2","ph":"X"},
{"pid":2,"cat":"","tid": 3,"dur": 1.00,"ts": 1839.00,"name":"Dune__exe__T2.fib2","ph":"X"},
{"pid":2,"cat":"","tid": 3,"dur": 1.00,"ts": 1841.00,"name":"Dune__exe__T2.fib2","ph":"X"},
{"pid":2,"cat":"","tid": 3,"dur": 5.00,"ts": 1838.00,"name":"Dune__exe__T2.fib2","ph":"X"},
{"pid":2,"cat":"","tid": 3,"dur": 1.00,"ts": 1845.00,"name":"Dune__exe__T2.fib2","ph":"X"},
{"pid":2,"cat":"","tid": 3,"dur": 1.00,"ts": 1848.00,"name":"Dune__exe__T2.fib2","ph":"X"},
{"pid":2,"cat":"","tid": 3,"dur": 1.00,"ts": 1850.00,"name":"Dune__exe__T2.fib2","ph":"X"},
{"pid":2,"cat":"","tid": 3,"dur": 5.00,"ts": 1847.00,"name":"Dune__exe__T2.fib2","ph":"X"},
{"pid":2,"cat":"","tid": 3,"dur": 9.00,"ts": 1844.00,"name":"Dune__exe__T2.fib2","ph":"X"},
{"pid":2,"cat":"","tid": 3,"dur": 17.00,"ts": 1837.00,"name":"Dune__exe__T2.fib2","ph":"X"},
{"pid":2,"cat":"","tid": 3,"dur": 29.00,"ts": 1826.00,"name":"Dune__exe__T2.fib2","ph":"X"},
{"pid":2,"cat":"","tid": 3,"dur": 49.00,"ts": 1807.00,"name":"Dune__exe__T2.fib2","ph":"X"},
{"pid":2,"cat":"","tid": 3,"dur": 81.00,"ts": 1776.00,"name":"Dune__exe__T2.fib2","ph":"X"},
{"pid":2,"cat":"","tid": 3,"dur": 133.00,"ts": 1725.00,"name":"Dune__exe__T2.fib2","ph":"X"},
{"pid":2,"cat":"","tid": 3,"dur": 217.00,"ts": 1642.00,"name":"Dune__exe__T2.fib2","ph":"X"},
{"pid":2,"cat":"","tid": 3,"dur": 353.00,"ts": 1507.00,"name":"Dune__exe__T2.fib2","ph":"X"},
{"pid":2,"cat":"","tid": 3,"dur": 573.00,"ts": 1288.00,"name":"Dune__exe__T2.fib2","ph":"X"},
{"pid":2,"cat":"","tid": 3,"dur": 929.00,"ts": 933.00,"name":"Dune__exe__T2.fib2","ph":"X"}]